2022-02-10 19:57:26.244758+00:00> ConnectUnity
2022-02-10 19:57:26.245760+00:00> Connected
2022-02-10 19:57:26.246760+00:00> SendPID
2022-02-10 19:57:26.252758+00:00> GetPID
2022-02-10 19:59:55.830570+00:00> ConnectUnity
2022-02-10 19:59:55.830570+00:00> Connected
2022-02-10 19:59:55.831571+00:00> SendPID
2022-02-10 19:59:55.836085+00:00> GetPID
2022-02-10 19:59:55.836085+00:00> init_mp
2022-02-10 20:01:56.816790+00:00> ConnectUnity
2022-02-10 20:01:56.817790+00:00> Connected
2022-02-10 20:01:56.817790+00:00> SendPID
2022-02-10 20:01:56.822820+00:00> GetPID
2022-02-10 20:01:56.822820+00:00> init_mp
2022-02-10 20:04:48.889538+00:00> ConnectUnity
2022-02-10 20:04:48.889538+00:00> Connected
2022-02-10 20:04:48.890539+00:00> SendPID
2022-02-10 20:04:48.895539+00:00> GetPID
2022-02-10 20:04:48.895539+00:00> init_mp
2022-02-10 20:04:48.895539+00:00> set mp_hands
2022-02-10 20:07:25.358177+00:00> ConnectUnity
2022-02-10 20:07:25.359204+00:00> Connected
2022-02-10 20:07:25.359204+00:00> SendPID
2022-02-10 20:07:25.363203+00:00> GetPID
2022-02-10 20:07:25.364178+00:00> init_mp
2022-02-10 20:07:25.364178+00:00> set mp_hands
2022-02-10 20:07:25.364178+00:00> set hands
2022-02-10 22:37:35.267855+00:00> ConnectUnity
2022-02-10 22:37:35.267855+00:00> Connected
2022-02-10 22:37:35.268854+00:00> SendPID
2022-02-10 22:37:35.272895+00:00> GetPID
2022-02-10 22:37:35.272895+00:00> init_mp
2022-02-10 22:37:35.272895+00:00> set mp_hands
2022-02-10 22:37:35.272895+00:00> set hands
2022-02-10 22:37:35.281855+00:00> end set hands
2022-02-10 22:37:35.281855+00:00> set camera
2022-02-10 22:37:36.097047+00:00> end set camera
2022-02-10 22:37:36.097047+00:00> End init_mp
2022-02-10 22:37:36.097047+00:00> GetHands
2022-02-10 22:37:37.058590+00:00> GetHands
2022-02-10 22:37:37.624611+00:00> GetHands
2022-02-10 22:37:38.158169+00:00> GetHands
2022-02-10 22:37:38.703122+00:00> GetHands
2022-02-10 22:37:39.259367+00:00> GetHands
2022-02-10 22:37:39.797547+00:00> GetHands
2022-02-10 22:37:40.344711+00:00> GetHands
2022-02-10 22:37:40.881550+00:00> GetHands
2022-02-10 22:37:41.421310+00:00> GetHands
2022-02-10 22:37:41.954696+00:00> GetHands
2022-02-10 22:37:42.500893+00:00> GetHands
2022-02-10 22:37:43.038748+00:00> GetHands
2022-02-10 22:37:43.578876+00:00> GetHands
2022-02-10 22:38:29.151229+00:00> ConnectUnity
2022-02-10 22:38:29.152261+00:00> Connected
2022-02-10 22:38:29.152261+00:00> SendPID
2022-02-10 22:38:29.156234+00:00> GetPID
2022-02-10 22:38:29.157232+00:00> init_mp
2022-02-10 22:38:29.157232+00:00> set mp_hands
2022-02-10 22:38:29.157232+00:00> set hands
2022-02-10 22:38:29.165232+00:00> end set hands
2022-02-10 22:38:29.165232+00:00> set camera
2022-02-10 22:38:29.967556+00:00> end set camera
2022-02-10 22:38:29.967556+00:00> End init_mp
2022-02-10 22:38:29.967556+00:00> GetHands
2022-02-10 22:38:30.971248+00:00> GetHands
2022-02-10 22:38:31.504317+00:00> GetHands
2022-02-10 22:38:32.041111+00:00> GetHands
2022-02-10 22:38:32.594081+00:00> GetHands
2022-02-10 22:38:33.132028+00:00> GetHands
2022-02-10 22:38:33.682376+00:00> GetHands
2022-02-10 22:38:34.222749+00:00> GetHands
2022-02-10 22:38:34.750839+00:00> GetHands
2022-02-10 22:38:35.286951+00:00> GetHands
2022-02-10 22:38:35.822529+00:00> GetHands
2022-02-10 22:38:36.360320+00:00> GetHands
2022-02-10 22:38:36.898098+00:00> GetHands
2022-02-10 22:38:37.433410+00:00> GetHands
2022-02-10 22:38:37.971405+00:00> GetHands
2022-02-10 22:38:38.507524+00:00> GetHands
2022-02-10 22:38:39.046362+00:00> GetHands
2022-02-10 22:38:39.583998+00:00> GetHands
2022-02-10 22:38:40.125460+00:00> GetHands
2022-02-10 22:38:40.660969+00:00> GetHands
2022-02-10 22:38:41.205772+00:00> GetHands
2022-02-10 22:38:41.753040+00:00> GetHands
2022-02-10 22:38:42.291032+00:00> GetHands
2022-02-10 22:38:42.832591+00:00> GetHands
2022-02-10 22:38:43.375220+00:00> GetHands
2022-02-10 22:38:43.911495+00:00> GetHands
2022-02-10 22:38:44.450943+00:00> GetHands
2022-02-10 22:38:44.986579+00:00> GetHands
2022-02-10 22:38:45.522804+00:00> GetHands
2022-02-10 22:38:46.089182+00:00> GetHands
2022-02-10 22:38:46.639291+00:00> GetHands
2022-02-10 23:06:01.914645+00:00> ConnectUnity
2022-02-10 23:06:01.915261+00:00> Connected
2022-02-10 23:06:01.915261+00:00> SendPID
2022-02-10 23:06:01.920204+00:00> GetPID
2022-02-10 23:06:01.920204+00:00> init_mp
2022-02-10 23:06:01.920204+00:00> set mp_hands
2022-02-10 23:06:01.920204+00:00> set hands
2022-02-10 23:06:01.928205+00:00> end set hands
2022-02-10 23:06:01.929222+00:00> set camera
2022-02-10 23:06:02.772962+00:00> end set camera
2022-02-10 23:06:02.772962+00:00> End init_mp
2022-02-10 23:06:02.772962+00:00> GetHands
2022-02-10 23:06:03.747473+00:00> GetHands
2022-02-10 23:06:04.289452+00:00> GetHands
2022-02-10 23:06:04.817513+00:00> GetHands
2022-02-10 23:06:05.381592+00:00> GetHands
2022-02-10 23:06:05.925289+00:00> GetHands
2022-02-10 23:06:06.472470+00:00> GetHands
2022-02-10 23:06:07.003953+00:00> GetHands
2022-02-10 23:06:07.550399+00:00> GetHands
2022-02-10 23:06:08.096064+00:00> GetHands
2022-02-10 23:06:08.641606+00:00> GetHands
2022-02-10 23:06:09.184782+00:00> GetHands
2022-02-10 23:06:09.716282+00:00> GetHands
2022-02-10 23:06:10.262093+00:00> GetHands
2022-02-10 23:06:10.803843+00:00> GetHands
2022-02-10 23:06:11.347810+00:00> GetHands
2022-02-10 23:06:11.891169+00:00> GetHands
2022-02-10 23:06:12.434969+00:00> GetHands
2022-02-10 23:06:12.978811+00:00> GetHands
2022-02-10 23:06:13.521307+00:00> GetHands
2022-02-10 23:06:14.053732+00:00> GetHands
2022-02-10 23:06:14.585236+00:00> GetHands
2022-02-10 23:06:15.128706+00:00> GetHands
2022-02-10 23:06:15.671932+00:00> GetHands
2022-02-10 23:06:16.218822+00:00> GetHands
2022-02-10 23:06:16.764852+00:00> GetHands
2022-02-10 23:06:17.309605+00:00> GetHands
2022-02-10 23:06:17.867497+00:00> GetHands
2022-02-10 23:06:18.415675+00:00> GetHands
2022-02-10 23:06:18.962173+00:00> GetHands
2022-02-10 23:06:19.507743+00:00> GetHands
2022-02-10 23:06:20.039179+00:00> GetHands
2022-02-10 23:06:20.583945+00:00> GetHands
2022-02-10 23:06:21.142882+00:00> GetHands
2022-02-10 23:06:21.687490+00:00> GetHands
2022-02-10 23:06:22.219949+00:00> GetHands
2022-02-10 23:06:22.763742+00:00> GetHands
2022-02-10 23:07:35.217102+00:00> ConnectUnity
2022-02-10 23:07:35.218101+00:00> Connected
2022-02-10 23:07:35.219101+00:00> SendPID
2022-02-10 23:07:35.223103+00:00> GetPID
2022-02-10 23:07:35.223103+00:00> init_mp
2022-02-10 23:07:35.223103+00:00> set mp_hands
2022-02-10 23:07:35.223103+00:00> set hands
2022-02-10 23:07:35.231102+00:00> end set hands
2022-02-10 23:07:35.231102+00:00> set camera
2022-02-10 23:07:36.028582+00:00> end set camera
2022-02-10 23:07:36.028582+00:00> End init_mp
2022-02-10 23:07:36.028582+00:00> GetHands
2022-02-10 23:07:37.078125+00:00> GetHands
2022-02-10 23:07:37.625296+00:00> GetHands
2022-02-10 23:07:38.174717+00:00> GetHands
2022-02-10 23:07:38.708214+00:00> GetHands
2022-02-10 23:07:39.244267+00:00> GetHands
2022-02-10 23:07:39.793348+00:00> GetHands
2022-02-10 23:07:40.340261+00:00> GetHands
2022-02-10 23:07:40.888648+00:00> GetHands
2022-02-10 23:07:41.434750+00:00> GetHands
2022-02-10 23:07:41.982509+00:00> GetHands
2022-02-10 23:07:42.519191+00:00> GetHands
2022-02-10 23:07:43.051237+00:00> GetHands
2022-02-10 23:07:43.592288+00:00> GetHands
2022-02-10 23:07:44.130171+00:00> GetHands
2022-02-10 23:07:44.666172+00:00> GetHands
2022-02-10 23:07:45.203096+00:00> GetHands
2022-02-10 23:07:45.735433+00:00> GetHands
2022-02-10 23:07:46.273882+00:00> GetHands
2022-02-10 23:07:46.808387+00:00> GetHands
2022-02-10 23:07:47.343109+00:00> GetHands
2022-02-10 23:07:47.894101+00:00> GetHands
2022-02-10 23:08:13.881293+00:00> ConnectUnity
2022-02-10 23:08:13.882260+00:00> Connected
2022-02-10 23:08:13.882260+00:00> SendPID
2022-02-10 23:08:13.886260+00:00> GetPID
2022-02-10 23:08:13.886260+00:00> init_mp
2022-02-10 23:08:13.886260+00:00> set mp_hands
2022-02-10 23:08:13.886260+00:00> set hands
2022-02-10 23:08:13.894574+00:00> end set hands
2022-02-10 23:08:13.894574+00:00> set camera
2022-02-10 23:08:14.656911+00:00> end set camera
2022-02-10 23:08:14.656911+00:00> End init_mp
2022-02-10 23:08:14.656911+00:00> GetHands
2022-02-10 23:08:15.609018+00:00> GetHands
2022-02-10 23:08:16.142160+00:00> GetHands
2022-02-10 23:08:16.674090+00:00> GetHands
2022-02-10 23:08:17.219690+00:00> GetHands
2022-02-10 23:08:17.763068+00:00> GetHands
2022-02-10 23:08:18.308593+00:00> GetHands
2022-02-10 23:09:06.002814+00:00> ConnectUnity
2022-02-10 23:09:06.002814+00:00> Connected
2022-02-10 23:09:06.003814+00:00> SendPID
2022-02-10 23:09:06.007813+00:00> GetPID
2022-02-10 23:09:06.007813+00:00> init_mp
2022-02-10 23:09:06.007813+00:00> set mp_hands
2022-02-10 23:09:06.007813+00:00> set hands
2022-02-10 23:09:06.015813+00:00> end set hands
2022-02-10 23:09:06.015813+00:00> set camera
2022-02-10 23:09:06.876141+00:00> end set camera
2022-02-10 23:09:06.876141+00:00> End init_mp
2022-02-10 23:09:06.876141+00:00> GetHands
2022-02-10 23:09:07.995583+00:00> GetHands
2022-02-10 23:09:08.541759+00:00> GetHands
2022-02-10 23:09:09.073487+00:00> GetHands
2022-02-10 23:09:09.610756+00:00> GetHands
2022-02-10 23:09:10.144851+00:00> GetHands
2022-02-10 23:09:10.678093+00:00> GetHands
2022-02-10 23:09:11.215184+00:00> GetHands
2022-02-10 23:09:11.756693+00:00> GetHands
2022-02-10 23:09:12.291536+00:00> GetHands
2022-02-10 23:15:10.297449+00:00> ConnectUnity
2022-02-10 23:15:10.298420+00:00> Connected
2022-02-10 23:15:10.298420+00:00> SendPID
2022-02-10 23:15:10.302422+00:00> GetPID
2022-02-10 23:15:10.302422+00:00> init_mp
2022-02-10 23:15:10.302422+00:00> set mp_hands
2022-02-10 23:15:10.302422+00:00> set hands
2022-02-10 23:15:10.310881+00:00> end set hands
2022-02-10 23:15:10.310881+00:00> set camera
2022-02-10 23:15:11.218606+00:00> end set camera
2022-02-10 23:15:11.218606+00:00> End init_mp
2022-02-10 23:15:11.218606+00:00> GetHands
2022-02-10 23:15:12.181453+00:00> GetHands
2022-02-10 23:15:12.729861+00:00> GetHands
2022-02-10 23:15:13.261114+00:00> GetHands
2022-02-10 23:15:13.856667+00:00> GetHands
2022-02-10 23:15:14.388328+00:00> GetHands
2022-02-10 23:15:14.934311+00:00> GetHands
2022-02-10 23:15:15.468672+00:00> GetHands
2022-02-10 23:15:15.999290+00:00> GetHands
2022-02-10 23:15:16.529084+00:00> GetHands
2022-02-10 23:15:17.061590+00:00> GetHands
2022-02-10 23:15:17.603978+00:00> GetHands
2022-02-10 23:15:18.148480+00:00> GetHands
2022-02-10 23:15:18.678575+00:00> GetHands
2022-02-10 23:15:19.210051+00:00> GetHands
2022-02-10 23:15:19.751256+00:00> GetHands
2022-02-10 23:15:20.283106+00:00> GetHands
2022-02-10 23:15:20.812284+00:00> GetHands
2022-02-10 23:15:21.341839+00:00> GetHands
2022-02-10 23:15:21.885806+00:00> GetHands
2022-02-10 23:15:22.429675+00:00> GetHands
2022-02-10 23:15:22.963006+00:00> GetHands
2022-02-10 23:15:23.508520+00:00> GetHands
2022-02-10 23:15:24.043067+00:00> GetHands
2022-02-10 23:15:24.587333+00:00> GetHands
2022-02-10 23:15:25.131066+00:00> GetHands
2022-02-10 23:15:25.676809+00:00> GetHands
2022-02-10 23:15:26.223118+00:00> GetHands
2022-02-10 23:15:26.768522+00:00> GetHands
2022-02-10 23:15:27.309877+00:00> GetHands
2022-02-10 23:15:27.854739+00:00> GetHands
2022-02-10 23:15:28.400468+00:00> GetHands
2022-02-10 23:15:28.928488+00:00> GetHands
2022-02-10 23:15:29.475084+00:00> GetHands
2022-02-10 23:15:30.020920+00:00> GetHands
2022-02-10 23:15:30.567859+00:00> GetHands
2022-02-10 23:15:31.097354+00:00> GetHands
2022-02-10 23:15:31.629907+00:00> GetHands
2022-02-10 23:15:32.171991+00:00> GetHands
2022-02-10 23:15:32.707147+00:00> GetHands
2022-02-10 23:15:33.247272+00:00> GetHands
2022-02-10 23:15:33.793506+00:00> GetHands
2022-02-10 23:15:34.323453+00:00> GetHands
2022-02-10 23:15:34.869116+00:00> GetHands
2022-02-10 23:15:35.410304+00:00> GetHands
2022-02-10 23:15:35.954138+00:00> GetHands
2022-02-10 23:15:36.500965+00:00> GetHands
2022-02-10 23:15:37.032764+00:00> GetHands
2022-02-10 23:15:37.565412+00:00> GetHands
2022-02-10 23:15:38.122224+00:00> GetHands
2022-02-10 23:15:38.665399+00:00> GetHands
2022-02-10 23:15:39.209898+00:00> GetHands
2022-02-10 23:15:39.742819+00:00> GetHands
2022-02-10 23:15:40.284794+00:00> GetHands
2022-02-10 23:15:40.833983+00:00> GetHands
2022-02-10 23:15:41.375864+00:00> GetHands
2022-02-10 23:15:41.933453+00:00> GetHands
2022-02-10 23:15:42.460762+00:00> GetHands
2022-02-10 23:15:42.993983+00:00> GetHands
2022-02-10 23:15:43.537159+00:00> GetHands
2022-02-10 23:15:44.098331+00:00> GetHands
2022-02-10 23:15:44.626809+00:00> GetHands
2022-02-10 23:15:45.158644+00:00> GetHands
2022-02-10 23:15:45.706861+00:00> GetHands
2022-02-10 23:15:46.248994+00:00> GetHands
2022-02-10 23:15:46.795143+00:00> GetHands
2022-02-10 23:15:47.329824+00:00> GetHands
2022-02-10 23:15:47.877906+00:00> GetHands
2022-02-10 23:15:48.419774+00:00> GetHands
2022-02-10 23:15:48.959315+00:00> GetHands
2022-02-10 23:15:49.493099+00:00> GetHands
2022-02-10 23:15:50.037081+00:00> GetHands
2022-02-10 23:15:50.579828+00:00> GetHands
2022-02-10 23:15:51.125154+00:00> GetHands
2022-02-10 23:15:51.670130+00:00> GetHands
2022-02-10 23:15:52.214201+00:00> GetHands
2022-02-10 23:15:52.745774+00:00> GetHands
2022-02-10 23:15:53.290790+00:00> GetHands
2022-02-10 23:15:53.822003+00:00> GetHands
2022-02-10 23:15:54.349103+00:00> GetHands
2022-02-10 23:15:54.881968+00:00> GetHands
2022-02-10 23:15:55.429478+00:00> GetHands
2022-02-10 23:15:55.973512+00:00> GetHands
2022-02-10 23:15:56.506646+00:00> GetHands
2022-02-10 23:15:57.054062+00:00> GetHands
2022-02-10 23:15:57.597572+00:00> GetHands
2022-02-10 23:15:58.141150+00:00> GetHands
2022-02-10 23:15:58.687065+00:00> GetHands
2022-02-10 23:15:59.232129+00:00> GetHands
2022-02-10 23:15:59.783528+00:00> GetHands
2022-02-10 23:16:00.314803+00:00> GetHands
2022-02-10 23:16:00.859737+00:00> GetHands
2022-02-10 23:16:01.405682+00:00> GetHands
2022-02-10 23:16:01.942714+00:00> GetHands
2022-02-10 23:16:02.483760+00:00> GetHands
2022-02-10 23:16:03.029633+00:00> GetHands
2022-02-10 23:16:03.572089+00:00> GetHands
2022-02-10 23:16:04.115030+00:00> GetHands
2022-02-10 23:16:04.647091+00:00> GetHands
2022-02-10 23:16:05.190914+00:00> GetHands
2022-02-10 23:16:05.737717+00:00> GetHands
2022-02-10 23:16:06.282142+00:00> GetHands
2022-02-10 23:16:06.827038+00:00> GetHands
2022-02-10 23:16:07.359500+00:00> GetHands
2022-02-10 23:16:07.905865+00:00> GetHands
2022-02-10 23:16:08.466588+00:00> GetHands
2022-02-10 23:16:09.016038+00:00> GetHands
2022-02-10 23:16:09.556640+00:00> GetHands
2022-02-10 23:16:10.088672+00:00> GetHands
2022-02-10 23:16:10.624066+00:00> GetHands
2022-02-10 23:16:11.156576+00:00> GetHands
2022-02-10 23:16:11.711220+00:00> GetHands
2022-02-10 23:16:12.246800+00:00> GetHands
2022-02-10 23:16:12.778256+00:00> GetHands
2022-02-10 23:16:13.319326+00:00> GetHands
2022-02-10 23:16:13.865552+00:00> GetHands
2022-02-10 23:16:14.411700+00:00> GetHands
2022-02-10 23:16:14.957898+00:00> GetHands
2022-02-10 23:16:15.491356+00:00> GetHands
2022-02-10 23:16:16.042091+00:00> GetHands
2022-02-10 23:16:16.585935+00:00> GetHands
2022-02-10 23:16:17.117619+00:00> GetHands
2022-02-10 23:16:17.662475+00:00> GetHands
2022-02-10 23:16:18.209615+00:00> GetHands
2022-02-10 23:16:18.753566+00:00> GetHands
2022-02-10 23:16:19.299094+00:00> GetHands
2022-02-10 23:16:19.844351+00:00> GetHands
2022-02-10 23:16:20.386578+00:00> GetHands
2022-02-10 23:16:20.919972+00:00> GetHands
2022-02-10 23:16:21.464990+00:00> GetHands
2022-02-10 23:16:22.002283+00:00> GetHands
2022-02-10 23:16:22.536361+00:00> GetHands
2022-02-10 23:16:23.072515+00:00> GetHands
2022-02-10 23:16:23.606352+00:00> GetHands
2022-02-10 23:16:24.150789+00:00> GetHands
2022-02-10 23:16:24.696187+00:00> GetHands
2022-02-10 23:16:25.229374+00:00> GetHands
2022-02-10 23:16:25.775324+00:00> GetHands
2022-02-10 23:16:26.310320+00:00> GetHands
2022-02-10 23:16:26.851484+00:00> GetHands
2022-02-10 23:16:27.397437+00:00> GetHands
2022-02-10 23:16:27.955471+00:00> GetHands
2022-02-10 23:16:28.499661+00:00> GetHands
2022-02-10 23:16:29.048509+00:00> GetHands
2022-02-10 23:16:29.590262+00:00> GetHands
2022-02-10 23:16:30.128327+00:00> GetHands
2022-02-10 23:16:30.666312+00:00> GetHands
2022-02-10 23:16:31.198651+00:00> GetHands
2022-02-10 23:16:31.756763+00:00> GetHands
2022-02-10 23:16:32.298143+00:00> GetHands
2022-02-10 23:16:32.835916+00:00> GetHands
2022-02-10 23:16:33.371869+00:00> GetHands
2022-02-10 23:16:33.915563+00:00> GetHands
2022-02-10 23:16:34.450631+00:00> GetHands
2022-02-10 23:16:34.984805+00:00> GetHands
2022-02-10 23:16:35.518330+00:00> GetHands
2022-02-10 23:16:36.061588+00:00> GetHands
2022-02-10 23:16:36.593953+00:00> GetHands
2022-02-10 23:16:37.134199+00:00> GetHands
2022-02-10 23:16:37.680274+00:00> GetHands
2022-02-10 23:16:38.226143+00:00> GetHands
2022-02-10 23:16:38.772579+00:00> GetHands
2022-02-10 23:16:39.332110+00:00> GetHands
2022-02-10 23:16:39.894295+00:00> GetHands
2022-02-10 23:16:40.424671+00:00> GetHands
2022-02-10 23:16:40.952051+00:00> GetHands
2022-02-10 23:16:41.498046+00:00> GetHands
2022-02-10 23:16:42.029802+00:00> GetHands
2022-02-10 23:16:42.565124+00:00> GetHands
2022-02-10 23:16:43.096726+00:00> GetHands
2022-02-10 23:16:43.642719+00:00> GetHands
2022-02-10 23:16:44.185866+00:00> GetHands
2022-02-10 23:16:44.724461+00:00> GetHands
2022-02-10 23:16:45.270823+00:00> GetHands
2022-02-10 23:16:45.814752+00:00> GetHands
2022-02-10 23:16:46.360392+00:00> GetHands
2022-02-10 23:16:46.905500+00:00> GetHands
2022-02-10 23:16:47.437031+00:00> GetHands
2022-02-10 23:16:47.982767+00:00> GetHands
2022-02-10 23:16:48.517065+00:00> GetHands
2022-02-10 23:16:49.047376+00:00> GetHands
2022-02-10 23:16:49.590936+00:00> GetHands
2022-02-10 23:16:50.135817+00:00> GetHands
2022-02-10 23:16:50.673789+00:00> GetHands
2022-02-10 23:16:51.219249+00:00> GetHands
2022-02-10 23:16:51.766164+00:00> GetHands
2022-02-10 23:16:52.312635+00:00> GetHands
2022-02-10 23:16:52.848494+00:00> GetHands
2022-02-10 23:16:53.383182+00:00> GetHands
2022-02-10 23:16:53.928920+00:00> GetHands
2022-02-10 23:16:54.462612+00:00> GetHands
2022-02-10 23:16:55.006238+00:00> GetHands
2022-02-10 23:16:55.553250+00:00> GetHands
2022-02-10 23:16:56.099413+00:00> GetHands
2022-02-10 23:16:56.644095+00:00> GetHands
2022-02-10 23:16:57.188931+00:00> GetHands
2022-02-10 23:16:57.729557+00:00> GetHands
2022-02-10 23:16:58.275366+00:00> GetHands
2022-02-10 23:16:58.821455+00:00> GetHands
2022-02-10 23:16:59.366829+00:00> GetHands
2022-02-10 23:16:59.901321+00:00> GetHands
2022-02-10 23:17:00.434520+00:00> GetHands
2022-02-10 23:17:00.972435+00:00> GetHands
2022-02-10 23:17:01.517291+00:00> GetHands
2022-02-10 23:17:02.053290+00:00> GetHands
2022-02-10 23:17:02.586164+00:00> GetHands
2022-02-10 23:17:03.120870+00:00> GetHands
2022-02-10 23:17:03.652230+00:00> GetHands
2022-02-10 23:17:04.197731+00:00> GetHands
2022-02-10 23:17:04.743822+00:00> GetHands
2022-02-10 23:17:05.286053+00:00> GetHands
2022-02-10 23:17:05.826646+00:00> GetHands
2022-02-10 23:17:06.373070+00:00> GetHands
2022-02-10 23:17:06.901954+00:00> GetHands
2022-02-10 23:17:07.436678+00:00> GetHands
2022-02-10 23:17:07.981734+00:00> GetHands
2022-02-10 23:17:08.513097+00:00> GetHands
2022-02-10 23:17:09.057300+00:00> GetHands
2022-02-10 23:17:09.588960+00:00> GetHands
2022-02-10 23:17:10.122291+00:00> GetHands
2022-02-10 23:17:10.666256+00:00> GetHands
2022-02-10 23:17:11.212139+00:00> GetHands
2022-02-10 23:17:11.757154+00:00> GetHands
2022-02-10 23:17:12.300813+00:00> GetHands
2022-02-10 23:17:12.844253+00:00> GetHands
2022-02-10 23:17:13.376070+00:00> GetHands
2022-02-10 23:17:13.921242+00:00> GetHands
2022-02-10 23:17:14.461422+00:00> GetHands
2022-02-10 23:17:14.989851+00:00> GetHands
2022-02-10 23:17:15.529585+00:00> GetHands
2022-02-10 23:17:16.073055+00:00> GetHands
2022-02-10 23:17:16.619534+00:00> GetHands
2022-02-10 23:17:17.162455+00:00> GetHands
2022-02-10 23:17:17.705630+00:00> GetHands
2022-02-10 23:17:18.250714+00:00> GetHands
2022-02-10 23:17:18.793275+00:00> GetHands
2022-02-10 23:17:19.339752+00:00> GetHands
2022-02-10 23:17:19.884047+00:00> GetHands
2022-02-10 23:17:20.431077+00:00> GetHands
2022-02-10 23:17:20.975788+00:00> GetHands
2022-02-10 23:17:21.519249+00:00> GetHands
2022-02-10 23:17:22.061340+00:00> GetHands
2022-02-10 23:17:22.594917+00:00> GetHands
2022-02-10 23:17:23.136754+00:00> GetHands
2022-02-10 23:17:23.682248+00:00> GetHands
2022-02-10 23:17:24.228775+00:00> GetHands
2022-02-10 23:17:24.774805+00:00> GetHands
2022-02-10 23:17:25.308330+00:00> GetHands
2022-02-10 23:17:25.854403+00:00> GetHands
2022-02-10 23:17:26.398457+00:00> GetHands
2022-02-10 23:17:26.929909+00:00> GetHands
2022-02-10 23:17:27.474160+00:00> GetHands
2022-02-10 23:17:28.005080+00:00> GetHands
2022-02-10 23:17:28.548516+00:00> GetHands
2022-02-10 23:17:29.081463+00:00> GetHands
2022-02-10 23:17:29.627550+00:00> GetHands
2022-02-10 23:17:30.170683+00:00> GetHands
2022-02-10 23:17:30.703445+00:00> GetHands
2022-02-10 23:17:31.245310+00:00> GetHands
2022-02-10 23:17:31.791804+00:00> GetHands
2022-02-10 23:17:32.337225+00:00> GetHands
2022-02-10 23:17:32.868886+00:00> GetHands
2022-02-10 23:17:33.411414+00:00> GetHands
2022-02-10 23:17:33.955442+00:00> GetHands
2022-02-10 23:17:34.496748+00:00> GetHands
2022-02-10 23:17:35.031543+00:00> GetHands
2022-02-10 23:17:35.565163+00:00> GetHands
2022-02-10 23:17:36.109768+00:00> GetHands
2022-02-10 23:17:36.653165+00:00> GetHands
2022-02-10 23:17:37.184623+00:00> GetHands
2022-02-10 23:17:37.729196+00:00> GetHands
2022-02-10 23:17:38.274402+00:00> GetHands
2022-02-10 23:17:38.818624+00:00> GetHands
2022-02-10 23:17:39.352562+00:00> GetHands
2022-02-10 23:17:39.894697+00:00> GetHands
2022-02-10 23:17:40.438764+00:00> GetHands
2022-02-10 23:17:40.973181+00:00> GetHands
2022-02-10 23:17:41.517913+00:00> GetHands
2022-02-10 23:17:42.062214+00:00> GetHands
2022-02-10 23:17:42.605060+00:00> GetHands
2022-02-10 23:17:43.139928+00:00> GetHands
2022-02-10 23:17:43.686100+00:00> GetHands
2022-02-10 23:17:44.231191+00:00> GetHands
2022-02-10 23:17:44.776986+00:00> GetHands
2022-02-10 23:17:45.308914+00:00> GetHands
2022-02-10 23:17:45.855082+00:00> GetHands
2022-02-10 23:17:46.387443+00:00> GetHands
2022-02-10 23:17:46.931431+00:00> GetHands
2022-02-10 23:17:47.465860+00:00> GetHands
2022-02-10 23:17:48.011008+00:00> GetHands
2022-02-10 23:17:48.544660+00:00> GetHands
2022-02-10 23:17:49.088009+00:00> GetHands
2022-02-10 23:17:49.622639+00:00> GetHands
2022-02-10 23:17:50.165467+00:00> GetHands
2022-02-10 23:17:50.697890+00:00> GetHands
2022-02-10 23:17:51.243535+00:00> GetHands
2022-02-10 23:17:51.790234+00:00> GetHands
2022-02-10 23:17:52.336652+00:00> GetHands
2022-02-10 23:17:52.868582+00:00> GetHands
2022-02-10 23:17:53.413710+00:00> GetHands
2022-02-10 23:17:53.961028+00:00> GetHands
2022-02-10 23:17:54.505122+00:00> GetHands
2022-02-10 23:17:55.050774+00:00> GetHands
2022-02-10 23:17:55.583047+00:00> GetHands
2022-02-10 23:17:56.127007+00:00> GetHands
2022-02-10 23:17:56.660919+00:00> GetHands
2022-02-10 23:17:57.192263+00:00> GetHands
2022-02-10 23:17:57.724591+00:00> GetHands
2022-02-10 23:17:58.270058+00:00> GetHands
2022-02-10 23:17:58.802183+00:00> GetHands
2022-02-10 23:17:59.334107+00:00> GetHands
2022-02-10 23:17:59.874324+00:00> GetHands
2022-02-10 23:18:00.419902+00:00> GetHands
2022-02-10 23:18:00.950416+00:00> GetHands
2022-02-10 23:18:01.493144+00:00> GetHands
2022-02-10 23:18:02.038450+00:00> GetHands
2022-02-10 23:18:02.585422+00:00> GetHands
2022-02-10 23:18:03.128167+00:00> GetHands
2022-02-10 23:18:03.667080+00:00> GetHands
2022-02-10 23:18:04.213218+00:00> GetHands
2022-02-10 23:18:04.755157+00:00> GetHands
2022-02-10 23:18:05.289582+00:00> GetHands
2022-02-10 23:18:05.821339+00:00> GetHands
2022-02-10 23:18:06.364670+00:00> GetHands
2022-02-10 23:18:06.894880+00:00> GetHands
2022-02-10 23:18:07.440483+00:00> GetHands
2022-02-10 23:18:07.985161+00:00> GetHands
2022-02-10 23:18:08.519153+00:00> GetHands
2022-02-10 23:18:09.079097+00:00> GetHands
2022-02-10 23:18:09.636923+00:00> GetHands
2022-02-10 23:18:10.183886+00:00> GetHands
2022-02-10 23:18:10.725956+00:00> GetHands
2022-02-10 23:18:11.259854+00:00> GetHands
2022-02-10 23:18:11.804293+00:00> GetHands
2022-02-10 23:18:12.346327+00:00> GetHands
2022-02-10 23:18:12.877882+00:00> GetHands
2022-02-10 23:18:13.423375+00:00> GetHands
2022-02-10 23:18:13.967882+00:00> GetHands
2022-02-10 23:18:14.515332+00:00> GetHands
2022-02-10 23:18:15.046497+00:00> GetHands
2022-02-10 23:18:15.576217+00:00> GetHands
2022-02-10 23:18:16.122452+00:00> GetHands
2022-02-10 23:18:16.653455+00:00> GetHands
2022-02-10 23:18:17.198191+00:00> GetHands
2022-02-10 23:18:17.743133+00:00> GetHands
2022-02-10 23:18:18.285659+00:00> GetHands
2022-02-10 23:18:18.828765+00:00> GetHands
2022-02-10 23:18:19.376289+00:00> GetHands
2022-02-10 23:18:19.910145+00:00> GetHands
2022-02-10 23:18:20.442784+00:00> GetHands
2022-02-10 23:18:20.986162+00:00> GetHands
2022-02-10 23:18:21.519328+00:00> GetHands
2022-02-10 23:18:22.066341+00:00> GetHands
2022-02-10 23:18:22.593704+00:00> GetHands
2022-02-10 23:18:23.126055+00:00> GetHands
2022-02-10 23:18:23.658570+00:00> GetHands
2022-02-10 23:18:24.203170+00:00> GetHands
2022-02-10 23:18:24.736719+00:00> GetHands
2022-02-10 23:18:25.267921+00:00> GetHands
2022-02-10 23:18:25.813139+00:00> GetHands
2022-02-10 23:18:26.360394+00:00> GetHands
2022-02-10 23:18:26.921908+00:00> GetHands
2022-02-10 23:18:27.470194+00:00> GetHands
2022-02-10 23:18:28.031223+00:00> GetHands
2022-02-10 23:18:28.578111+00:00> GetHands
2022-02-10 23:18:29.122136+00:00> GetHands
2022-02-10 23:18:29.675436+00:00> GetHands
2022-02-10 23:18:30.236528+00:00> GetHands
2022-02-10 23:18:30.769958+00:00> GetHands
2022-02-10 23:18:31.315450+00:00> GetHands
2022-02-10 23:18:31.846624+00:00> GetHands
2022-02-10 23:18:32.439665+00:00> GetHands
2022-02-10 23:18:32.971231+00:00> GetHands
2022-02-10 23:18:33.504248+00:00> GetHands
2022-02-10 23:18:34.039886+00:00> GetHands
2022-02-10 23:18:34.569420+00:00> GetHands
2022-02-10 23:18:35.112907+00:00> GetHands
2022-02-10 23:18:35.655241+00:00> GetHands
2022-02-10 23:18:36.186907+00:00> GetHands
2022-02-10 23:18:36.735507+00:00> GetHands
2022-02-10 23:18:37.285720+00:00> GetHands
2022-02-10 23:18:37.846552+00:00> GetHands
2022-02-10 23:18:38.408345+00:00> GetHands
2022-02-10 23:18:38.972025+00:00> GetHands
2022-02-10 23:18:39.516740+00:00> GetHands
2022-02-10 23:18:40.066104+00:00> GetHands
2022-02-10 23:18:40.623977+00:00> GetHands
2022-02-10 23:18:41.158728+00:00> GetHands
2022-02-10 23:18:41.689186+00:00> GetHands
2022-02-10 23:18:42.221772+00:00> GetHands
2022-02-10 23:18:42.764051+00:00> GetHands
2022-02-10 23:18:43.293078+00:00> GetHands
2022-02-10 23:18:43.822697+00:00> GetHands
2022-02-10 23:18:44.358135+00:00> GetHands
2022-02-10 23:18:44.900166+00:00> GetHands
2022-02-10 23:18:45.444216+00:00> GetHands
2022-02-10 23:18:45.976087+00:00> GetHands
2022-02-10 23:18:46.522610+00:00> GetHands
2022-02-10 23:18:47.066967+00:00> GetHands
2022-02-10 23:18:47.607018+00:00> GetHands
2022-02-10 23:18:48.134324+00:00> GetHands
2022-02-10 23:18:48.667461+00:00> GetHands
2022-02-10 23:18:49.213055+00:00> GetHands
2022-02-10 23:18:49.757932+00:00> GetHands
2022-02-10 23:18:50.289197+00:00> GetHands
2022-02-10 23:18:50.836401+00:00> GetHands
2022-02-10 23:18:51.378205+00:00> GetHands
2022-02-10 23:18:51.911227+00:00> GetHands
2022-02-10 23:18:52.455716+00:00> GetHands
2022-02-10 23:18:52.999177+00:00> GetHands
2022-02-10 23:18:53.536108+00:00> GetHands
2022-02-10 23:18:54.079559+00:00> GetHands
2022-02-10 23:18:54.625942+00:00> GetHands
2022-02-10 23:18:55.157386+00:00> GetHands
2022-02-10 23:18:55.704145+00:00> GetHands
2022-02-10 23:18:56.249380+00:00> GetHands
2022-02-10 23:18:56.786013+00:00> GetHands
2022-02-10 23:18:57.320585+00:00> GetHands
2022-02-10 23:18:57.866705+00:00> GetHands
2022-02-10 23:18:58.412202+00:00> GetHands
2022-02-10 23:18:58.953131+00:00> GetHands
2022-02-10 23:18:59.498759+00:00> GetHands
2022-02-10 23:19:00.062239+00:00> GetHands
2022-02-10 23:19:00.594185+00:00> GetHands
2022-02-10 23:19:01.126481+00:00> GetHands
2022-02-10 23:19:01.658363+00:00> GetHands
2022-02-10 23:19:02.189051+00:00> GetHands
2022-02-10 23:19:02.740627+00:00> GetHands
2022-02-10 23:19:03.287309+00:00> GetHands
2022-02-10 23:19:03.833623+00:00> GetHands
2022-02-10 23:19:04.379140+00:00> GetHands
2022-02-10 23:19:04.938040+00:00> GetHands
2022-02-10 23:19:05.501181+00:00> GetHands
2022-02-10 23:19:06.047110+00:00> GetHands
2022-02-10 23:19:06.600330+00:00> GetHands
2022-02-10 23:19:07.145481+00:00> GetHands
2022-02-10 23:19:07.674127+00:00> GetHands
2022-02-10 23:19:08.207663+00:00> GetHands
2022-02-10 23:19:08.750868+00:00> GetHands
2022-02-10 23:19:09.293906+00:00> GetHands
2022-02-10 23:19:09.826547+00:00> GetHands
2022-02-10 23:19:10.372207+00:00> GetHands
2022-02-10 23:19:10.913975+00:00> GetHands
2022-02-10 23:19:11.459997+00:00> GetHands
2022-02-10 23:19:12.003888+00:00> GetHands
2022-02-10 23:19:12.549406+00:00> GetHands
2022-02-10 23:19:13.085317+00:00> GetHands
2022-02-10 23:19:13.644429+00:00> GetHands
2022-02-10 23:19:14.178475+00:00> GetHands
2022-02-10 23:19:14.720465+00:00> GetHands
2022-02-10 23:19:15.265370+00:00> GetHands
2022-02-10 23:19:15.809475+00:00> GetHands
2022-02-10 23:19:16.361709+00:00> GetHands
2022-02-10 23:19:16.891409+00:00> GetHands
2022-02-10 23:19:17.438090+00:00> GetHands
2022-02-10 23:19:17.985339+00:00> GetHands
2022-02-10 23:19:18.529025+00:00> GetHands
2022-02-10 23:19:19.076011+00:00> GetHands
2022-02-10 23:19:19.638630+00:00> GetHands
2022-02-10 23:19:20.181283+00:00> GetHands
2022-02-10 23:19:20.740975+00:00> GetHands
2022-02-10 23:19:21.284371+00:00> GetHands
2022-02-10 23:19:21.830154+00:00> GetHands
2022-02-10 23:19:22.369003+00:00> GetHands
2022-02-10 23:19:22.918394+00:00> GetHands
2022-02-10 23:19:23.466428+00:00> GetHands
2022-02-10 23:19:24.013608+00:00> GetHands
2022-02-10 23:19:24.575852+00:00> GetHands
2022-02-10 23:19:25.127524+00:00> GetHands
2022-02-10 23:19:25.670853+00:00> GetHands
2022-02-10 23:19:26.214940+00:00> GetHands
2022-02-10 23:19:26.759650+00:00> GetHands
2022-02-10 23:19:27.290283+00:00> GetHands
2022-02-10 23:19:27.826994+00:00> GetHands
2022-02-10 23:19:28.372313+00:00> GetHands
2022-02-10 23:19:28.931164+00:00> GetHands
2022-02-10 23:19:29.490830+00:00> GetHands
2022-02-10 23:19:30.048915+00:00> GetHands
2022-02-10 23:19:30.591122+00:00> GetHands
2022-02-10 23:19:31.135892+00:00> GetHands
2022-02-10 23:19:31.694542+00:00> GetHands
2022-02-10 23:19:32.249664+00:00> GetHands
2022-02-10 23:19:32.808788+00:00> GetHands
2022-02-10 23:19:33.357685+00:00> GetHands
2022-02-10 23:19:33.920982+00:00> GetHands
2022-02-10 23:19:34.473077+00:00> GetHands
2022-02-10 23:19:35.033359+00:00> GetHands
2022-02-10 23:19:35.579049+00:00> GetHands
2022-02-10 23:19:36.126195+00:00> GetHands
2022-02-10 23:19:36.671781+00:00> GetHands
2022-02-10 23:19:37.233866+00:00> GetHands
2022-02-10 23:19:37.761730+00:00> GetHands
2022-02-10 23:19:38.305714+00:00> GetHands
2022-02-10 23:19:38.840440+00:00> GetHands
2022-02-10 23:19:39.402334+00:00> GetHands
2022-02-10 23:19:39.937064+00:00> GetHands
2022-02-10 23:19:40.478852+00:00> GetHands
2022-02-10 23:19:41.026785+00:00> GetHands
2022-02-10 23:19:41.571256+00:00> GetHands
2022-02-10 23:19:42.116159+00:00> GetHands
2022-02-10 23:19:42.657462+00:00> GetHands
2022-02-10 23:19:43.204159+00:00> GetHands
2022-02-10 23:19:43.737038+00:00> GetHands
2022-02-10 23:19:44.279100+00:00> GetHands
2022-02-10 23:19:44.827437+00:00> GetHands
2022-02-10 23:19:45.361202+00:00> GetHands
2022-02-10 23:19:45.906829+00:00> GetHands
2022-02-10 23:19:46.466932+00:00> GetHands
2022-02-10 23:19:47.013441+00:00> GetHands
2022-02-10 23:19:47.559099+00:00> GetHands
2022-02-10 23:19:48.088988+00:00> GetHands
2022-02-10 23:19:48.621604+00:00> GetHands
2022-02-10 23:19:49.155512+00:00> GetHands
2022-02-10 23:19:49.700400+00:00> GetHands
2022-02-10 23:19:50.258342+00:00> GetHands
2022-02-10 23:19:50.803199+00:00> GetHands
2022-02-10 23:19:51.362105+00:00> GetHands
2022-02-10 23:19:51.921288+00:00> GetHands
2022-02-10 23:19:52.482101+00:00> GetHands
2022-02-10 23:19:53.044108+00:00> GetHands
2022-02-10 23:19:53.575817+00:00> GetHands
2022-02-10 23:19:54.136637+00:00> GetHands
2022-02-10 23:19:54.668204+00:00> GetHands
2022-02-10 23:19:55.201705+00:00> GetHands
2022-02-10 23:19:55.731984+00:00> GetHands
2022-02-10 23:19:56.274113+00:00> GetHands
2022-02-10 23:19:56.806764+00:00> GetHands
2022-02-10 23:19:57.337957+00:00> GetHands
2022-02-10 23:19:57.901347+00:00> GetHands
2022-02-10 23:19:58.461018+00:00> GetHands
2022-02-10 23:19:58.996433+00:00> GetHands
2022-02-10 23:19:59.531604+00:00> GetHands
2022-02-10 23:20:00.080699+00:00> GetHands
2022-02-10 23:20:00.624569+00:00> GetHands
2022-02-10 23:20:01.177231+00:00> GetHands
2022-02-10 23:20:01.740912+00:00> GetHands
2022-02-10 23:20:02.299636+00:00> GetHands
2022-02-10 23:20:02.844553+00:00> GetHands
2022-02-10 23:20:03.375976+00:00> GetHands
2022-02-10 23:20:03.907720+00:00> GetHands
2022-02-10 23:20:04.452221+00:00> GetHands
2022-02-10 23:20:04.982451+00:00> GetHands
2022-02-10 23:20:05.527313+00:00> GetHands
2022-02-10 23:20:06.070685+00:00> GetHands
2022-02-10 23:20:06.616969+00:00> GetHands
2022-02-10 23:20:07.161257+00:00> GetHands
2022-02-10 23:20:07.708348+00:00> GetHands
2022-02-10 23:20:08.238426+00:00> GetHands
2022-02-10 23:20:08.783163+00:00> GetHands
2022-02-10 23:20:09.329755+00:00> GetHands
2022-02-10 23:20:09.872575+00:00> GetHands
2022-02-10 23:20:10.417264+00:00> GetHands
2022-02-10 23:20:10.958721+00:00> GetHands
2022-02-10 23:20:11.503755+00:00> GetHands
2022-02-10 23:20:12.047031+00:00> GetHands
2022-02-10 23:20:12.593151+00:00> GetHands
2022-02-10 23:20:13.141540+00:00> GetHands
2022-02-10 23:20:13.683483+00:00> GetHands
2022-02-10 23:20:14.228453+00:00> GetHands
2022-02-10 23:20:14.774139+00:00> GetHands
2022-02-10 23:20:15.321440+00:00> GetHands
2022-02-10 23:20:15.868639+00:00> GetHands
2022-02-10 23:20:16.414547+00:00> GetHands
2022-02-10 23:20:16.960754+00:00> GetHands
2022-02-10 23:20:17.502722+00:00> GetHands
2022-02-10 23:20:18.040843+00:00> GetHands
2022-02-10 23:20:18.586303+00:00> GetHands
2022-02-10 23:20:19.132344+00:00> GetHands
2022-02-10 23:20:19.671467+00:00> GetHands
2022-02-10 23:20:20.230812+00:00> GetHands
2022-02-10 23:20:20.760977+00:00> GetHands
2022-02-10 23:20:21.320992+00:00> GetHands
2022-02-10 23:20:21.882845+00:00> GetHands
2022-02-10 23:20:22.443972+00:00> GetHands
2022-02-10 23:20:22.976805+00:00> GetHands
2022-02-10 23:20:23.510917+00:00> GetHands
2022-02-10 23:20:24.055484+00:00> GetHands
2022-02-10 23:20:24.601945+00:00> GetHands
2022-02-10 23:20:25.136634+00:00> GetHands
2022-02-10 23:20:25.682917+00:00> GetHands
2022-02-10 23:20:26.235645+00:00> GetHands
2022-02-10 23:20:32.700054+00:00> ConnectUnity
2022-02-10 23:20:32.701052+00:00> Connected
2022-02-10 23:20:32.701052+00:00> SendPID
2022-02-10 23:20:32.705052+00:00> GetPID
2022-02-10 23:20:32.705052+00:00> init_mp
2022-02-10 23:20:32.706052+00:00> set mp_hands
2022-02-10 23:20:32.706052+00:00> set hands
2022-02-10 23:20:32.715052+00:00> end set hands
2022-02-10 23:20:32.715052+00:00> set camera
2022-02-10 23:20:33.500643+00:00> end set camera
2022-02-10 23:20:33.501644+00:00> End init_mp
2022-02-10 23:20:33.501644+00:00> GetHands
2022-02-10 23:20:34.564680+00:00> GetHands
2022-02-10 23:20:35.095854+00:00> GetHands
2022-02-10 23:20:35.642293+00:00> GetHands
2022-02-10 23:20:36.179259+00:00> GetHands
2022-02-10 23:20:36.727557+00:00> GetHands
2022-02-10 23:20:37.265041+00:00> GetHands
2022-02-10 23:20:37.816250+00:00> GetHands
2022-02-10 23:20:38.352045+00:00> GetHands
2022-02-10 23:20:38.885731+00:00> GetHands
2022-02-10 23:20:39.419649+00:00> GetHands
2022-02-10 23:20:39.967542+00:00> GetHands
2022-02-10 23:20:40.504621+00:00> GetHands
2022-02-10 23:20:41.040998+00:00> GetHands
2022-02-10 23:20:41.579453+00:00> GetHands
2022-02-10 23:20:42.113464+00:00> GetHands
2022-02-10 23:20:42.649332+00:00> GetHands
2022-02-10 23:20:43.182318+00:00> GetHands
2022-02-10 23:20:43.717284+00:00> GetHands
2022-02-10 23:20:44.250602+00:00> GetHands
2022-02-10 23:20:44.785496+00:00> GetHands
2022-02-10 23:20:45.317343+00:00> GetHands
2022-02-10 23:20:45.850120+00:00> GetHands
2022-02-10 23:20:46.385892+00:00> GetHands
2022-02-10 23:20:46.934249+00:00> GetHands
2022-02-10 23:20:47.470962+00:00> GetHands
2022-02-10 23:20:48.007517+00:00> GetHands
2022-02-10 23:20:48.545334+00:00> GetHands
2022-02-10 23:20:49.085702+00:00> GetHands
2022-02-10 23:20:49.622163+00:00> GetHands
2022-02-10 23:20:50.159804+00:00> GetHands
2022-02-10 23:20:50.696186+00:00> GetHands
2022-02-10 23:20:51.244690+00:00> GetHands
2022-02-10 23:20:51.783467+00:00> GetHands
2022-02-10 23:20:52.315640+00:00> GetHands
2022-02-10 23:20:52.852771+00:00> GetHands
2022-02-10 23:20:53.399457+00:00> GetHands
2022-02-10 23:20:53.937734+00:00> GetHands
2022-02-10 23:20:54.472357+00:00> GetHands
2022-02-10 23:20:55.017357+00:00> GetHands
2022-02-10 23:20:55.549669+00:00> GetHands
2022-02-10 23:20:56.087823+00:00> GetHands
2022-02-10 23:20:56.625812+00:00> GetHands
2022-02-10 23:20:57.171675+00:00> GetHands
2022-02-10 23:20:57.701216+00:00> GetHands
2022-02-10 23:20:58.231398+00:00> GetHands
2022-02-10 23:20:58.770831+00:00> GetHands
2022-02-10 23:20:59.308659+00:00> GetHands
2022-02-10 23:20:59.842435+00:00> GetHands
2022-02-10 23:21:00.379404+00:00> GetHands
2022-02-10 23:21:00.925175+00:00> GetHands
2022-02-10 23:21:01.470135+00:00> GetHands
2022-02-10 23:21:01.999710+00:00> GetHands
2022-02-10 23:21:02.543571+00:00> GetHands
2022-02-10 23:21:03.085426+00:00> GetHands
2022-02-10 23:21:03.617281+00:00> GetHands
2022-02-10 23:21:04.162253+00:00> GetHands
2022-02-10 23:21:04.691333+00:00> GetHands
2022-02-10 23:21:05.237466+00:00> GetHands
2022-02-10 23:21:05.769940+00:00> GetHands
2022-02-10 23:21:06.313154+00:00> GetHands
2022-02-10 23:21:06.857830+00:00> GetHands
2022-02-10 23:21:07.392323+00:00> GetHands
2022-02-10 23:21:07.923315+00:00> GetHands
2022-02-10 23:21:08.458062+00:00> GetHands
2022-02-10 23:21:08.992468+00:00> GetHands
2022-02-10 23:21:09.536983+00:00> GetHands
2022-02-10 23:21:10.070415+00:00> GetHands
2022-02-10 23:21:10.603236+00:00> GetHands
2022-02-10 23:21:11.135135+00:00> GetHands
2022-02-10 23:21:11.680388+00:00> GetHands
2022-02-10 23:21:12.213355+00:00> GetHands
2022-02-10 23:21:12.759285+00:00> GetHands
2022-02-10 23:21:13.306264+00:00> GetHands
2022-02-10 23:21:13.852234+00:00> GetHands
2022-02-10 23:21:14.397573+00:00> GetHands
2022-02-10 23:21:14.939267+00:00> GetHands
2022-02-10 23:21:15.476519+00:00> GetHands
2022-02-10 23:21:16.022341+00:00> GetHands
2022-02-10 23:21:16.563155+00:00> GetHands
2022-02-10 23:21:17.105456+00:00> GetHands
2022-02-10 23:21:17.650905+00:00> GetHands
2022-02-10 23:21:18.193750+00:00> GetHands
2022-02-10 23:21:18.738312+00:00> GetHands
2022-02-10 23:21:19.281422+00:00> GetHands
2022-02-10 23:21:19.813699+00:00> GetHands
2022-02-10 23:21:20.358974+00:00> GetHands
2022-02-10 23:21:20.901991+00:00> GetHands
2022-02-10 23:21:21.434036+00:00> GetHands
2022-02-10 23:21:21.972777+00:00> GetHands
2022-02-10 23:21:22.004805+00:00> Connection
2022-02-10 23:21:27.057208+00:00> ConnectUnity
2022-02-10 23:21:27.058208+00:00> Connected
2022-02-10 23:21:27.058208+00:00> SendPID
2022-02-10 23:21:27.063209+00:00> GetPID
2022-02-10 23:21:27.063209+00:00> init_mp
2022-02-10 23:21:27.063209+00:00> set mp_hands
2022-02-10 23:21:27.063209+00:00> set hands
2022-02-10 23:21:27.071208+00:00> end set hands
2022-02-10 23:21:27.072208+00:00> set camera
2022-02-10 23:21:27.921781+00:00> end set camera
2022-02-10 23:21:27.922756+00:00> End init_mp
2022-02-10 23:21:27.922756+00:00> GetHands
2022-02-10 23:21:28.992339+00:00> GetHands
2022-02-10 23:21:29.523375+00:00> GetHands
2022-02-10 23:21:30.068084+00:00> GetHands
2022-02-10 23:21:30.620992+00:00> GetHands
2022-02-10 23:21:31.169906+00:00> GetHands
2022-02-10 23:21:31.704545+00:00> GetHands
2022-02-10 23:21:32.246554+00:00> GetHands
2022-02-10 23:21:32.780065+00:00> GetHands
2022-02-10 23:21:33.312983+00:00> GetHands
2022-02-10 23:21:33.857337+00:00> GetHands
2022-02-10 23:21:34.390415+00:00> GetHands
2022-02-10 23:21:34.935072+00:00> GetHands
2022-02-10 23:21:35.479942+00:00> GetHands
2022-02-10 23:21:36.010938+00:00> GetHands
2022-02-10 23:21:36.554572+00:00> GetHands
2022-02-10 23:21:37.098900+00:00> GetHands
2022-02-10 23:21:37.632340+00:00> GetHands
2022-02-10 23:21:38.174372+00:00> GetHands
2022-02-10 23:21:38.719042+00:00> GetHands
2022-02-10 23:21:39.260847+00:00> GetHands
2022-02-10 23:21:39.804771+00:00> GetHands
2022-02-10 23:21:40.349605+00:00> GetHands
2022-02-10 23:21:40.896248+00:00> GetHands
2022-02-10 23:21:41.437205+00:00> GetHands
2022-02-10 23:21:41.984962+00:00> GetHands
2022-02-10 23:21:42.517406+00:00> GetHands
2022-02-10 23:21:43.062294+00:00> GetHands
2022-02-10 23:21:43.608565+00:00> GetHands
2022-02-10 23:21:44.153816+00:00> GetHands
2022-02-10 23:21:44.698532+00:00> GetHands
2022-02-10 23:21:45.243138+00:00> GetHands
2022-02-10 23:21:45.804448+00:00> GetHands
2022-02-10 23:21:46.348635+00:00> GetHands
2022-02-10 23:21:46.896407+00:00> GetHands
2022-02-10 23:21:47.441946+00:00> GetHands
2022-02-10 23:21:47.987107+00:00> GetHands
2022-02-10 23:21:48.534462+00:00> GetHands
2022-02-10 23:21:49.078504+00:00> GetHands
2022-02-10 23:21:49.611955+00:00> GetHands
2022-02-10 23:21:50.142392+00:00> GetHands
2022-02-10 23:21:50.687745+00:00> GetHands
2022-02-10 23:21:51.233461+00:00> GetHands
2022-02-10 23:21:51.783452+00:00> GetHands
2022-02-10 23:21:52.326777+00:00> GetHands
2022-02-10 23:21:52.873072+00:00> GetHands
2022-02-10 23:21:53.419474+00:00> GetHands
2022-02-10 23:21:53.956333+00:00> GetHands
2022-02-10 23:21:54.499590+00:00> GetHands
2022-02-10 23:21:55.043365+00:00> GetHands
2022-02-10 23:21:55.589933+00:00> GetHands
2022-02-10 23:21:56.123958+00:00> GetHands
2022-02-10 23:21:56.667900+00:00> GetHands
2022-02-10 23:21:57.216186+00:00> GetHands
2022-02-10 23:21:57.749201+00:00> GetHands
2022-02-10 23:21:58.283183+00:00> GetHands
2022-02-10 23:21:58.814375+00:00> GetHands
2022-02-10 23:21:59.347759+00:00> GetHands
2022-02-10 23:21:59.876268+00:00> GetHands
2022-02-10 23:22:00.407490+00:00> GetHands
2022-02-10 23:22:00.952791+00:00> GetHands
2022-02-10 23:22:01.497978+00:00> GetHands
2022-02-10 23:22:02.057320+00:00> GetHands
2022-02-10 23:22:02.601902+00:00> GetHands
2022-02-10 23:22:03.134222+00:00> GetHands
2022-02-10 23:22:03.677768+00:00> GetHands
2022-02-10 23:22:04.219497+00:00> GetHands
2022-02-10 23:22:04.762987+00:00> GetHands
2022-02-10 23:22:05.293966+00:00> GetHands
2022-02-10 23:22:05.839327+00:00> GetHands
2022-02-10 23:22:06.385417+00:00> GetHands
2022-02-10 23:22:06.929166+00:00> GetHands
2022-02-10 23:22:07.474748+00:00> GetHands
2022-02-10 23:22:08.019227+00:00> GetHands
2022-02-10 23:22:08.551189+00:00> GetHands
2022-02-10 23:22:09.096669+00:00> GetHands
2022-02-10 23:22:09.657327+00:00> GetHands
2022-02-10 23:22:10.203092+00:00> GetHands
2022-02-10 23:22:10.737214+00:00> GetHands
2022-02-10 23:22:11.282399+00:00> GetHands
2022-02-10 23:22:11.827874+00:00> GetHands
2022-02-10 23:22:12.373747+00:00> GetHands
2022-02-10 23:22:12.916480+00:00> GetHands
2022-02-10 23:22:13.459459+00:00> GetHands
2022-02-10 23:22:14.000298+00:00> GetHands
2022-02-10 23:22:14.546272+00:00> GetHands
2022-02-10 23:22:15.091473+00:00> GetHands
2022-02-10 23:22:15.635418+00:00> GetHands
2022-02-10 23:22:16.179843+00:00> GetHands
2022-02-10 23:22:16.710929+00:00> GetHands
2022-02-10 23:22:17.252706+00:00> GetHands
2022-02-10 23:22:17.794780+00:00> GetHands
2022-02-10 23:22:18.339429+00:00> GetHands
2022-02-10 23:22:18.872017+00:00> GetHands
2022-02-10 23:22:19.416712+00:00> GetHands
2022-02-10 23:22:19.961309+00:00> GetHands
2022-02-10 23:22:20.505531+00:00> GetHands
2022-02-10 23:22:21.040213+00:00> GetHands
2022-02-10 23:22:21.073189+00:00> Connection
2022-02-10 23:22:25.551301+00:00> ConnectUnity
2022-02-10 23:22:25.551301+00:00> Connected
2022-02-10 23:22:25.552302+00:00> SendPID
2022-02-10 23:22:25.557304+00:00> GetPID
2022-02-10 23:22:25.557304+00:00> init_mp
2022-02-10 23:22:25.557304+00:00> set mp_hands
2022-02-10 23:22:25.557304+00:00> set hands
2022-02-10 23:22:25.566301+00:00> end set hands
2022-02-10 23:22:25.566301+00:00> set camera
2022-02-10 23:22:26.493716+00:00> end set camera
2022-02-10 23:22:26.493716+00:00> End init_mp
2022-02-10 23:22:26.494717+00:00> GetHands
2022-02-10 23:22:27.336796+00:00> GetHands
2022-02-10 23:22:27.878022+00:00> GetHands
2022-02-10 23:22:28.421435+00:00> GetHands
2022-02-10 23:22:28.954421+00:00> GetHands
2022-02-10 23:22:29.499287+00:00> GetHands
2022-02-10 23:22:30.058291+00:00> GetHands
2022-02-10 23:22:30.601838+00:00> GetHands
2022-02-10 23:22:31.145936+00:00> GetHands
2022-02-10 23:22:31.677084+00:00> GetHands
2022-02-10 23:22:32.210374+00:00> GetHands
2022-02-10 23:22:32.752425+00:00> GetHands
2022-02-10 23:22:33.297731+00:00> GetHands
2022-02-10 23:22:33.843378+00:00> GetHands
2022-02-10 23:22:34.389638+00:00> GetHands
2022-02-10 23:22:34.938491+00:00> GetHands
2022-02-10 23:22:35.484913+00:00> GetHands
2022-02-10 23:22:36.031688+00:00> GetHands
2022-02-10 23:22:36.573300+00:00> GetHands
2022-02-10 23:22:37.108019+00:00> GetHands
2022-02-10 23:22:37.651046+00:00> GetHands
2022-02-10 23:22:38.195571+00:00> GetHands
2022-02-10 23:22:38.743608+00:00> GetHands
2022-02-10 23:22:39.288537+00:00> GetHands
2022-02-10 23:22:39.836446+00:00> GetHands
2022-02-10 23:22:40.385098+00:00> GetHands
2022-02-10 23:22:40.931660+00:00> GetHands
2022-02-10 23:22:41.466056+00:00> GetHands
2022-02-10 23:22:42.000959+00:00> GetHands
2022-02-10 23:22:42.544512+00:00> GetHands
2022-02-10 23:22:43.077113+00:00> GetHands
2022-02-10 23:22:43.609684+00:00> GetHands
2022-02-10 23:22:44.141704+00:00> GetHands
2022-02-10 23:22:44.677714+00:00> GetHands
2022-02-10 23:22:45.213449+00:00> GetHands
2022-02-10 23:22:45.750724+00:00> GetHands
2022-02-10 23:22:46.283207+00:00> GetHands
2022-02-10 23:22:46.831414+00:00> GetHands
2022-02-10 23:22:47.373793+00:00> GetHands
2022-02-10 23:22:47.917454+00:00> GetHands
2022-02-10 23:22:48.449614+00:00> GetHands
2022-02-10 23:22:48.993171+00:00> GetHands
2022-02-10 23:22:49.527083+00:00> GetHands
2022-02-10 23:22:50.059562+00:00> GetHands
2022-02-10 23:22:50.601543+00:00> GetHands
2022-02-10 23:22:51.133726+00:00> GetHands
2022-02-10 23:22:51.695189+00:00> GetHands
2022-02-10 23:22:52.245208+00:00> GetHands
2022-02-10 23:22:52.777320+00:00> GetHands
2022-02-10 23:22:53.323563+00:00> GetHands
2022-02-10 23:22:53.868274+00:00> GetHands
2022-02-10 23:22:54.423201+00:00> GetHands
2022-02-10 23:22:54.971207+00:00> GetHands
2022-02-10 23:22:55.515223+00:00> GetHands
2022-02-10 23:22:56.061104+00:00> GetHands
2022-02-10 23:22:56.607786+00:00> GetHands
2022-02-10 23:22:57.156138+00:00> GetHands
2022-02-10 23:22:57.700719+00:00> GetHands
2022-02-10 23:22:58.245333+00:00> GetHands
2022-02-10 23:22:58.790752+00:00> GetHands
2022-02-10 23:22:59.352913+00:00> GetHands
2022-02-10 23:22:59.896435+00:00> GetHands
2022-02-10 23:23:00.458168+00:00> GetHands
2022-02-10 23:23:01.004603+00:00> GetHands
2022-02-10 23:23:01.545664+00:00> GetHands
2022-02-10 23:23:02.088054+00:00> GetHands
2022-02-10 23:23:02.650453+00:00> GetHands
2022-02-10 23:23:03.207735+00:00> GetHands
2022-02-10 23:23:03.769050+00:00> GetHands
2022-02-10 23:23:04.304364+00:00> GetHands
2022-02-10 23:23:04.851394+00:00> GetHands
2022-02-10 23:23:05.411019+00:00> GetHands
2022-02-10 23:23:05.956804+00:00> GetHands
2022-02-10 23:23:06.484921+00:00> GetHands
2022-02-10 23:23:07.034593+00:00> GetHands
2022-02-10 23:23:07.575888+00:00> GetHands
2022-02-10 23:23:08.108101+00:00> GetHands
2022-02-10 23:23:08.652037+00:00> GetHands
2022-02-10 23:23:09.189647+00:00> GetHands
2022-02-10 23:23:09.735478+00:00> GetHands
2022-02-10 23:23:10.273217+00:00> GetHands
2022-02-10 23:23:10.826055+00:00> GetHands
2022-02-10 23:23:11.387606+00:00> GetHands
2022-02-10 23:23:11.932463+00:00> GetHands
2022-02-10 23:23:12.483867+00:00> GetHands
2022-02-10 23:23:13.034010+00:00> GetHands
2022-02-10 23:23:13.591271+00:00> GetHands
2022-02-10 23:23:14.149321+00:00> GetHands
2022-02-10 23:23:14.693465+00:00> GetHands
2022-02-10 23:23:15.234735+00:00> GetHands
2022-02-10 23:23:15.792641+00:00> GetHands
2022-02-10 23:23:16.338448+00:00> GetHands
2022-02-10 23:23:16.886324+00:00> GetHands
2022-02-10 23:23:17.434833+00:00> GetHands
2022-02-10 23:23:17.978152+00:00> GetHands
2022-02-10 23:23:18.524743+00:00> GetHands
2022-02-10 23:23:19.076000+00:00> GetHands
2022-02-10 23:23:19.638564+00:00> GetHands
2022-02-10 23:23:20.170447+00:00> GetHands
2022-02-10 23:23:20.700513+00:00> GetHands
2022-02-10 23:23:21.239850+00:00> GetHands
2022-02-10 23:23:21.772964+00:00> GetHands
2022-02-10 23:23:22.306915+00:00> GetHands
2022-02-10 23:23:22.843330+00:00> GetHands
2022-02-10 23:23:23.385217+00:00> GetHands
2022-02-10 23:23:23.916646+00:00> GetHands
2022-02-10 23:23:24.448319+00:00> GetHands
2022-02-10 23:23:24.983754+00:00> GetHands
2022-02-10 23:23:25.516894+00:00> GetHands
2022-02-10 23:23:26.068987+00:00> GetHands
2022-02-10 23:23:26.601286+00:00> GetHands
2022-02-10 23:23:27.145502+00:00> GetHands
2022-02-10 23:23:27.690085+00:00> GetHands
2022-02-10 23:23:28.235123+00:00> GetHands
2022-02-10 23:23:28.766698+00:00> GetHands
2022-02-10 23:23:29.316114+00:00> GetHands
2022-02-10 23:23:29.870787+00:00> GetHands
2022-02-10 23:23:30.404501+00:00> GetHands
2022-02-10 23:23:30.944563+00:00> GetHands
2022-02-10 23:23:31.481804+00:00> GetHands
2022-02-10 23:23:32.019337+00:00> GetHands
2022-02-10 23:23:32.557377+00:00> GetHands
2022-02-10 23:23:33.089874+00:00> GetHands
2022-02-10 23:23:33.623300+00:00> GetHands
2022-02-10 23:23:34.157063+00:00> GetHands
2022-02-10 23:23:34.694618+00:00> GetHands
2022-02-10 23:23:35.234169+00:00> GetHands
2022-02-10 23:23:35.767105+00:00> GetHands
2022-02-10 23:23:36.308246+00:00> GetHands
2022-02-10 23:23:36.841357+00:00> GetHands
2022-02-10 23:23:37.370916+00:00> GetHands
2022-02-10 23:23:37.908075+00:00> GetHands
2022-02-10 23:23:38.444818+00:00> GetHands
2022-02-10 23:23:38.978315+00:00> GetHands
2022-02-10 23:23:39.510780+00:00> GetHands
2022-02-10 23:23:40.040270+00:00> GetHands
2022-02-10 23:23:40.586069+00:00> GetHands
2022-02-10 23:23:41.132423+00:00> GetHands
2022-02-10 23:23:41.678225+00:00> GetHands
2022-02-10 23:23:42.223584+00:00> GetHands
2022-02-10 23:23:42.767003+00:00> GetHands
2022-02-10 23:23:43.312081+00:00> GetHands
2022-02-10 23:23:43.850777+00:00> GetHands
2022-02-10 23:23:44.397398+00:00> GetHands
2022-02-10 23:23:44.929175+00:00> GetHands
2022-02-10 23:23:45.495375+00:00> GetHands
2022-02-10 23:23:46.054898+00:00> GetHands
2022-02-10 23:23:46.600226+00:00> GetHands
2022-02-10 23:23:47.141511+00:00> GetHands
2022-02-10 23:23:47.675820+00:00> GetHands
2022-02-10 23:23:48.219350+00:00> GetHands
2022-02-10 23:23:48.768489+00:00> GetHands
2022-02-10 23:23:49.313109+00:00> GetHands
2022-02-10 23:23:49.845301+00:00> GetHands
2022-02-10 23:23:50.406588+00:00> GetHands
2022-02-10 23:23:50.968588+00:00> GetHands
2022-02-10 23:23:51.529009+00:00> GetHands
2022-02-10 23:23:52.076350+00:00> GetHands
2022-02-10 23:23:52.635211+00:00> GetHands
2022-02-10 23:23:53.185999+00:00> GetHands
2022-02-10 23:23:53.728980+00:00> GetHands
2022-02-10 23:23:54.258665+00:00> GetHands
2022-02-10 23:23:54.808389+00:00> GetHands
2022-02-10 23:23:55.353938+00:00> GetHands
2022-02-10 23:23:55.898686+00:00> GetHands
2022-02-10 23:23:56.442613+00:00> GetHands
2022-02-10 23:23:56.973679+00:00> GetHands
2022-02-10 23:23:57.519602+00:00> GetHands
2022-02-10 23:23:58.061296+00:00> GetHands
2022-02-10 23:23:58.619266+00:00> GetHands
2022-02-10 23:23:59.167902+00:00> GetHands
2022-02-10 23:23:59.716250+00:00> GetHands
2022-02-10 23:24:00.267210+00:00> GetHands
2022-02-10 23:24:00.829356+00:00> GetHands
2022-02-10 23:24:01.392117+00:00> GetHands
2022-02-10 23:24:01.938351+00:00> GetHands
2022-02-10 23:24:02.490796+00:00> GetHands
2022-02-10 23:24:03.026467+00:00> GetHands
2022-02-10 23:24:03.572740+00:00> GetHands
2022-02-10 23:24:04.118832+00:00> GetHands
2022-02-10 23:24:04.658630+00:00> GetHands
2022-02-10 23:24:05.219192+00:00> GetHands
2022-02-10 23:24:05.765119+00:00> GetHands
2022-02-10 23:24:06.323974+00:00> GetHands
2022-02-10 23:24:06.874979+00:00> GetHands
2022-02-10 23:24:07.424092+00:00> GetHands
2022-02-10 23:24:07.986300+00:00> GetHands
2022-02-10 23:24:08.543529+00:00> GetHands
2022-02-10 23:24:09.102219+00:00> GetHands
2022-02-10 23:24:09.637817+00:00> GetHands
2022-02-10 23:24:10.173739+00:00> GetHands
2022-02-10 23:24:10.718468+00:00> GetHands
2022-02-10 23:24:11.264484+00:00> GetHands
2022-02-10 23:24:11.798608+00:00> GetHands
2022-02-10 23:24:12.343975+00:00> GetHands
2022-02-10 23:24:12.882032+00:00> GetHands
2022-02-10 23:24:13.414667+00:00> GetHands
2022-02-10 23:24:13.948183+00:00> GetHands
2022-02-10 23:24:14.480900+00:00> GetHands
2022-02-10 23:24:15.027216+00:00> GetHands
2022-02-10 23:24:15.568019+00:00> GetHands
2022-02-10 23:24:16.113666+00:00> GetHands
2022-02-10 23:24:16.646415+00:00> GetHands
2022-02-10 23:24:17.190498+00:00> GetHands
2022-02-10 23:24:17.752880+00:00> GetHands
2022-02-10 23:24:18.299131+00:00> GetHands
2022-02-10 23:24:18.844751+00:00> GetHands
2022-02-10 23:24:19.389356+00:00> GetHands
2022-02-10 23:24:19.934525+00:00> GetHands
2022-02-10 23:24:20.469421+00:00> GetHands
2022-02-10 23:24:21.001554+00:00> GetHands
2022-02-10 23:24:21.545080+00:00> GetHands
2022-02-10 23:24:22.092649+00:00> GetHands
2022-02-10 23:24:22.636264+00:00> GetHands
2022-02-10 23:24:23.167396+00:00> GetHands
2022-02-10 23:24:23.712684+00:00> GetHands
2022-02-10 23:24:24.254917+00:00> GetHands
2022-02-10 23:24:24.799886+00:00> GetHands
2022-02-10 23:24:25.343915+00:00> GetHands
2022-02-10 23:24:25.888764+00:00> GetHands
2022-02-10 23:24:26.431862+00:00> GetHands
2022-02-10 23:24:26.963171+00:00> GetHands
2022-02-10 23:24:27.507190+00:00> GetHands
2022-02-10 23:24:28.048267+00:00> GetHands
2022-02-10 23:24:28.580254+00:00> GetHands
2022-02-10 23:24:29.112186+00:00> GetHands
2022-02-10 23:24:29.656894+00:00> GetHands
2022-02-10 23:24:30.205057+00:00> GetHands
2022-02-10 23:24:30.750785+00:00> GetHands
2022-02-10 23:24:31.308316+00:00> GetHands
2022-02-10 23:24:31.866874+00:00> GetHands
2022-02-10 23:24:32.417008+00:00> GetHands
2022-02-10 23:24:32.959186+00:00> GetHands
2022-02-10 23:24:33.513287+00:00> GetHands
2022-02-10 23:24:34.050916+00:00> GetHands
2022-02-10 23:24:34.602886+00:00> GetHands
2022-02-10 23:24:35.153707+00:00> GetHands
2022-02-10 23:24:35.693097+00:00> GetHands
2022-02-10 23:24:36.253005+00:00> GetHands
2022-02-10 23:24:36.805289+00:00> GetHands
2022-02-10 23:24:37.339475+00:00> GetHands
2022-02-10 23:24:37.878641+00:00> GetHands
2022-02-10 23:24:38.429598+00:00> GetHands
2022-02-10 23:24:38.985624+00:00> GetHands
2022-02-10 23:24:39.535094+00:00> GetHands
2022-02-10 23:24:40.088637+00:00> GetHands
2022-02-10 23:24:40.623700+00:00> GetHands
2022-02-10 23:24:41.182798+00:00> GetHands
2022-02-10 23:24:41.718677+00:00> GetHands
2022-02-10 23:24:42.267179+00:00> GetHands
2022-02-10 23:24:42.827167+00:00> GetHands
2022-02-10 23:24:43.389599+00:00> GetHands
2022-02-10 23:24:43.951995+00:00> GetHands
2022-02-10 23:24:44.498773+00:00> GetHands
2022-02-10 23:24:45.057914+00:00> GetHands
2022-02-10 23:24:45.618228+00:00> GetHands
2022-02-10 23:24:46.167355+00:00> GetHands
2022-02-10 23:24:46.727801+00:00> GetHands
2022-02-10 23:24:47.274327+00:00> GetHands
2022-02-10 23:24:47.832811+00:00> GetHands
2022-02-10 23:24:48.393366+00:00> GetHands
2022-02-10 23:24:48.935597+00:00> GetHands
2022-02-10 23:24:49.497444+00:00> GetHands
2022-02-10 23:24:50.058970+00:00> GetHands
2022-02-10 23:24:50.593636+00:00> GetHands
2022-02-10 23:24:51.141873+00:00> GetHands
2022-02-10 23:24:51.704236+00:00> GetHands
2022-02-10 23:24:52.265858+00:00> GetHands
2022-02-10 23:24:52.810577+00:00> GetHands
2022-02-10 23:24:53.370516+00:00> GetHands
2022-02-10 23:24:53.917382+00:00> GetHands
2022-02-10 23:24:54.476814+00:00> GetHands
2022-02-10 23:24:55.038666+00:00> GetHands
2022-02-10 23:24:55.600022+00:00> GetHands
2022-02-10 23:24:56.160579+00:00> GetHands
2022-02-10 23:24:56.721079+00:00> GetHands
2022-02-10 23:24:57.270157+00:00> GetHands
2022-02-10 23:24:57.816781+00:00> GetHands
2022-02-10 23:24:58.362480+00:00> GetHands
2022-02-10 23:24:58.909104+00:00> GetHands
2022-02-10 23:24:59.457579+00:00> GetHands
2022-02-10 23:25:00.004400+00:00> GetHands
2022-02-10 23:25:00.564999+00:00> GetHands
2022-02-10 23:25:01.095350+00:00> GetHands
2022-02-10 23:25:01.640298+00:00> GetHands
2022-02-10 23:25:02.186388+00:00> GetHands
2022-02-10 23:25:02.732546+00:00> GetHands
2022-02-10 23:25:03.279245+00:00> GetHands
2022-02-10 23:25:03.840227+00:00> GetHands
2022-02-10 23:25:04.384563+00:00> GetHands
2022-02-10 23:25:04.930380+00:00> GetHands
2022-02-10 23:25:05.476785+00:00> GetHands
2022-02-10 23:25:06.020172+00:00> GetHands
2022-02-10 23:25:06.564650+00:00> GetHands
2022-02-10 23:25:07.107430+00:00> GetHands
2022-02-10 23:25:07.653319+00:00> GetHands
2022-02-10 23:25:08.199071+00:00> GetHands
2022-02-10 23:25:08.745357+00:00> GetHands
2022-02-10 23:25:09.291065+00:00> GetHands
2022-02-10 23:25:09.824172+00:00> GetHands
2022-02-10 23:25:10.359902+00:00> GetHands
2022-02-10 23:25:10.892418+00:00> GetHands
2022-02-10 23:25:11.454574+00:00> GetHands
2022-02-10 23:25:11.999424+00:00> GetHands
2022-02-10 23:25:12.541776+00:00> GetHands
2022-02-10 23:25:13.075321+00:00> GetHands
2022-02-10 23:25:13.617444+00:00> GetHands
2022-02-10 23:25:14.162511+00:00> GetHands
2022-02-10 23:25:14.694980+00:00> GetHands
2022-02-10 23:25:15.240603+00:00> GetHands
2022-02-10 23:25:15.785048+00:00> GetHands
2022-02-10 23:25:16.331265+00:00> GetHands
2022-02-10 23:25:16.876100+00:00> GetHands
2022-02-10 23:25:17.408746+00:00> GetHands
2022-02-10 23:25:17.952213+00:00> GetHands
2022-02-10 23:25:18.495852+00:00> GetHands
2022-02-10 23:25:19.042018+00:00> GetHands
2022-02-10 23:25:19.582909+00:00> GetHands
2022-02-10 23:25:20.130036+00:00> GetHands
2022-02-10 23:25:20.674601+00:00> GetHands
2022-02-10 23:25:21.207663+00:00> GetHands
2022-02-10 23:25:21.742226+00:00> GetHands
2022-02-10 23:25:22.288761+00:00> GetHands
2022-02-10 23:25:22.817958+00:00> GetHands
2022-02-10 23:25:23.364807+00:00> GetHands
2022-02-10 23:25:23.911443+00:00> GetHands
2022-02-10 23:25:24.454883+00:00> GetHands
2022-02-10 23:25:24.986835+00:00> GetHands
2022-02-10 23:25:25.531353+00:00> GetHands
2022-02-10 23:25:26.077624+00:00> GetHands
2022-02-10 23:25:26.609923+00:00> GetHands
2022-02-10 23:25:27.156390+00:00> GetHands
2022-02-10 23:25:27.701131+00:00> GetHands
2022-02-10 23:25:28.234833+00:00> GetHands
2022-02-10 23:25:28.780608+00:00> GetHands
2022-02-10 23:25:29.324846+00:00> GetHands
2022-02-10 23:25:29.869132+00:00> GetHands
2022-02-10 23:25:30.413625+00:00> GetHands
2022-02-10 23:25:30.960226+00:00> GetHands
2022-02-10 23:25:31.505714+00:00> GetHands
2022-02-10 23:25:32.048540+00:00> GetHands
2022-02-10 23:25:32.594453+00:00> GetHands
2022-02-10 23:25:33.139529+00:00> GetHands
2022-02-10 23:25:33.684326+00:00> GetHands
2022-02-10 23:25:34.227037+00:00> GetHands
2022-02-10 23:25:34.768809+00:00> GetHands
2022-02-10 23:25:35.315880+00:00> GetHands
2022-02-10 23:25:35.848994+00:00> GetHands
2022-02-10 23:25:36.393037+00:00> GetHands
2022-02-10 23:25:36.936753+00:00> GetHands
2022-02-10 23:25:37.468488+00:00> GetHands
2022-02-10 23:25:38.003353+00:00> GetHands
2022-02-10 23:25:38.553567+00:00> GetHands
2022-02-10 23:25:39.106330+00:00> GetHands
2022-02-10 23:25:39.654604+00:00> GetHands
2022-02-10 23:25:40.215981+00:00> GetHands
2022-02-10 23:25:40.777961+00:00> GetHands
2022-02-10 23:25:41.329833+00:00> GetHands
2022-02-10 23:25:41.869584+00:00> GetHands
2022-02-10 23:25:42.423441+00:00> GetHands
2022-02-10 23:25:42.970577+00:00> GetHands
2022-02-10 23:25:43.521730+00:00> GetHands
2022-02-10 23:25:44.073440+00:00> GetHands
2022-02-10 23:25:44.612860+00:00> GetHands
2022-02-10 23:25:45.150306+00:00> GetHands
2022-02-10 23:25:45.688300+00:00> GetHands
2022-02-10 23:25:46.232578+00:00> GetHands
2022-02-10 23:25:46.778427+00:00> GetHands
2022-02-10 23:25:47.315100+00:00> GetHands
2022-02-10 23:25:47.849526+00:00> GetHands
2022-02-10 23:25:48.385817+00:00> GetHands
2022-02-10 23:25:48.918673+00:00> GetHands
2022-02-10 23:25:49.463640+00:00> GetHands
2022-02-10 23:25:49.998484+00:00> GetHands
2022-02-10 23:25:50.534275+00:00> GetHands
2022-02-10 23:25:51.069631+00:00> GetHands
2022-02-10 23:25:51.605850+00:00> GetHands
2022-02-10 23:25:52.143164+00:00> GetHands
2022-02-10 23:25:52.682313+00:00> GetHands
2022-02-10 23:25:53.218969+00:00> GetHands
2022-02-10 23:25:53.763797+00:00> GetHands
2022-02-10 23:25:54.302133+00:00> GetHands
2022-02-10 23:25:54.840585+00:00> GetHands
2022-02-10 23:25:55.374353+00:00> GetHands
2022-02-10 23:25:55.921173+00:00> GetHands
2022-02-10 23:25:56.459485+00:00> GetHands
2022-02-10 23:25:56.993301+00:00> GetHands
2022-02-10 23:25:57.530696+00:00> GetHands
2022-02-10 23:25:58.063548+00:00> GetHands
2022-02-10 23:25:58.597898+00:00> GetHands
2022-02-10 23:25:59.138889+00:00> GetHands
2022-02-10 23:25:59.674735+00:00> GetHands
2022-02-10 23:26:00.213000+00:00> GetHands
2022-02-10 23:26:00.747171+00:00> GetHands
2022-02-10 23:26:01.280640+00:00> GetHands
2022-02-10 23:26:01.824057+00:00> GetHands
2022-02-10 23:26:02.369239+00:00> GetHands
2022-02-10 23:26:02.909745+00:00> GetHands
2022-02-10 23:26:03.456218+00:00> GetHands
2022-02-10 23:26:04.002240+00:00> GetHands
2022-02-10 23:26:04.543479+00:00> GetHands
2022-02-10 23:26:05.076786+00:00> GetHands
2022-02-10 23:26:05.623302+00:00> GetHands
2022-02-10 23:26:06.168927+00:00> GetHands
2022-02-10 23:26:06.701701+00:00> GetHands
2022-02-10 23:26:07.246767+00:00> GetHands
2022-02-10 23:26:07.778620+00:00> GetHands
2022-02-10 23:26:08.310156+00:00> GetHands
2022-02-10 23:26:08.842286+00:00> GetHands
2022-02-10 23:26:09.374727+00:00> GetHands
2022-02-10 23:26:09.921153+00:00> GetHands
2022-02-10 23:26:10.451916+00:00> GetHands
2022-02-10 23:26:10.987020+00:00> GetHands
2022-02-10 23:26:11.548181+00:00> GetHands
2022-02-10 23:26:12.079125+00:00> GetHands
2022-02-10 23:26:12.641076+00:00> GetHands
2022-02-10 23:26:13.170219+00:00> GetHands
2022-02-10 23:26:13.700835+00:00> GetHands
2022-02-10 23:26:14.262169+00:00> GetHands
2022-02-10 23:26:14.808479+00:00> GetHands
2022-02-10 23:26:15.351740+00:00> GetHands
2022-02-10 23:26:15.892612+00:00> GetHands
2022-02-10 23:26:16.439226+00:00> GetHands
2022-02-10 23:26:16.972237+00:00> GetHands
2022-02-10 23:26:17.516270+00:00> GetHands
2022-02-10 23:26:18.062538+00:00> GetHands
2022-02-10 23:26:18.606646+00:00> GetHands
2022-02-10 23:26:19.151479+00:00> GetHands
2022-02-10 23:26:19.695587+00:00> GetHands
2022-02-10 23:26:20.241475+00:00> GetHands
2022-02-10 23:26:20.787327+00:00> GetHands
2022-02-10 23:26:21.330577+00:00> GetHands
2022-02-10 23:26:21.874051+00:00> GetHands
2022-02-10 23:26:22.420567+00:00> GetHands
2022-02-10 23:26:22.956385+00:00> GetHands
2022-02-10 23:26:23.499966+00:00> GetHands
2022-02-10 23:26:24.043079+00:00> GetHands
2022-02-10 23:26:24.588979+00:00> GetHands
2022-02-10 23:26:25.135328+00:00> GetHands
2022-02-10 23:26:25.678314+00:00> GetHands
2022-02-10 23:26:26.223118+00:00> GetHands
2022-02-10 23:26:26.768823+00:00> GetHands
2022-02-10 23:26:27.314236+00:00> GetHands
2022-02-10 23:26:27.856772+00:00> GetHands
2022-02-10 23:26:28.402691+00:00> GetHands
2022-02-10 23:26:28.946045+00:00> GetHands
2022-02-10 23:26:29.492029+00:00> GetHands
2022-02-10 23:26:30.037128+00:00> GetHands
2022-02-10 23:26:30.581557+00:00> GetHands
2022-02-10 23:26:31.127685+00:00> GetHands
2022-02-10 23:26:31.668581+00:00> GetHands
2022-02-10 23:26:32.213921+00:00> GetHands
2022-02-10 23:26:32.758516+00:00> GetHands
2022-02-10 23:26:33.302055+00:00> GetHands
2022-02-10 23:26:33.848023+00:00> GetHands
2022-02-10 23:26:34.391907+00:00> GetHands
2022-02-10 23:26:34.922008+00:00> GetHands
2022-02-10 23:26:35.454555+00:00> GetHands
2022-02-10 23:26:35.988171+00:00> GetHands
2022-02-10 23:26:36.519755+00:00> GetHands
2022-02-10 23:26:37.052665+00:00> GetHands
2022-02-10 23:26:37.597572+00:00> GetHands
2022-02-10 23:26:38.160388+00:00> GetHands
2022-02-10 23:26:38.691815+00:00> GetHands
2022-02-10 23:26:39.235425+00:00> GetHands
2022-02-10 23:26:39.781139+00:00> GetHands
2022-02-10 23:26:40.313492+00:00> GetHands
2022-02-10 23:26:40.857464+00:00> GetHands
2022-02-10 23:26:41.402856+00:00> GetHands
2022-02-10 23:26:41.931658+00:00> GetHands
2022-02-10 23:26:42.474628+00:00> GetHands
2022-02-10 23:26:43.018897+00:00> GetHands
2022-02-10 23:26:43.562461+00:00> GetHands
2022-02-10 23:26:44.106232+00:00> GetHands
2022-02-10 23:26:44.650172+00:00> GetHands
2022-02-10 23:26:45.191770+00:00> GetHands
2022-02-10 23:26:45.736345+00:00> GetHands
2022-02-10 23:26:46.280416+00:00> GetHands
2022-02-10 23:26:46.825144+00:00> GetHands
2022-02-10 23:26:47.370374+00:00> GetHands
2022-02-10 23:26:47.916424+00:00> GetHands
2022-02-10 23:26:48.458134+00:00> GetHands
2022-02-10 23:26:48.993056+00:00> GetHands
2022-02-10 23:26:49.539098+00:00> GetHands
2022-02-10 23:26:50.079302+00:00> GetHands
2022-02-10 23:26:50.626234+00:00> GetHands
2022-02-10 23:26:51.164319+00:00> GetHands
2022-02-10 23:26:51.709074+00:00> GetHands
2022-02-10 23:26:52.253155+00:00> GetHands
2022-02-10 23:26:52.797845+00:00> GetHands
2022-02-10 23:26:53.342213+00:00> GetHands
2022-02-10 23:26:53.887931+00:00> GetHands
2022-02-10 23:26:54.432960+00:00> GetHands
2022-02-10 23:26:54.964710+00:00> GetHands
2022-02-10 23:26:55.508150+00:00> GetHands
2022-02-10 23:26:56.041218+00:00> GetHands
2022-02-10 23:26:56.586627+00:00> GetHands
2022-02-10 23:26:57.129257+00:00> GetHands
2022-02-10 23:26:57.675456+00:00> GetHands
2022-02-10 23:26:58.222271+00:00> GetHands
2022-02-10 23:26:58.767441+00:00> GetHands
2022-02-10 23:26:59.313383+00:00> GetHands
2022-02-10 23:26:59.854742+00:00> GetHands
2022-02-10 23:27:00.388414+00:00> GetHands
2022-02-10 23:27:00.921437+00:00> GetHands
2022-02-10 23:27:01.455635+00:00> GetHands
2022-02-10 23:27:01.998014+00:00> GetHands
2022-02-10 23:27:02.531290+00:00> GetHands
2022-02-10 23:27:03.076396+00:00> GetHands
2022-02-10 23:27:03.621746+00:00> GetHands
2022-02-10 23:27:04.169210+00:00> GetHands
2022-02-10 23:27:04.714113+00:00> GetHands
2022-02-10 23:27:05.261011+00:00> GetHands
2022-02-10 23:27:05.803996+00:00> GetHands
2022-02-10 23:27:06.347102+00:00> GetHands
2022-02-10 23:27:06.894197+00:00> GetHands
2022-02-10 23:27:07.436607+00:00> GetHands
2022-02-10 23:27:07.979941+00:00> GetHands
2022-02-10 23:27:08.512096+00:00> GetHands
2022-02-10 23:27:09.056607+00:00> GetHands
2022-02-10 23:27:09.599116+00:00> GetHands
2022-02-10 23:27:10.143623+00:00> GetHands
2022-02-10 23:27:10.676644+00:00> GetHands
2022-02-10 23:27:11.220789+00:00> GetHands
2022-02-10 23:27:11.765384+00:00> GetHands
2022-02-10 23:27:12.298640+00:00> GetHands
2022-02-10 23:27:12.840916+00:00> GetHands
2022-02-10 23:27:13.385297+00:00> GetHands
2022-02-10 23:27:13.926767+00:00> GetHands
2022-02-10 23:27:14.473016+00:00> GetHands
2022-02-10 23:27:15.018323+00:00> GetHands
2022-02-10 23:27:15.562239+00:00> GetHands
2022-02-10 23:27:16.095325+00:00> GetHands
2022-02-10 23:27:16.636717+00:00> GetHands
2022-02-10 23:27:17.180098+00:00> GetHands
2022-02-10 23:27:17.723687+00:00> GetHands
2022-02-10 23:27:18.267976+00:00> GetHands
2022-02-10 23:27:18.812454+00:00> GetHands
2022-02-10 23:27:19.351203+00:00> GetHands
2022-02-10 23:27:19.890197+00:00> GetHands
2022-02-10 23:27:20.438727+00:00> GetHands
2022-02-10 23:27:21.004670+00:00> GetHands
2022-02-10 23:27:21.542756+00:00> GetHands
2022-02-10 23:27:22.083703+00:00> GetHands
2022-02-10 23:27:22.633812+00:00> GetHands
2022-02-10 23:27:23.170136+00:00> GetHands
2022-02-10 23:27:23.703521+00:00> GetHands
2022-02-10 23:27:24.237462+00:00> GetHands
2022-02-10 23:27:24.783813+00:00> GetHands
2022-02-10 23:27:25.321029+00:00> GetHands
2022-02-10 23:27:25.858302+00:00> GetHands
2022-02-10 23:27:26.393093+00:00> GetHands
2022-02-10 23:27:26.968974+00:00> GetHands
2022-02-10 23:27:27.519760+00:00> GetHands
2022-02-10 23:27:28.056704+00:00> GetHands
2022-02-10 23:27:28.589414+00:00> GetHands
2022-02-10 23:27:29.128003+00:00> GetHands
2022-02-10 23:27:29.674147+00:00> GetHands
2022-02-10 23:27:30.211621+00:00> GetHands
2022-02-10 23:27:30.744813+00:00> GetHands
2022-02-10 23:27:31.278942+00:00> GetHands
2022-02-10 23:27:31.808393+00:00> GetHands
2022-02-10 23:27:32.352559+00:00> GetHands
2022-02-10 23:27:32.888340+00:00> GetHands
2022-02-10 23:27:33.435292+00:00> GetHands
2022-02-10 23:27:33.978068+00:00> GetHands
2022-02-10 23:27:34.513475+00:00> GetHands
2022-02-10 23:27:35.052620+00:00> GetHands
2022-02-10 23:27:35.585734+00:00> GetHands
2022-02-10 23:27:36.118118+00:00> GetHands
2022-02-10 23:27:36.663796+00:00> GetHands
2022-02-10 23:27:37.208905+00:00> GetHands
2022-02-10 23:27:37.754804+00:00> GetHands
2022-02-10 23:27:38.295657+00:00> GetHands
2022-02-10 23:27:38.832390+00:00> GetHands
2022-02-10 23:27:39.370298+00:00> GetHands
2022-02-10 23:27:39.907919+00:00> GetHands
2022-02-10 23:27:40.453560+00:00> GetHands
2022-02-10 23:27:40.987310+00:00> GetHands
2022-02-10 23:27:41.530824+00:00> GetHands
2022-02-10 23:27:42.063194+00:00> GetHands
2022-02-10 23:27:42.607016+00:00> GetHands
2022-02-10 23:27:43.139279+00:00> GetHands
2022-02-10 23:27:43.684545+00:00> GetHands
2022-02-10 23:27:44.229804+00:00> GetHands
2022-02-10 23:27:44.775063+00:00> GetHands
2022-02-10 23:27:45.321139+00:00> GetHands
2022-02-10 23:27:45.866455+00:00> GetHands
2022-02-10 23:27:46.403159+00:00> GetHands
2022-02-10 23:27:46.938737+00:00> GetHands
2022-02-10 23:27:47.484867+00:00> GetHands
2022-02-10 23:27:48.017991+00:00> GetHands
2022-02-10 23:27:48.550526+00:00> GetHands
2022-02-10 23:27:49.096228+00:00> GetHands
2022-02-10 23:27:49.642641+00:00> GetHands
2022-02-10 23:27:50.179279+00:00> GetHands
2022-02-10 23:27:50.712798+00:00> GetHands
2022-02-10 23:27:51.257948+00:00> GetHands
2022-02-10 23:27:51.791736+00:00> GetHands
2022-02-10 23:27:52.337565+00:00> GetHands
2022-02-10 23:27:52.872594+00:00> GetHands
2022-02-10 23:27:53.405794+00:00> GetHands
2022-02-10 23:27:53.939095+00:00> GetHands
2022-02-10 23:27:54.480841+00:00> GetHands
2022-02-10 23:27:55.014427+00:00> GetHands
2022-02-10 23:27:55.551007+00:00> GetHands
2022-02-10 23:27:56.095901+00:00> GetHands
2022-02-10 23:27:56.629935+00:00> GetHands
2022-02-10 23:27:57.167911+00:00> GetHands
2022-02-10 23:27:57.704587+00:00> GetHands
2022-02-10 23:27:58.238599+00:00> GetHands
2022-02-10 23:27:58.770859+00:00> GetHands
2022-02-10 23:27:59.307785+00:00> GetHands
2022-02-10 23:27:59.840033+00:00> GetHands
2022-02-10 23:28:00.376280+00:00> GetHands
2022-02-10 23:28:00.923571+00:00> GetHands
2022-02-10 23:28:01.459015+00:00> GetHands
2022-02-10 23:28:01.994613+00:00> GetHands
2022-02-10 23:28:02.529886+00:00> GetHands
2022-02-10 23:28:03.062901+00:00> GetHands
2022-02-10 23:28:03.598660+00:00> GetHands
2022-02-10 23:28:04.133686+00:00> GetHands
2022-02-10 23:28:04.667800+00:00> GetHands
2022-02-10 23:28:05.205435+00:00> GetHands
2022-02-10 23:28:05.736847+00:00> GetHands
2022-02-10 23:28:06.271000+00:00> GetHands
2022-02-10 23:28:06.816604+00:00> GetHands
2022-02-10 23:28:07.347156+00:00> GetHands
2022-02-10 23:28:07.893382+00:00> GetHands
2022-02-10 23:28:08.439528+00:00> GetHands
2022-02-10 23:28:08.987734+00:00> GetHands
2022-02-10 23:28:09.533201+00:00> GetHands
2022-02-10 23:28:10.076253+00:00> GetHands
2022-02-10 23:28:10.621496+00:00> GetHands
2022-02-10 23:28:11.168407+00:00> GetHands
2022-02-10 23:28:11.696072+00:00> GetHands
2022-02-10 23:28:12.229142+00:00> GetHands
2022-02-10 23:28:12.760979+00:00> GetHands
2022-02-10 23:28:13.298140+00:00> GetHands
2022-02-10 23:28:13.830548+00:00> GetHands
2022-02-10 23:28:14.376320+00:00> GetHands
2022-02-10 23:28:14.921584+00:00> GetHands
2022-02-10 23:28:15.454536+00:00> GetHands
2022-02-10 23:28:15.986645+00:00> GetHands
2022-02-10 23:28:16.519101+00:00> GetHands
2022-02-10 23:28:17.049376+00:00> GetHands
2022-02-10 23:28:17.586454+00:00> GetHands
2022-02-10 23:28:18.119355+00:00> GetHands
2022-02-10 23:28:18.653393+00:00> GetHands
2022-02-10 23:28:19.198949+00:00> GetHands
2022-02-10 23:28:19.760584+00:00> GetHands
2022-02-10 23:28:20.312342+00:00> GetHands
2022-02-10 23:28:20.866924+00:00> GetHands
2022-02-10 23:28:21.415227+00:00> GetHands
2022-02-10 23:28:21.958027+00:00> GetHands
2022-02-10 23:28:22.503079+00:00> GetHands
2022-02-10 23:28:23.048623+00:00> GetHands
2022-02-10 23:28:23.593912+00:00> GetHands
2022-02-10 23:28:24.138187+00:00> GetHands
2022-02-10 23:28:24.684844+00:00> GetHands
2022-02-10 23:28:25.227264+00:00> GetHands
2022-02-10 23:28:25.770161+00:00> GetHands
2022-02-10 23:28:26.315054+00:00> GetHands
2022-02-10 23:28:26.860346+00:00> GetHands
2022-02-10 23:28:27.396600+00:00> GetHands
2022-02-10 23:28:27.958116+00:00> GetHands
2022-02-10 23:28:28.503632+00:00> GetHands
2022-02-10 23:28:29.046068+00:00> GetHands
2022-02-10 23:28:29.589746+00:00> GetHands
2022-02-10 23:28:30.135505+00:00> GetHands
2022-02-10 23:28:30.668179+00:00> GetHands
2022-02-10 23:28:31.207526+00:00> GetHands
2022-02-10 23:28:31.768199+00:00> GetHands
2022-02-10 23:28:32.314412+00:00> GetHands
2022-02-10 23:28:32.858437+00:00> GetHands
2022-02-10 23:28:33.401757+00:00> GetHands
2022-02-10 23:28:33.946801+00:00> GetHands
2022-02-10 23:28:34.491002+00:00> GetHands
2022-02-10 23:28:35.024494+00:00> GetHands
2022-02-10 23:28:35.568721+00:00> GetHands
2022-02-10 23:28:36.110700+00:00> GetHands
2022-02-10 23:28:36.656955+00:00> GetHands
2022-02-10 23:28:37.199708+00:00> GetHands
2022-02-10 23:28:37.741892+00:00> GetHands
2022-02-10 23:28:38.287570+00:00> GetHands
2022-02-10 23:28:38.832478+00:00> GetHands
2022-02-10 23:28:39.375092+00:00> GetHands
2022-02-10 23:28:39.919089+00:00> GetHands
2022-02-10 23:28:40.463630+00:00> GetHands
2022-02-10 23:28:40.995792+00:00> GetHands
2022-02-10 23:28:41.542053+00:00> GetHands
2022-02-10 23:28:42.086814+00:00> GetHands
2022-02-10 23:28:42.630289+00:00> GetHands
2022-02-10 23:28:43.171957+00:00> GetHands
2022-02-10 23:28:43.718609+00:00> GetHands
2022-02-10 23:28:44.263149+00:00> GetHands
2022-02-10 23:28:44.805846+00:00> GetHands
2022-02-10 23:28:45.337572+00:00> GetHands
2022-02-10 23:28:45.881951+00:00> GetHands
2022-02-10 23:28:46.427011+00:00> GetHands
2022-02-10 23:28:46.973080+00:00> GetHands
2022-02-10 23:28:47.519244+00:00> GetHands
2022-02-10 23:28:48.061372+00:00> GetHands
2022-02-10 23:28:48.594820+00:00> GetHands
2022-02-10 23:28:49.138153+00:00> GetHands
2022-02-10 23:28:49.678659+00:00> GetHands
2022-02-10 23:28:50.224975+00:00> GetHands
2022-02-10 23:28:50.771019+00:00> GetHands
2022-02-10 23:28:51.317124+00:00> GetHands
2022-02-10 23:28:51.854141+00:00> GetHands
2022-02-10 23:28:52.385855+00:00> GetHands
2022-02-10 23:28:52.928103+00:00> GetHands
2022-02-10 23:28:53.470654+00:00> GetHands
2022-02-10 23:28:54.015135+00:00> GetHands
2022-02-10 23:28:54.560820+00:00> GetHands
2022-02-10 23:28:55.103277+00:00> GetHands
2022-02-10 23:28:55.648029+00:00> GetHands
2022-02-10 23:28:56.192015+00:00> GetHands
2022-02-10 23:28:56.738137+00:00> GetHands
2022-02-10 23:28:57.280305+00:00> GetHands
2022-02-10 23:28:57.812434+00:00> GetHands
2022-02-10 23:28:58.356118+00:00> GetHands
2022-02-10 23:28:58.901308+00:00> GetHands
2022-02-10 23:28:59.445601+00:00> GetHands
2022-02-10 23:28:59.989351+00:00> GetHands
2022-02-10 23:29:00.535743+00:00> GetHands
2022-02-10 23:29:01.093776+00:00> GetHands
2022-02-10 23:29:01.636156+00:00> GetHands
2022-02-10 23:29:02.182759+00:00> GetHands
2022-02-10 23:29:02.743426+00:00> GetHands
2022-02-10 23:29:03.285559+00:00> GetHands
2022-02-10 23:29:03.817231+00:00> GetHands
2022-02-10 23:29:04.359784+00:00> GetHands
2022-02-10 23:29:04.893059+00:00> GetHands
2022-02-10 23:29:05.435778+00:00> GetHands
2022-02-10 23:29:05.977101+00:00> GetHands
2022-02-10 23:29:06.521033+00:00> GetHands
2022-02-10 23:29:07.060659+00:00> GetHands
2022-02-10 23:29:07.598610+00:00> GetHands
2022-02-10 23:29:08.142522+00:00> GetHands
2022-02-10 23:29:08.688693+00:00> GetHands
2022-02-10 23:29:09.230070+00:00> GetHands
2022-02-10 23:29:09.775820+00:00> GetHands
2022-02-10 23:29:10.319375+00:00> GetHands
2022-02-10 23:29:10.864822+00:00> GetHands
2022-02-10 23:29:11.411293+00:00> GetHands
2022-02-10 23:29:11.955468+00:00> GetHands
2022-02-10 23:29:12.487706+00:00> GetHands
2022-02-10 23:29:13.033401+00:00> GetHands
2022-02-10 23:29:13.578029+00:00> GetHands
2022-02-10 23:29:14.124294+00:00> GetHands
2022-02-10 23:29:14.667986+00:00> GetHands
2022-02-10 23:29:15.203587+00:00> GetHands
2022-02-10 23:29:15.749773+00:00> GetHands
2022-02-10 23:29:16.295540+00:00> GetHands
2022-02-10 23:29:16.840908+00:00> GetHands
2022-02-10 23:29:17.381839+00:00> GetHands
2022-02-10 23:29:17.925700+00:00> GetHands
2022-02-10 23:29:18.468671+00:00> GetHands
2022-02-10 23:29:19.012669+00:00> GetHands
2022-02-10 23:29:19.556558+00:00> GetHands
2022-02-10 23:29:20.103092+00:00> GetHands
2022-02-10 23:29:20.635221+00:00> GetHands
2022-02-10 23:29:21.179208+00:00> GetHands
2022-02-10 23:29:21.721671+00:00> GetHands
2022-02-10 23:29:22.264942+00:00> GetHands
2022-02-10 23:29:22.808972+00:00> GetHands
2022-02-10 23:29:23.355457+00:00> GetHands
2022-02-10 23:29:23.898722+00:00> GetHands
2022-02-10 23:29:24.442395+00:00> GetHands
2022-02-10 23:29:24.989199+00:00> GetHands
2022-02-10 23:29:25.533860+00:00> GetHands
2022-02-10 23:29:26.076770+00:00> GetHands
2022-02-10 23:29:26.619805+00:00> GetHands
2022-02-10 23:29:27.162579+00:00> GetHands
2022-02-10 23:29:27.694370+00:00> GetHands
2022-02-10 23:29:28.239014+00:00> GetHands
2022-02-10 23:29:28.785235+00:00> GetHands
2022-02-10 23:29:29.331122+00:00> GetHands
2022-02-10 23:29:29.876519+00:00> GetHands
2022-02-10 23:29:30.418128+00:00> GetHands
2022-02-10 23:29:30.958098+00:00> GetHands
2022-02-10 23:29:31.502718+00:00> GetHands
2022-02-10 23:29:32.046966+00:00> GetHands
2022-02-10 23:29:32.591854+00:00> GetHands
2022-02-10 23:29:33.133038+00:00> GetHands
2022-02-10 23:29:33.674523+00:00> GetHands
2022-02-10 23:29:34.218261+00:00> GetHands
2022-02-10 23:29:34.762480+00:00> GetHands
2022-02-10 23:29:35.307915+00:00> GetHands
2022-02-10 23:29:35.852784+00:00> GetHands
2022-02-10 23:29:36.396797+00:00> GetHands
2022-02-10 23:29:36.940729+00:00> GetHands
2022-02-10 23:29:37.483526+00:00> GetHands
2022-02-10 23:29:38.026358+00:00> GetHands
2022-02-10 23:29:38.569586+00:00> GetHands
2022-02-10 23:29:39.116295+00:00> GetHands
2022-02-10 23:29:39.655038+00:00> GetHands
2022-02-10 23:29:40.196969+00:00> GetHands
2022-02-10 23:29:40.739658+00:00> GetHands
2022-02-10 23:29:41.284172+00:00> GetHands
2022-02-10 23:29:41.830415+00:00> GetHands
2022-02-10 23:29:42.375540+00:00> GetHands
2022-02-10 23:29:42.920603+00:00> GetHands
2022-02-10 23:29:43.461167+00:00> GetHands
2022-02-10 23:29:44.005976+00:00> GetHands
2022-02-10 23:29:44.548062+00:00> GetHands
2022-02-10 23:29:45.088157+00:00> GetHands
2022-02-10 23:29:45.630500+00:00> GetHands
2022-02-10 23:29:46.174871+00:00> GetHands
2022-02-10 23:29:46.717991+00:00> GetHands
2022-02-10 23:29:47.264668+00:00> GetHands
2022-02-10 23:29:47.794631+00:00> GetHands
2022-02-10 23:29:48.338488+00:00> GetHands
2022-02-10 23:29:48.883667+00:00> GetHands
2022-02-10 23:29:49.429930+00:00> GetHands
2022-02-10 23:29:49.976296+00:00> GetHands
2022-02-10 23:29:50.520037+00:00> GetHands
2022-02-10 23:29:51.063650+00:00> GetHands
2022-02-10 23:29:51.609656+00:00> GetHands
2022-02-10 23:29:52.141956+00:00> GetHands
2022-02-10 23:29:52.688608+00:00> GetHands
2022-02-10 23:29:53.232957+00:00> GetHands
2022-02-10 23:29:53.777347+00:00> GetHands
2022-02-10 23:29:54.322479+00:00> GetHands
2022-02-10 23:29:54.866285+00:00> GetHands
2022-02-10 23:29:55.412818+00:00> GetHands
2022-02-10 23:29:55.957403+00:00> GetHands
2022-02-10 23:29:56.503375+00:00> GetHands
2022-02-10 23:29:57.048335+00:00> GetHands
2022-02-10 23:29:57.591847+00:00> GetHands
2022-02-10 23:29:58.135127+00:00> GetHands
2022-02-10 23:29:58.681697+00:00> GetHands
2022-02-10 23:29:59.226725+00:00> GetHands
2022-02-10 23:29:59.768184+00:00> GetHands
2022-02-10 23:30:00.311893+00:00> GetHands
2022-02-10 23:30:00.857537+00:00> GetHands
2022-02-10 23:30:01.401537+00:00> GetHands
2022-02-10 23:30:01.944913+00:00> GetHands
2022-02-10 23:30:02.490983+00:00> GetHands
2022-02-10 23:30:03.034575+00:00> GetHands
2022-02-10 23:30:03.576954+00:00> GetHands
2022-02-10 23:30:04.120655+00:00> GetHands
2022-02-10 23:30:04.653716+00:00> GetHands
2022-02-10 23:30:05.195175+00:00> GetHands
2022-02-10 23:30:05.727527+00:00> GetHands
2022-02-10 23:30:06.275311+00:00> GetHands
2022-02-10 23:30:06.806937+00:00> GetHands
2022-02-10 23:30:07.352770+00:00> GetHands
2022-02-10 23:30:07.896208+00:00> GetHands
2022-02-10 23:30:08.441278+00:00> GetHands
2022-02-10 23:30:08.987644+00:00> GetHands
2022-02-10 23:30:09.531717+00:00> GetHands
2022-02-10 23:30:10.076420+00:00> GetHands
2022-02-10 23:30:10.621512+00:00> GetHands
2022-02-10 23:30:11.168642+00:00> GetHands
2022-02-10 23:30:11.710645+00:00> GetHands
2022-02-10 23:30:12.254138+00:00> GetHands
2022-02-10 23:30:12.798344+00:00> GetHands
2022-02-10 23:30:13.341994+00:00> GetHands
2022-02-10 23:30:13.887030+00:00> GetHands
2022-02-10 23:30:14.432250+00:00> GetHands
2022-02-10 23:30:14.978478+00:00> GetHands
2022-02-10 23:30:15.520908+00:00> GetHands
2022-02-10 23:30:16.064565+00:00> GetHands
2022-02-10 23:30:16.610077+00:00> GetHands
2022-02-10 23:30:17.156259+00:00> GetHands
2022-02-10 23:30:17.699121+00:00> GetHands
2022-02-10 23:30:18.242778+00:00> GetHands
2022-02-10 23:30:18.787758+00:00> GetHands
2022-02-10 23:30:19.330354+00:00> GetHands
2022-02-10 23:30:19.861538+00:00> GetHands
2022-02-10 23:30:20.405151+00:00> GetHands
2022-02-10 23:30:20.948347+00:00> GetHands
2022-02-10 23:30:21.494124+00:00> GetHands
2022-02-10 23:30:22.037733+00:00> GetHands
2022-02-10 23:30:22.580213+00:00> GetHands
2022-02-10 23:30:23.113636+00:00> GetHands
2022-02-10 23:30:23.658487+00:00> GetHands
2022-02-10 23:30:24.199719+00:00> GetHands
2022-02-10 23:30:24.742802+00:00> GetHands
2022-02-10 23:30:25.287561+00:00> GetHands
2022-02-10 23:30:25.830732+00:00> GetHands
2022-02-10 23:30:26.375845+00:00> GetHands
2022-02-10 23:30:26.921198+00:00> GetHands
2022-02-10 23:30:27.467306+00:00> GetHands
2022-02-10 23:30:28.010471+00:00> GetHands
2022-02-10 23:30:28.554344+00:00> GetHands
2022-02-10 23:30:29.098634+00:00> GetHands
2022-02-10 23:30:29.640934+00:00> GetHands
2022-02-10 23:30:30.186473+00:00> GetHands
2022-02-10 23:30:30.730113+00:00> GetHands
2022-02-10 23:30:31.275698+00:00> GetHands
2022-02-10 23:30:31.821215+00:00> GetHands
2022-02-10 23:30:32.361838+00:00> GetHands
2022-02-10 23:30:32.905551+00:00> GetHands
2022-02-10 23:30:33.451233+00:00> GetHands
2022-02-10 23:30:33.994349+00:00> GetHands
2022-02-10 23:30:34.539963+00:00> GetHands
2022-02-10 23:30:35.081716+00:00> GetHands
2022-02-10 23:30:35.627396+00:00> GetHands
2022-02-10 23:30:36.159238+00:00> GetHands
2022-02-10 23:30:36.701893+00:00> GetHands
2022-02-10 23:30:37.248287+00:00> GetHands
2022-02-10 23:30:37.791633+00:00> GetHands
2022-02-10 23:30:38.333400+00:00> GetHands
2022-02-10 23:30:38.877776+00:00> GetHands
2022-02-10 23:30:39.410191+00:00> GetHands
2022-02-10 23:30:39.954194+00:00> GetHands
2022-02-10 23:30:40.499777+00:00> GetHands
2022-02-10 23:30:41.045629+00:00> GetHands
2022-02-10 23:30:41.588596+00:00> GetHands
2022-02-10 23:30:42.134331+00:00> GetHands
2022-02-10 23:30:42.679128+00:00> GetHands
2022-02-10 23:30:43.221192+00:00> GetHands
2022-02-10 23:30:43.760858+00:00> GetHands
2022-02-10 23:30:44.305220+00:00> GetHands
2022-02-10 23:30:44.844990+00:00> GetHands
2022-02-10 23:30:45.390705+00:00> GetHands
2022-02-10 23:30:45.932642+00:00> GetHands
2022-02-10 23:30:46.479079+00:00> GetHands
2022-02-10 23:30:47.021872+00:00> GetHands
2022-02-10 23:30:47.552882+00:00> GetHands
2022-02-10 23:30:48.094400+00:00> GetHands
2022-02-10 23:30:48.638272+00:00> GetHands
2022-02-10 23:30:49.182347+00:00> GetHands
2022-02-10 23:30:49.726859+00:00> GetHands
2022-02-10 23:30:50.271791+00:00> GetHands
2022-02-10 23:30:50.816563+00:00> GetHands
2022-02-10 23:30:51.357845+00:00> GetHands
2022-02-10 23:30:51.904370+00:00> GetHands
2022-02-10 23:30:52.436219+00:00> GetHands
2022-02-10 23:30:52.969313+00:00> GetHands
2022-02-10 23:30:53.514323+00:00> GetHands
2022-02-10 23:30:54.060561+00:00> GetHands
2022-02-10 23:30:54.591666+00:00> GetHands
2022-02-10 23:30:55.132822+00:00> GetHands
2022-02-10 23:30:55.674024+00:00> GetHands
2022-02-10 23:30:56.220814+00:00> GetHands
2022-02-10 23:30:56.766510+00:00> GetHands
2022-02-10 23:30:57.307877+00:00> GetHands
2022-02-10 23:30:57.854079+00:00> GetHands
2022-02-10 23:30:58.398772+00:00> GetHands
2022-02-10 23:30:58.941571+00:00> GetHands
2022-02-10 23:30:59.484651+00:00> GetHands
2022-02-10 23:31:00.028609+00:00> GetHands
2022-02-10 23:31:00.573961+00:00> GetHands
2022-02-10 23:31:01.119093+00:00> GetHands
2022-02-10 23:31:01.664777+00:00> GetHands
2022-02-10 23:31:02.211185+00:00> GetHands
2022-02-10 23:31:02.757485+00:00> GetHands
2022-02-10 23:31:03.300624+00:00> GetHands
2022-02-10 23:31:03.830955+00:00> GetHands
2022-02-10 23:31:04.376564+00:00> GetHands
2022-02-10 23:31:04.921583+00:00> GetHands
2022-02-10 23:31:05.465710+00:00> GetHands
2022-02-10 23:31:06.010064+00:00> GetHands
2022-02-10 23:31:06.555540+00:00> GetHands
2022-02-10 23:31:07.093155+00:00> GetHands
2022-02-10 23:31:07.638441+00:00> GetHands
2022-02-10 23:31:08.170699+00:00> GetHands
2022-02-10 23:31:08.717647+00:00> GetHands
2022-02-10 23:31:09.261311+00:00> GetHands
2022-02-10 23:31:09.806007+00:00> GetHands
2022-02-10 23:31:10.350544+00:00> GetHands
2022-02-10 23:31:10.896219+00:00> GetHands
2022-02-10 23:31:11.438129+00:00> GetHands
2022-02-10 23:31:11.984630+00:00> GetHands
2022-02-10 23:31:12.517943+00:00> GetHands
2022-02-10 23:31:13.062680+00:00> GetHands
2022-02-10 23:31:13.606418+00:00> GetHands
2022-02-10 23:31:14.140210+00:00> GetHands
2022-02-10 23:31:14.681830+00:00> GetHands
2022-02-10 23:31:15.226677+00:00> GetHands
2022-02-10 23:31:15.771723+00:00> GetHands
2022-02-10 23:31:16.318358+00:00> GetHands
2022-02-10 23:31:16.861125+00:00> GetHands
2022-02-10 23:31:17.402522+00:00> GetHands
2022-02-10 23:31:17.948639+00:00> GetHands
2022-02-10 23:31:18.492030+00:00> GetHands
2022-02-10 23:31:19.035336+00:00> GetHands
2022-02-10 23:31:19.577466+00:00> GetHands
2022-02-10 23:31:20.122277+00:00> GetHands
2022-02-10 23:31:20.653770+00:00> GetHands
2022-02-10 23:31:21.198633+00:00> GetHands
2022-02-10 23:31:21.731026+00:00> GetHands
2022-02-10 23:31:22.275800+00:00> GetHands
2022-02-10 23:31:22.818798+00:00> GetHands
2022-02-10 23:31:23.352854+00:00> GetHands
2022-02-10 23:31:23.895145+00:00> GetHands
2022-02-10 23:31:24.426565+00:00> GetHands
2022-02-10 23:31:24.970574+00:00> GetHands
2022-02-10 23:31:25.512874+00:00> GetHands
2022-02-10 23:31:26.056409+00:00> GetHands
2022-02-10 23:31:26.599947+00:00> GetHands
2022-02-10 23:31:27.143439+00:00> GetHands
2022-02-10 23:31:27.689173+00:00> GetHands
2022-02-10 23:31:28.233592+00:00> GetHands
2022-02-10 23:31:28.779697+00:00> GetHands
2022-02-10 23:31:29.323007+00:00> GetHands
2022-02-10 23:31:29.865240+00:00> GetHands
2022-02-10 23:31:30.407474+00:00> GetHands
2022-02-10 23:31:30.952788+00:00> GetHands
2022-02-10 23:31:31.495110+00:00> GetHands
2022-02-10 23:31:32.035788+00:00> GetHands
2022-02-10 23:31:32.578986+00:00> GetHands
2022-02-10 23:31:33.122939+00:00> GetHands
2022-02-10 23:31:33.668139+00:00> GetHands
2022-02-10 23:31:34.209137+00:00> GetHands
2022-02-10 23:31:34.754889+00:00> GetHands
2022-02-10 23:31:35.299454+00:00> GetHands
2022-02-10 23:31:35.842112+00:00> GetHands
2022-02-10 23:31:36.383407+00:00> GetHands
2022-02-10 23:31:36.926916+00:00> GetHands
2022-02-10 23:31:37.470625+00:00> GetHands
2022-02-10 23:31:38.016388+00:00> GetHands
2022-02-10 23:31:38.561478+00:00> GetHands
2022-02-10 23:31:39.106581+00:00> GetHands
2022-02-10 23:31:39.647004+00:00> GetHands
2022-02-10 23:31:40.191313+00:00> GetHands
2022-02-10 23:31:40.736251+00:00> GetHands
2022-02-10 23:31:41.282927+00:00> GetHands
2022-02-10 23:31:41.827292+00:00> GetHands
2022-02-10 23:31:42.372998+00:00> GetHands
2022-02-10 23:31:42.914048+00:00> GetHands
2022-02-10 23:31:43.458790+00:00> GetHands
2022-02-10 23:31:44.004599+00:00> GetHands
2022-02-10 23:31:44.548345+00:00> GetHands
2022-02-10 23:31:45.089384+00:00> GetHands
2022-02-10 23:31:45.634427+00:00> GetHands
2022-02-10 23:31:46.177093+00:00> GetHands
2022-02-10 23:31:46.709386+00:00> GetHands
2022-02-10 23:31:47.253153+00:00> GetHands
2022-02-10 23:31:47.785884+00:00> GetHands
2022-02-10 23:31:48.331765+00:00> GetHands
2022-02-10 23:31:48.877601+00:00> GetHands
2022-02-10 23:31:49.421007+00:00> GetHands
2022-02-10 23:31:49.964036+00:00> GetHands
2022-02-10 23:31:50.508343+00:00> GetHands
2022-02-10 23:31:51.051322+00:00> GetHands
2022-02-10 23:31:51.594212+00:00> GetHands
2022-02-10 23:31:52.140325+00:00> GetHands
2022-02-10 23:31:52.685064+00:00> GetHands
2022-02-10 23:31:53.216150+00:00> GetHands
2022-02-10 23:31:53.759739+00:00> GetHands
2022-02-10 23:31:54.304896+00:00> GetHands
2022-02-10 23:31:54.850021+00:00> GetHands
2022-02-10 23:31:55.393633+00:00> GetHands
2022-02-10 23:31:55.934474+00:00> GetHands
2022-02-10 23:31:56.479615+00:00> GetHands
2022-02-10 23:31:57.022273+00:00> GetHands
2022-02-10 23:31:57.568526+00:00> GetHands
2022-02-10 23:31:58.100198+00:00> GetHands
2022-02-10 23:31:58.634297+00:00> GetHands
2022-02-10 23:31:59.180411+00:00> GetHands
2022-02-10 23:31:59.720234+00:00> GetHands
2022-02-10 23:32:00.266362+00:00> GetHands
2022-02-10 23:32:00.809014+00:00> GetHands
2022-02-10 23:32:01.354620+00:00> GetHands
2022-02-10 23:32:01.898949+00:00> GetHands
2022-02-10 23:32:02.444009+00:00> GetHands
2022-02-10 23:32:02.986241+00:00> GetHands
2022-02-10 23:32:03.517674+00:00> GetHands
2022-02-10 23:32:04.059866+00:00> GetHands
2022-02-10 23:32:04.605624+00:00> GetHands
2022-02-10 23:32:05.147975+00:00> GetHands
2022-02-10 23:32:05.693463+00:00> GetHands
2022-02-10 23:32:06.237857+00:00> GetHands
2022-02-10 23:32:06.781860+00:00> GetHands
2022-02-10 23:32:07.326218+00:00> GetHands
2022-02-10 23:32:07.871964+00:00> GetHands
2022-02-10 23:32:08.416033+00:00> GetHands
2022-02-10 23:32:08.955678+00:00> GetHands
2022-02-10 23:32:09.499765+00:00> GetHands
2022-02-10 23:32:10.046318+00:00> GetHands
2022-02-10 23:32:10.592532+00:00> GetHands
2022-02-10 23:32:11.130724+00:00> GetHands
2022-02-10 23:32:11.676501+00:00> GetHands
2022-02-10 23:32:12.220601+00:00> GetHands
2022-02-10 23:32:12.767277+00:00> GetHands
2022-02-10 23:32:13.308775+00:00> GetHands
2022-02-10 23:32:13.842709+00:00> GetHands
2022-02-10 23:32:14.387255+00:00> GetHands
2022-02-10 23:32:14.931041+00:00> GetHands
2022-02-10 23:32:15.462888+00:00> GetHands
2022-02-10 23:32:16.005217+00:00> GetHands
2022-02-10 23:32:16.549657+00:00> GetHands
2022-02-10 23:32:17.093427+00:00> GetHands
2022-02-10 23:32:17.627092+00:00> GetHands
2022-02-10 23:32:18.170217+00:00> GetHands
2022-02-10 23:32:18.713740+00:00> GetHands
2022-02-10 23:32:19.260128+00:00> GetHands
2022-02-10 23:32:19.802200+00:00> GetHands
2022-02-10 23:32:20.345703+00:00> GetHands
2022-02-10 23:32:20.891317+00:00> GetHands
2022-02-10 23:32:21.436592+00:00> GetHands
2022-02-10 23:32:21.982620+00:00> GetHands
2022-02-10 23:32:22.527232+00:00> GetHands
2022-02-10 23:32:23.073521+00:00> GetHands
2022-02-10 23:32:23.620630+00:00> GetHands
2022-02-10 23:32:24.165447+00:00> GetHands
2022-02-10 23:32:24.696447+00:00> GetHands
2022-02-10 23:32:25.229933+00:00> GetHands
2022-02-10 23:32:25.772748+00:00> GetHands
2022-02-10 23:32:26.309445+00:00> GetHands
2022-02-10 23:32:26.844762+00:00> GetHands
2022-02-10 23:32:27.379161+00:00> GetHands
2022-02-10 23:32:27.913046+00:00> GetHands
2022-02-10 23:32:28.460266+00:00> GetHands
2022-02-10 23:32:28.995973+00:00> GetHands
2022-02-10 23:32:29.541030+00:00> GetHands
2022-02-10 23:32:30.072183+00:00> GetHands
2022-02-10 23:32:30.605864+00:00> GetHands
2022-02-10 23:32:31.139903+00:00> GetHands
2022-02-10 23:32:31.675566+00:00> GetHands
2022-02-10 23:32:32.208854+00:00> GetHands
2022-02-10 23:32:32.740955+00:00> GetHands
2022-02-10 23:32:33.284749+00:00> GetHands
2022-02-10 23:32:33.828388+00:00> GetHands
2022-02-10 23:32:34.362647+00:00> GetHands
2022-02-10 23:32:34.893345+00:00> GetHands
2022-02-10 23:32:35.445719+00:00> GetHands
2022-02-10 23:32:35.980616+00:00> GetHands
2022-02-10 23:32:36.514217+00:00> GetHands
2022-02-10 23:32:37.047277+00:00> GetHands
2022-02-10 23:32:37.581049+00:00> GetHands
2022-02-10 23:32:38.113907+00:00> GetHands
2022-02-10 23:32:39.725428+00:00> GetHands
2022-02-10 23:32:40.263170+00:00> GetHands
2022-02-10 23:32:40.798969+00:00> GetHands
2022-02-10 23:32:41.331472+00:00> GetHands
2022-02-10 23:32:41.883584+00:00> GetHands
2022-02-10 23:32:42.422065+00:00> GetHands
2022-02-10 23:32:42.959812+00:00> GetHands
2022-02-10 23:32:43.495596+00:00> GetHands
2022-02-10 23:32:44.032217+00:00> GetHands
2022-02-10 23:32:44.579041+00:00> GetHands
2022-02-10 23:32:45.132973+00:00> GetHands
2022-02-10 23:32:45.668545+00:00> GetHands
2022-02-10 23:32:46.223868+00:00> GetHands
2022-02-10 23:32:46.760446+00:00> GetHands
2022-02-10 23:32:47.294294+00:00> GetHands
2022-02-10 23:32:47.826137+00:00> GetHands
2022-02-10 23:32:48.360958+00:00> GetHands
2022-02-10 23:32:48.900714+00:00> GetHands
2022-02-10 23:32:49.434593+00:00> GetHands
2022-02-10 23:32:49.976686+00:00> GetHands
2022-02-10 23:32:50.516553+00:00> GetHands
2022-02-10 23:32:51.061491+00:00> GetHands
2022-02-10 23:32:51.601251+00:00> GetHands
2022-02-10 23:32:52.138277+00:00> GetHands
2022-02-10 23:32:52.676592+00:00> GetHands
2022-02-10 23:32:53.214043+00:00> GetHands
2022-02-10 23:32:53.754521+00:00> GetHands
2022-02-10 23:32:54.295922+00:00> GetHands
2022-02-10 23:32:54.831794+00:00> GetHands
2022-02-10 23:32:55.378920+00:00> GetHands
2022-02-10 23:32:55.913227+00:00> GetHands
2022-02-10 23:32:56.445059+00:00> GetHands
2022-02-10 23:32:56.985031+00:00> GetHands
2022-02-10 23:32:57.526647+00:00> GetHands
2022-02-10 23:32:58.062256+00:00> GetHands
2022-02-10 23:32:58.605305+00:00> GetHands
2022-02-10 23:32:59.139774+00:00> GetHands
2022-02-10 23:32:59.678247+00:00> GetHands
2022-02-10 23:33:00.218606+00:00> GetHands
2022-02-10 23:33:00.760428+00:00> GetHands
2022-02-10 23:33:01.298701+00:00> GetHands
2022-02-10 23:33:01.835052+00:00> GetHands
2022-02-10 23:33:02.372573+00:00> GetHands
2022-02-10 23:33:02.904166+00:00> GetHands
2022-02-10 23:33:03.441403+00:00> GetHands
2022-02-10 23:33:03.981606+00:00> GetHands
2022-02-10 23:33:04.536633+00:00> GetHands
2022-02-10 23:33:05.073854+00:00> GetHands
2022-02-10 23:33:05.611039+00:00> GetHands
2022-02-10 23:33:06.146485+00:00> GetHands
2022-02-10 23:33:06.682230+00:00> GetHands
2022-02-10 23:33:07.216855+00:00> GetHands
2022-02-10 23:33:07.752595+00:00> GetHands
2022-02-10 23:33:08.292728+00:00> GetHands
2022-02-10 23:33:08.828602+00:00> GetHands
2022-02-10 23:33:09.373830+00:00> GetHands
2022-02-10 23:33:09.921211+00:00> GetHands
2022-02-10 23:33:10.459133+00:00> GetHands
2022-02-10 23:33:10.996704+00:00> GetHands
2022-02-10 23:33:11.539714+00:00> GetHands
2022-02-10 23:33:12.074451+00:00> GetHands
2022-02-10 23:33:12.615311+00:00> GetHands
2022-02-10 23:33:13.154916+00:00> GetHands
2022-02-10 23:33:13.690634+00:00> GetHands
2022-02-10 23:33:14.228097+00:00> GetHands
2022-02-10 23:33:14.764532+00:00> GetHands
2022-02-10 23:33:15.303948+00:00> GetHands
2022-02-10 23:33:15.838235+00:00> GetHands
2022-02-10 23:33:16.388606+00:00> GetHands
2022-02-10 23:33:16.923144+00:00> GetHands
2022-02-10 23:33:17.476368+00:00> GetHands
2022-02-10 23:33:18.028986+00:00> GetHands
2022-02-10 23:33:18.566332+00:00> GetHands
2022-02-10 23:33:19.103347+00:00> GetHands
2022-02-10 23:33:19.635911+00:00> GetHands
2022-02-10 23:33:20.181828+00:00> GetHands
2022-02-10 23:33:20.714343+00:00> GetHands
2022-02-10 23:33:21.251327+00:00> GetHands
2022-02-10 23:33:21.786335+00:00> GetHands
2022-02-10 23:33:22.321310+00:00> GetHands
2022-02-10 23:33:22.858125+00:00> GetHands
2022-02-10 23:33:23.396312+00:00> GetHands
2022-02-10 23:33:23.931308+00:00> GetHands
2022-02-10 23:33:24.468069+00:00> GetHands
2022-02-10 23:33:25.004176+00:00> GetHands
2022-02-10 23:33:25.538719+00:00> GetHands
2022-02-10 23:33:26.077189+00:00> GetHands
2022-02-10 23:33:26.621922+00:00> GetHands
2022-02-10 23:33:27.153820+00:00> GetHands
2022-02-10 23:33:27.689843+00:00> GetHands
2022-02-10 23:33:28.226389+00:00> GetHands
2022-02-10 23:33:28.763223+00:00> GetHands
2022-02-10 23:33:29.298954+00:00> GetHands
2022-02-10 23:33:29.839196+00:00> GetHands
2022-02-10 23:33:30.373385+00:00> GetHands
2022-02-10 23:33:30.908216+00:00> GetHands
2022-02-10 23:33:31.447198+00:00> GetHands
2022-02-10 23:33:31.983453+00:00> GetHands
2022-02-10 23:33:32.524900+00:00> GetHands
2022-02-10 23:33:33.071100+00:00> GetHands
2022-02-10 23:33:33.609778+00:00> GetHands
2022-02-10 23:33:34.146067+00:00> GetHands
2022-02-10 23:33:34.693732+00:00> GetHands
2022-02-10 23:33:35.232102+00:00> GetHands
2022-02-10 23:33:35.770120+00:00> GetHands
2022-02-10 23:33:36.310017+00:00> GetHands
2022-02-10 23:33:36.848182+00:00> GetHands
2022-02-10 23:33:37.387478+00:00> GetHands
2022-02-10 23:33:37.953046+00:00> GetHands
2022-02-10 23:33:38.492156+00:00> GetHands
2022-02-10 23:33:39.043264+00:00> GetHands
2022-02-10 23:33:39.576804+00:00> GetHands
2022-02-10 23:33:40.112203+00:00> GetHands
2022-02-10 23:33:40.653347+00:00> GetHands
2022-02-10 23:33:41.189118+00:00> GetHands
2022-02-10 23:33:41.729451+00:00> GetHands
2022-02-10 23:33:42.284337+00:00> GetHands
2022-02-10 23:33:42.826030+00:00> GetHands
2022-02-10 23:33:43.360339+00:00> GetHands
2022-02-10 23:33:43.913861+00:00> GetHands
2022-02-10 23:33:44.447001+00:00> GetHands
2022-02-10 23:33:44.987804+00:00> GetHands
2022-02-10 23:33:45.523625+00:00> GetHands
2022-02-10 23:33:46.060754+00:00> GetHands
2022-02-10 23:33:46.600578+00:00> GetHands
2022-02-10 23:33:47.138162+00:00> GetHands
2022-02-10 23:33:47.675440+00:00> GetHands
2022-02-10 23:33:48.215549+00:00> GetHands
2022-02-10 23:33:48.749092+00:00> GetHands
2022-02-10 23:33:49.286810+00:00> GetHands
2022-02-10 23:33:49.827412+00:00> GetHands
2022-02-10 23:33:50.365118+00:00> GetHands
2022-02-10 23:33:50.901182+00:00> GetHands
2022-02-10 23:33:51.438850+00:00> GetHands
2022-02-10 23:33:51.979650+00:00> GetHands
2022-02-10 23:33:52.524115+00:00> GetHands
2022-02-10 23:33:53.056474+00:00> GetHands
2022-02-10 23:33:53.591641+00:00> GetHands
2022-02-10 23:33:54.125692+00:00> GetHands
2022-02-10 23:33:54.669549+00:00> GetHands
2022-02-10 23:33:55.216108+00:00> GetHands
2022-02-10 23:33:55.762040+00:00> GetHands
2022-02-10 23:33:56.307779+00:00> GetHands
2022-02-10 23:33:56.853635+00:00> GetHands
2022-02-10 23:33:57.387838+00:00> GetHands
2022-02-10 23:33:57.933956+00:00> GetHands
2022-02-10 23:33:58.468975+00:00> GetHands
2022-02-10 23:33:59.014828+00:00> GetHands
2022-02-10 23:33:59.548375+00:00> GetHands
2022-02-10 23:34:00.091958+00:00> GetHands
2022-02-10 23:34:00.635153+00:00> GetHands
2022-02-10 23:34:01.166171+00:00> GetHands
2022-02-10 23:34:01.711056+00:00> GetHands
2022-02-10 23:34:02.259846+00:00> GetHands
2022-02-10 23:34:02.793313+00:00> GetHands
2022-02-10 23:34:03.351489+00:00> GetHands
2022-02-10 23:34:03.897997+00:00> GetHands
2022-02-10 23:34:04.443476+00:00> GetHands
2022-02-10 23:34:04.974121+00:00> GetHands
2022-02-10 23:34:05.504294+00:00> GetHands
2022-02-10 23:34:06.038165+00:00> GetHands
2022-02-10 23:34:06.570533+00:00> GetHands
2022-02-10 23:34:07.115372+00:00> GetHands
2022-02-10 23:34:07.662558+00:00> GetHands
2022-02-10 23:34:08.193956+00:00> GetHands
2022-02-10 23:34:08.724569+00:00> GetHands
2022-02-10 23:34:09.264776+00:00> GetHands
2022-02-10 23:34:09.809189+00:00> GetHands
2022-02-10 23:34:10.342113+00:00> GetHands
2022-02-10 23:34:10.872952+00:00> GetHands
2022-02-10 23:34:11.405117+00:00> GetHands
2022-02-10 23:34:11.937385+00:00> GetHands
2022-02-10 23:34:12.469389+00:00> GetHands
2022-02-10 23:34:13.014331+00:00> GetHands
2022-02-10 23:34:13.552365+00:00> GetHands
2022-02-10 23:34:14.086683+00:00> GetHands
2022-02-10 23:34:14.620023+00:00> GetHands
2022-02-10 23:34:15.154561+00:00> GetHands
2022-02-10 23:34:15.695153+00:00> GetHands
2022-02-10 23:34:16.231503+00:00> GetHands
2022-02-10 23:34:16.764343+00:00> GetHands
2022-02-10 23:34:17.297239+00:00> GetHands
2022-02-10 23:34:17.831482+00:00> GetHands
2022-02-10 23:34:18.373222+00:00> GetHands
2022-02-10 23:34:18.909258+00:00> GetHands
2022-02-10 23:34:19.448844+00:00> GetHands
2022-02-10 23:34:19.986880+00:00> GetHands
2022-02-10 23:34:20.528880+00:00> GetHands
2022-02-10 23:34:21.061934+00:00> GetHands
2022-02-10 23:34:21.606396+00:00> GetHands
2022-02-10 23:34:22.147885+00:00> GetHands
2022-02-10 23:34:22.694177+00:00> GetHands
2022-02-10 23:34:23.234140+00:00> GetHands
2022-02-10 23:34:23.772379+00:00> GetHands
2022-02-10 23:34:24.308279+00:00> GetHands
2022-02-10 23:34:24.844606+00:00> GetHands
2022-02-10 23:34:25.378839+00:00> GetHands
2022-02-10 23:34:25.914825+00:00> GetHands
2022-02-10 23:34:26.451536+00:00> GetHands
2022-02-10 23:34:26.986721+00:00> GetHands
2022-02-10 23:34:27.523804+00:00> GetHands
2022-02-10 23:34:28.060724+00:00> GetHands
2022-02-10 23:34:28.596242+00:00> GetHands
2022-02-10 23:34:29.140299+00:00> GetHands
2022-02-10 23:34:29.670332+00:00> GetHands
2022-02-10 23:34:30.215853+00:00> GetHands
2022-02-10 23:34:30.746788+00:00> GetHands
2022-02-10 23:34:31.289629+00:00> GetHands
2022-02-10 23:34:31.824156+00:00> GetHands
2022-02-10 23:34:32.359972+00:00> GetHands
2022-02-10 23:34:32.889966+00:00> GetHands
2022-02-10 23:34:33.428976+00:00> GetHands
2022-02-10 23:34:33.963979+00:00> GetHands
2022-02-10 23:34:34.497115+00:00> GetHands
2022-02-10 23:34:35.031014+00:00> GetHands
2022-02-10 23:34:35.571086+00:00> GetHands
2022-02-10 23:34:36.107069+00:00> GetHands
2022-02-10 23:34:36.648181+00:00> GetHands
2022-02-10 23:34:37.181132+00:00> GetHands
2022-02-10 23:34:37.719161+00:00> GetHands
2022-02-10 23:34:38.257097+00:00> GetHands
2022-02-10 23:34:38.795104+00:00> GetHands
2022-02-10 23:34:39.338155+00:00> GetHands
2022-02-10 23:34:39.873456+00:00> GetHands
2022-02-10 23:34:40.409595+00:00> GetHands
2022-02-10 23:34:40.945817+00:00> GetHands
2022-02-10 23:34:41.480999+00:00> GetHands
2022-02-10 23:34:42.015940+00:00> GetHands
2022-02-10 23:34:42.549887+00:00> GetHands
2022-02-10 23:34:43.092183+00:00> GetHands
2022-02-10 23:34:43.636958+00:00> GetHands
2022-02-10 23:34:44.182451+00:00> GetHands
2022-02-10 23:34:44.726576+00:00> GetHands
2022-02-10 23:34:45.260619+00:00> GetHands
2022-02-10 23:34:45.795524+00:00> GetHands
2022-02-10 23:34:46.334763+00:00> GetHands
2022-02-10 23:34:46.869344+00:00> GetHands
2022-02-10 23:34:47.404857+00:00> GetHands
2022-02-10 23:34:47.939749+00:00> GetHands
2022-02-10 23:34:48.471951+00:00> GetHands
2022-02-10 23:34:49.009339+00:00> GetHands
2022-02-10 23:34:49.563620+00:00> GetHands
2022-02-10 23:34:50.110596+00:00> GetHands
2022-02-10 23:34:50.656553+00:00> GetHands
2022-02-10 23:34:51.190346+00:00> GetHands
2022-02-10 23:34:51.722408+00:00> GetHands
2022-02-10 23:34:52.254950+00:00> GetHands
2022-02-10 23:34:52.799621+00:00> GetHands
2022-02-10 23:34:53.340022+00:00> GetHands
2022-02-10 23:34:53.872878+00:00> GetHands
2022-02-10 23:34:54.409794+00:00> GetHands
2022-02-10 23:34:54.955746+00:00> GetHands
2022-02-10 23:34:55.511788+00:00> GetHands
2022-02-10 23:34:56.047099+00:00> GetHands
2022-02-10 23:34:56.586434+00:00> GetHands
2022-02-10 23:34:57.137880+00:00> GetHands
2022-02-10 23:34:57.671855+00:00> GetHands
2022-02-10 23:34:58.204983+00:00> GetHands
2022-02-10 23:34:58.740583+00:00> GetHands
2022-02-10 23:34:59.280695+00:00> GetHands
2022-02-10 23:34:59.818253+00:00> GetHands
2022-02-10 23:35:00.353579+00:00> GetHands
2022-02-10 23:35:00.886603+00:00> GetHands
2022-02-10 23:35:01.422712+00:00> GetHands
2022-02-10 23:35:01.957291+00:00> GetHands
2022-02-10 23:35:02.494553+00:00> GetHands
2022-02-10 23:35:03.029652+00:00> GetHands
2022-02-10 23:35:03.566379+00:00> GetHands
2022-02-10 23:35:04.104246+00:00> GetHands
2022-02-10 23:35:04.643781+00:00> GetHands
2022-02-10 23:35:05.187969+00:00> GetHands
2022-02-10 23:35:05.720329+00:00> GetHands
2022-02-10 23:35:06.260065+00:00> GetHands
2022-02-10 23:35:06.795472+00:00> GetHands
2022-02-10 23:35:07.331164+00:00> GetHands
2022-02-10 23:35:07.886225+00:00> GetHands
2022-02-10 23:35:08.422224+00:00> GetHands
2022-02-10 23:35:08.958371+00:00> GetHands
2022-02-10 23:35:09.496499+00:00> GetHands
2022-02-10 23:35:10.028960+00:00> GetHands
2022-02-10 23:35:10.566499+00:00> GetHands
2022-02-10 23:35:11.105288+00:00> GetHands
2022-02-10 23:35:11.642217+00:00> GetHands
2022-02-10 23:35:12.182974+00:00> GetHands
2022-02-10 23:35:12.718413+00:00> GetHands
2022-02-10 23:35:13.252039+00:00> GetHands
2022-02-10 23:35:13.791494+00:00> GetHands
2022-02-10 23:35:14.330875+00:00> GetHands
2022-02-10 23:35:14.866208+00:00> GetHands
2022-02-10 23:35:15.402150+00:00> GetHands
2022-02-10 23:35:15.938871+00:00> GetHands
2022-02-10 23:35:16.473194+00:00> GetHands
2022-02-10 23:35:17.007046+00:00> GetHands
2022-02-10 23:35:17.539052+00:00> GetHands
2022-02-10 23:35:18.068765+00:00> GetHands
2022-02-10 23:35:18.600561+00:00> GetHands
2022-02-10 23:35:19.145128+00:00> GetHands
2022-02-10 23:35:19.682509+00:00> GetHands
2022-02-10 23:35:20.240630+00:00> GetHands
2022-02-10 23:35:20.784163+00:00> GetHands
2022-02-10 23:35:21.327293+00:00> GetHands
2022-02-10 23:35:21.871550+00:00> GetHands
2022-02-10 23:35:22.416055+00:00> GetHands
2022-02-10 23:35:22.956826+00:00> GetHands
2022-02-10 23:35:23.487228+00:00> GetHands
2022-02-10 23:35:24.048378+00:00> GetHands
2022-02-10 23:35:24.591222+00:00> GetHands
2022-02-10 23:35:25.151547+00:00> GetHands
2022-02-10 23:35:25.711529+00:00> GetHands
2022-02-10 23:35:26.254889+00:00> GetHands
2022-02-10 23:35:26.800666+00:00> GetHands
2022-02-10 23:35:27.342191+00:00> GetHands
2022-02-10 23:35:27.903452+00:00> GetHands
2022-02-10 23:35:28.465092+00:00> GetHands
2022-02-10 23:35:29.007401+00:00> GetHands
2022-02-10 23:35:29.542840+00:00> GetHands
2022-02-10 23:35:30.069565+00:00> GetHands
2022-02-10 23:35:30.615079+00:00> GetHands
2022-02-10 23:35:31.161507+00:00> GetHands
2022-02-10 23:35:31.705839+00:00> GetHands
2022-02-10 23:35:32.238848+00:00> GetHands
2022-02-10 23:35:32.777906+00:00> GetHands
2022-02-10 23:35:33.310164+00:00> GetHands
2022-02-10 23:35:33.845683+00:00> GetHands
2022-02-10 23:35:34.384139+00:00> GetHands
2022-02-10 23:35:34.921857+00:00> GetHands
2022-02-10 23:35:35.456448+00:00> GetHands
2022-02-10 23:35:35.991550+00:00> GetHands
2022-02-10 23:35:36.541319+00:00> GetHands
2022-02-10 23:35:37.078191+00:00> GetHands
2022-02-10 23:35:37.615265+00:00> GetHands
2022-02-10 23:35:38.147511+00:00> GetHands
2022-02-10 23:35:38.698377+00:00> GetHands
2022-02-10 23:35:39.234167+00:00> GetHands
2022-02-10 23:35:39.782042+00:00> GetHands
2022-02-10 23:35:40.342744+00:00> GetHands
2022-02-10 23:35:40.873904+00:00> GetHands
2022-02-10 23:35:41.419797+00:00> GetHands
2022-02-10 23:35:41.951179+00:00> GetHands
2022-02-10 23:35:42.500250+00:00> GetHands
2022-02-10 23:35:43.037871+00:00> GetHands
2022-02-10 23:35:43.592160+00:00> GetHands
2022-02-10 23:35:44.128807+00:00> GetHands
2022-02-10 23:35:44.683114+00:00> GetHands
2022-02-10 23:35:45.227872+00:00> GetHands
2022-02-10 23:35:45.765398+00:00> GetHands
2022-02-10 23:35:46.295858+00:00> GetHands
2022-02-10 23:35:46.840090+00:00> GetHands
2022-02-10 23:35:47.376520+00:00> GetHands
2022-02-10 23:35:47.916781+00:00> GetHands
2022-02-10 23:35:48.453149+00:00> GetHands
2022-02-10 23:35:48.999812+00:00> GetHands
2022-02-10 23:35:49.542397+00:00> GetHands
2022-02-10 23:35:50.074061+00:00> GetHands
2022-02-10 23:35:50.621057+00:00> GetHands
2022-02-10 23:35:51.158883+00:00> GetHands
2022-02-10 23:35:51.693686+00:00> GetHands
2022-02-10 23:35:52.244966+00:00> GetHands
2022-02-10 23:35:52.778858+00:00> GetHands
2022-02-10 23:35:53.313954+00:00> GetHands
2022-02-10 23:35:53.852894+00:00> GetHands
2022-02-10 23:35:54.387659+00:00> GetHands
2022-02-10 23:35:54.933847+00:00> GetHands
2022-02-10 23:35:55.480418+00:00> GetHands
2022-02-10 23:35:56.013032+00:00> GetHands
2022-02-10 23:35:56.556978+00:00> GetHands
2022-02-10 23:35:57.102558+00:00> GetHands
2022-02-10 23:35:57.649712+00:00> GetHands
2022-02-10 23:35:58.196795+00:00> GetHands
2022-02-10 23:35:58.727030+00:00> GetHands
2022-02-10 23:35:59.265218+00:00> GetHands
2022-02-10 23:35:59.805722+00:00> GetHands
2022-02-10 23:36:00.340128+00:00> GetHands
2022-02-10 23:36:00.874234+00:00> GetHands
2022-02-10 23:36:01.415580+00:00> GetHands
2022-02-10 23:36:01.955126+00:00> GetHands
2022-02-10 23:36:02.496685+00:00> GetHands
2022-02-10 23:36:03.034638+00:00> GetHands
2022-02-10 23:36:03.570854+00:00> GetHands
2022-02-10 23:36:04.110064+00:00> GetHands
2022-02-10 23:36:04.646176+00:00> GetHands
2022-02-10 23:36:05.182348+00:00> GetHands
2022-02-10 23:36:05.718804+00:00> GetHands
2022-02-10 23:36:06.254183+00:00> GetHands
2022-02-10 23:36:06.805826+00:00> GetHands
2022-02-10 23:36:07.341203+00:00> GetHands
2022-02-10 23:36:07.875116+00:00> GetHands
2022-02-10 23:36:08.410688+00:00> GetHands
2022-02-10 23:36:08.946349+00:00> GetHands
2022-02-10 23:36:09.485802+00:00> GetHands
2022-02-10 23:36:10.018826+00:00> GetHands
2022-02-10 23:36:10.555217+00:00> GetHands
2022-02-10 23:36:11.091952+00:00> GetHands
2022-02-10 23:36:11.627932+00:00> GetHands
2022-02-10 23:36:12.163681+00:00> GetHands
2022-02-10 23:36:12.699634+00:00> GetHands
2022-02-10 23:36:13.245996+00:00> GetHands
2022-02-10 23:36:13.796135+00:00> GetHands
2022-02-10 23:36:14.338622+00:00> GetHands
2022-02-10 23:36:14.873886+00:00> GetHands
2022-02-10 23:36:15.420810+00:00> GetHands
2022-02-10 23:36:15.953959+00:00> GetHands
2022-02-10 23:36:16.487860+00:00> GetHands
2022-02-10 23:36:17.022954+00:00> GetHands
2022-02-10 23:36:17.560840+00:00> GetHands
2022-02-10 23:36:18.107249+00:00> GetHands
2022-02-10 23:36:18.642954+00:00> GetHands
2022-02-10 23:36:19.182705+00:00> GetHands
2022-02-10 23:36:19.719807+00:00> GetHands
2022-02-10 23:36:20.255827+00:00> GetHands
2022-02-10 23:36:20.792181+00:00> GetHands
2022-02-10 23:36:21.326654+00:00> GetHands
2022-02-10 23:36:21.863892+00:00> GetHands
2022-02-10 23:36:22.399422+00:00> GetHands
2022-02-10 23:36:22.945031+00:00> GetHands
2022-02-10 23:36:23.489608+00:00> GetHands
2022-02-10 23:36:24.021268+00:00> GetHands
2022-02-10 23:36:24.560683+00:00> GetHands
2022-02-10 23:36:25.092758+00:00> GetHands
2022-02-10 23:36:25.627307+00:00> GetHands
2022-02-10 23:36:26.163333+00:00> GetHands
2022-02-10 23:36:26.700357+00:00> GetHands
2022-02-10 23:36:27.236395+00:00> GetHands
2022-02-10 23:36:27.770883+00:00> GetHands
2022-02-10 23:36:28.308047+00:00> GetHands
2022-02-10 23:36:28.844093+00:00> GetHands
2022-02-10 23:36:29.381058+00:00> GetHands
2022-02-10 23:36:29.917108+00:00> GetHands
2022-02-10 23:36:30.452424+00:00> GetHands
2022-02-10 23:36:30.991263+00:00> GetHands
2022-02-10 23:36:31.529324+00:00> GetHands
2022-02-10 23:36:32.077342+00:00> GetHands
2022-02-10 23:36:32.620342+00:00> GetHands
2022-02-10 23:36:33.155619+00:00> GetHands
2022-02-10 23:36:33.689348+00:00> GetHands
2022-02-10 23:36:34.226788+00:00> GetHands
2022-02-10 23:36:34.762524+00:00> GetHands
2022-02-10 23:36:35.296672+00:00> GetHands
2022-02-10 23:36:35.832407+00:00> GetHands
2022-02-10 23:36:36.369987+00:00> GetHands
2022-02-10 23:36:36.904609+00:00> GetHands
2022-02-10 23:36:37.439239+00:00> GetHands
2022-02-10 23:36:37.972857+00:00> GetHands
2022-02-10 23:36:38.518328+00:00> GetHands
2022-02-10 23:36:39.048874+00:00> GetHands
2022-02-10 23:36:39.594006+00:00> GetHands
2022-02-10 23:36:40.126010+00:00> GetHands
2022-02-10 23:36:40.661587+00:00> GetHands
2022-02-10 23:36:41.198905+00:00> GetHands
2022-02-10 23:36:41.735571+00:00> GetHands
2022-02-10 23:36:42.275460+00:00> GetHands
2022-02-10 23:36:42.809275+00:00> GetHands
2022-02-10 23:36:43.343702+00:00> GetHands
2022-02-10 23:36:43.886602+00:00> GetHands
2022-02-10 23:36:44.419119+00:00> GetHands
2022-02-10 23:36:44.951892+00:00> GetHands
2022-02-10 23:36:45.497485+00:00> GetHands
2022-02-10 23:36:46.031415+00:00> GetHands
2022-02-10 23:36:46.573627+00:00> GetHands
2022-02-10 23:36:47.106944+00:00> GetHands
2022-02-10 23:36:47.645030+00:00> GetHands
2022-02-10 23:36:48.180584+00:00> GetHands
2022-02-10 23:36:48.726426+00:00> GetHands
2022-02-10 23:36:49.263033+00:00> GetHands
2022-02-10 23:36:49.798119+00:00> GetHands
2022-02-10 23:36:50.342349+00:00> GetHands
2022-02-10 23:36:50.868380+00:00> GetHands
2022-02-10 23:36:51.400422+00:00> GetHands
2022-02-10 23:36:51.947302+00:00> GetHands
2022-02-10 23:36:52.479719+00:00> GetHands
2022-02-10 23:36:53.009815+00:00> GetHands
2022-02-10 23:36:53.556557+00:00> GetHands
2022-02-10 23:36:54.090662+00:00> GetHands
2022-02-10 23:36:54.626553+00:00> GetHands
2022-02-10 23:36:55.162484+00:00> GetHands
2022-02-10 23:36:55.696146+00:00> GetHands
2022-02-10 23:36:56.243375+00:00> GetHands
2022-02-10 23:36:56.779368+00:00> GetHands
2022-02-10 23:36:57.313955+00:00> GetHands
2022-02-10 23:36:57.854465+00:00> GetHands
2022-02-10 23:36:58.388297+00:00> GetHands
2022-02-10 23:36:58.929164+00:00> GetHands
2022-02-10 23:36:59.463971+00:00> GetHands
2022-02-10 23:36:59.995373+00:00> GetHands
2022-02-10 23:37:00.529073+00:00> GetHands
2022-02-10 23:37:01.074479+00:00> GetHands
2022-02-10 23:37:01.606633+00:00> GetHands
2022-02-10 23:37:02.150170+00:00> GetHands
2022-02-10 23:37:02.694472+00:00> GetHands
2022-02-10 23:37:03.233726+00:00> GetHands
2022-02-10 23:37:03.779540+00:00> GetHands
2022-02-10 23:37:04.338440+00:00> GetHands
2022-02-10 23:37:04.886680+00:00> GetHands
2022-02-10 23:37:05.428311+00:00> GetHands
2022-02-10 23:37:05.970444+00:00> GetHands
2022-02-10 23:37:06.498142+00:00> GetHands
2022-02-10 23:37:07.042901+00:00> GetHands
2022-02-10 23:37:07.578107+00:00> GetHands
2022-02-10 23:37:08.122903+00:00> GetHands
2022-02-10 23:37:08.654130+00:00> GetHands
2022-02-10 23:37:09.199318+00:00> GetHands
2022-02-10 23:37:09.744474+00:00> GetHands
2022-02-10 23:37:10.290019+00:00> GetHands
2022-02-10 23:37:10.836139+00:00> GetHands
2022-02-10 23:37:11.373198+00:00> GetHands
2022-02-10 23:37:11.905932+00:00> GetHands
2022-02-10 23:37:12.447480+00:00> GetHands
2022-02-10 23:37:12.979483+00:00> GetHands
2022-02-10 23:37:13.526700+00:00> GetHands
2022-02-10 23:37:14.060023+00:00> GetHands
2022-02-10 23:37:14.592633+00:00> GetHands
2022-02-10 23:37:15.128627+00:00> GetHands
2022-02-10 23:37:15.663688+00:00> GetHands
2022-02-10 23:37:16.198144+00:00> GetHands
2022-02-10 23:37:16.731814+00:00> GetHands
2022-02-10 23:37:17.265046+00:00> GetHands
2022-02-10 23:37:17.798942+00:00> GetHands
2022-02-10 23:37:18.334088+00:00> GetHands
2022-02-10 23:37:18.870925+00:00> GetHands
2022-02-10 23:37:19.405583+00:00> GetHands
2022-02-10 23:37:19.953844+00:00> GetHands
2022-02-10 23:37:20.483839+00:00> GetHands
2022-02-10 23:37:21.027704+00:00> GetHands
2022-02-10 23:37:21.563126+00:00> GetHands
2022-02-10 23:37:22.097913+00:00> GetHands
2022-02-10 23:37:22.643799+00:00> GetHands
2022-02-10 23:37:23.189994+00:00> GetHands
2022-02-10 23:37:23.723308+00:00> GetHands
2022-02-10 23:37:24.269790+00:00> GetHands
2022-02-10 23:37:24.809341+00:00> GetHands
2022-02-10 23:37:25.351204+00:00> GetHands
2022-02-10 23:37:25.899431+00:00> GetHands
2022-02-10 23:37:26.438352+00:00> GetHands
2022-02-10 23:37:26.981192+00:00> GetHands
2022-02-10 23:37:27.525941+00:00> GetHands
2022-02-10 23:37:28.057953+00:00> GetHands
2022-02-10 23:37:28.600087+00:00> GetHands
2022-02-10 23:37:29.133175+00:00> GetHands
2022-02-10 23:37:29.693746+00:00> GetHands
2022-02-10 23:37:30.225636+00:00> GetHands
2022-02-10 23:37:30.757980+00:00> GetHands
2022-02-10 23:37:31.304016+00:00> GetHands
2022-02-10 23:37:31.849426+00:00> GetHands
2022-02-10 23:37:32.381426+00:00> GetHands
2022-02-10 23:37:32.939285+00:00> GetHands
2022-02-10 23:37:33.474530+00:00> GetHands
2022-02-10 23:37:34.007148+00:00> GetHands
2022-02-10 23:37:34.543395+00:00> GetHands
2022-02-10 23:37:35.081985+00:00> GetHands
2022-02-10 23:37:35.627362+00:00> GetHands
2022-02-10 23:37:36.163361+00:00> GetHands
2022-02-10 23:37:36.699357+00:00> GetHands
2022-02-10 23:37:37.231264+00:00> GetHands
2022-02-10 23:37:37.763469+00:00> GetHands
2022-02-10 23:37:38.307802+00:00> GetHands
2022-02-10 23:37:38.851350+00:00> GetHands
2022-02-10 23:37:39.397881+00:00> GetHands
2022-02-10 23:37:39.944391+00:00> GetHands
2022-02-10 23:37:40.477063+00:00> GetHands
2022-02-10 23:37:41.006760+00:00> GetHands
2022-02-10 23:37:41.551778+00:00> GetHands
2022-02-10 23:37:42.098031+00:00> GetHands
2022-02-10 23:37:42.633447+00:00> GetHands
2022-02-10 23:37:43.172968+00:00> GetHands
2022-02-10 23:37:43.708083+00:00> GetHands
2022-02-10 23:37:44.243443+00:00> GetHands
2022-02-10 23:37:44.778497+00:00> GetHands
2022-02-10 23:37:45.313475+00:00> GetHands
2022-02-10 23:37:45.850762+00:00> GetHands
2022-02-10 23:37:46.385140+00:00> GetHands
2022-02-10 23:37:46.930276+00:00> GetHands
2022-02-10 23:37:47.462576+00:00> GetHands
2022-02-10 23:37:47.994596+00:00> GetHands
2022-02-10 23:37:48.539599+00:00> GetHands
2022-02-10 23:37:49.081782+00:00> GetHands
2022-02-10 23:37:49.627761+00:00> GetHands
2022-02-10 23:37:50.169447+00:00> GetHands
2022-02-10 23:37:50.704386+00:00> GetHands
2022-02-10 23:37:51.235325+00:00> GetHands
2022-02-10 23:37:51.765532+00:00> GetHands
2022-02-10 23:37:52.302967+00:00> GetHands
2022-02-10 23:37:52.835752+00:00> GetHands
2022-02-10 23:37:53.381627+00:00> GetHands
2022-02-10 23:37:53.915948+00:00> GetHands
2022-02-10 23:37:54.464797+00:00> GetHands
2022-02-10 23:37:54.999418+00:00> GetHands
2022-02-10 23:37:55.531593+00:00> GetHands
2022-02-10 23:37:56.064311+00:00> GetHands
2022-02-10 23:37:56.596235+00:00> GetHands
2022-02-10 23:37:57.128167+00:00> GetHands
2022-02-10 23:37:57.673357+00:00> GetHands
2022-02-10 23:37:58.205337+00:00> GetHands
2022-02-10 23:37:58.740124+00:00> GetHands
2022-02-10 23:37:59.271475+00:00> GetHands
2022-02-10 23:37:59.805069+00:00> GetHands
2022-02-10 23:38:00.348218+00:00> GetHands
2022-02-10 23:38:00.893531+00:00> GetHands
2022-02-10 23:38:01.433447+00:00> GetHands
2022-02-10 23:38:01.977552+00:00> GetHands
2022-02-10 23:38:02.522302+00:00> GetHands
2022-02-10 23:38:03.059422+00:00> GetHands
2022-02-10 23:38:03.603747+00:00> GetHands
2022-02-10 23:38:04.135803+00:00> GetHands
2022-02-10 23:38:04.681226+00:00> GetHands
2022-02-10 23:38:05.214514+00:00> GetHands
2022-02-10 23:38:05.758314+00:00> GetHands
2022-02-10 23:38:06.302911+00:00> GetHands
2022-02-10 23:38:06.840701+00:00> GetHands
2022-02-10 23:38:07.376317+00:00> GetHands
2022-02-10 23:38:07.917256+00:00> GetHands
2022-02-10 23:38:08.449482+00:00> GetHands
2022-02-10 23:38:08.982560+00:00> GetHands
2022-02-10 23:38:09.520387+00:00> GetHands
2022-02-10 23:38:10.057960+00:00> GetHands
2022-02-10 23:38:10.591895+00:00> GetHands
2022-02-10 23:38:11.142084+00:00> GetHands
2022-02-10 23:38:11.695339+00:00> GetHands
2022-02-10 23:38:12.239214+00:00> GetHands
2022-02-10 23:38:12.785111+00:00> GetHands
2022-02-10 23:38:13.317553+00:00> GetHands
2022-02-10 23:38:13.854476+00:00> GetHands
2022-02-10 23:38:14.387031+00:00> GetHands
2022-02-10 23:38:14.934093+00:00> GetHands
2022-02-10 23:38:15.479164+00:00> GetHands
2022-02-10 23:38:16.013638+00:00> GetHands
2022-02-10 23:38:16.545680+00:00> GetHands
2022-02-10 23:38:17.082466+00:00> GetHands
2022-02-10 23:38:17.618427+00:00> GetHands
2022-02-10 23:38:18.158215+00:00> GetHands
2022-02-10 23:38:18.694229+00:00> GetHands
2022-02-10 23:38:19.231273+00:00> GetHands
2022-02-10 23:38:19.770440+00:00> GetHands
2022-02-10 23:38:20.315952+00:00> GetHands
2022-02-10 23:38:20.849982+00:00> GetHands
2022-02-10 23:38:21.389590+00:00> GetHands
2022-02-10 23:38:21.923698+00:00> GetHands
2022-02-10 23:38:22.460014+00:00> GetHands
2022-02-10 23:38:22.995907+00:00> GetHands
2022-02-10 23:38:23.541615+00:00> GetHands
2022-02-10 23:38:24.089095+00:00> GetHands
2022-02-10 23:38:24.647604+00:00> GetHands
2022-02-10 23:38:25.208329+00:00> GetHands
2022-02-10 23:38:25.760872+00:00> GetHands
2022-02-10 23:38:26.314221+00:00> GetHands
2022-02-10 23:38:26.867563+00:00> GetHands
2022-02-10 23:38:27.403705+00:00> GetHands
2022-02-10 23:38:27.951514+00:00> GetHands
2022-02-10 23:38:28.495470+00:00> GetHands
2022-02-10 23:38:29.054689+00:00> GetHands
2022-02-10 23:38:29.586867+00:00> GetHands
2022-02-10 23:38:30.124374+00:00> GetHands
2022-02-10 23:38:30.668493+00:00> GetHands
2022-02-10 23:38:31.214185+00:00> GetHands
2022-02-10 23:38:31.761139+00:00> GetHands
2022-02-10 23:38:32.306761+00:00> GetHands
2022-02-10 23:38:32.840205+00:00> GetHands
2022-02-10 23:38:33.385199+00:00> GetHands
2022-02-10 23:38:33.929078+00:00> GetHands
2022-02-10 23:38:34.475035+00:00> GetHands
2022-02-10 23:38:35.017804+00:00> GetHands
2022-02-10 23:38:35.563647+00:00> GetHands
2022-02-10 23:38:36.109875+00:00> GetHands
2022-02-10 23:38:36.650862+00:00> GetHands
2022-02-10 23:38:37.195417+00:00> GetHands
2022-02-10 23:38:37.737018+00:00> GetHands
2022-02-10 23:38:38.270077+00:00> GetHands
2022-02-10 23:38:38.801178+00:00> GetHands
2022-02-10 23:38:39.333159+00:00> GetHands
2022-02-10 23:38:39.865775+00:00> GetHands
2022-02-10 23:38:40.410641+00:00> GetHands
2022-02-10 23:38:40.942388+00:00> GetHands
2022-02-10 23:38:41.475418+00:00> GetHands
2022-02-10 23:38:42.006978+00:00> GetHands
2022-02-10 23:38:42.541181+00:00> GetHands
2022-02-10 23:38:43.072464+00:00> GetHands
2022-02-10 23:38:43.611460+00:00> GetHands
2022-02-10 23:38:44.156823+00:00> GetHands
2022-02-10 23:38:44.705987+00:00> GetHands
2022-02-10 23:38:45.248849+00:00> GetHands
2022-02-10 23:38:45.794919+00:00> GetHands
2022-02-10 23:38:46.329548+00:00> GetHands
2022-02-10 23:38:46.866691+00:00> GetHands
2022-02-10 23:38:47.399368+00:00> GetHands
2022-02-10 23:38:47.946916+00:00> GetHands
2022-02-10 23:38:48.503711+00:00> GetHands
2022-02-10 23:38:49.033975+00:00> GetHands
2022-02-10 23:38:49.592485+00:00> GetHands
2022-02-10 23:38:50.130764+00:00> GetHands
2022-02-10 23:38:50.670090+00:00> GetHands
2022-02-10 23:38:51.200614+00:00> GetHands
2022-02-10 23:38:51.739729+00:00> GetHands
2022-02-10 23:38:52.284782+00:00> GetHands
2022-02-10 23:38:52.845289+00:00> GetHands
2022-02-10 23:38:53.391753+00:00> GetHands
2022-02-10 23:38:53.938192+00:00> GetHands
2022-02-10 23:38:54.482687+00:00> GetHands
2022-02-10 23:38:55.024860+00:00> GetHands
2022-02-10 23:38:55.570810+00:00> GetHands
2022-02-10 23:38:56.116094+00:00> GetHands
2022-02-10 23:38:56.659765+00:00> GetHands
2022-02-10 23:38:57.200687+00:00> GetHands
2022-02-10 23:38:57.743107+00:00> GetHands
2022-02-10 23:38:58.287545+00:00> GetHands
2022-02-10 23:38:58.833603+00:00> GetHands
2022-02-10 23:38:59.364948+00:00> GetHands
2022-02-10 23:38:59.907886+00:00> GetHands
2022-02-10 23:39:00.440562+00:00> GetHands
2022-02-10 23:39:00.968866+00:00> GetHands
2022-02-10 23:39:01.514124+00:00> GetHands
2022-02-10 23:39:02.053088+00:00> GetHands
2022-02-10 23:39:02.595813+00:00> GetHands
2022-02-10 23:39:03.141500+00:00> GetHands
2022-02-10 23:39:03.684456+00:00> GetHands
2022-02-10 23:39:04.230776+00:00> GetHands
2022-02-10 23:39:04.773190+00:00> GetHands
2022-02-10 23:39:05.317373+00:00> GetHands
2022-02-10 23:39:05.864277+00:00> GetHands
2022-02-10 23:39:06.409110+00:00> GetHands
2022-02-10 23:39:06.955897+00:00> GetHands
2022-02-10 23:39:07.498427+00:00> GetHands
2022-02-10 23:39:08.045499+00:00> GetHands
2022-02-10 23:39:08.579008+00:00> GetHands
2022-02-10 23:39:09.116098+00:00> GetHands
2022-02-10 23:39:09.656613+00:00> GetHands
2022-02-10 23:39:10.195479+00:00> GetHands
2022-02-10 23:39:10.727046+00:00> GetHands
2022-02-10 23:39:11.259298+00:00> GetHands
2022-02-10 23:39:11.791249+00:00> GetHands
2022-02-10 23:39:12.322562+00:00> GetHands
2022-02-10 23:39:12.859840+00:00> GetHands
2022-02-10 23:39:13.407415+00:00> GetHands
2022-02-10 23:39:13.948500+00:00> GetHands
2022-02-10 23:39:14.481467+00:00> GetHands
2022-02-10 23:39:15.011829+00:00> GetHands
2022-02-10 23:39:15.558543+00:00> GetHands
2022-02-10 23:39:16.091073+00:00> GetHands
2022-02-10 23:39:16.625202+00:00> GetHands
2022-02-10 23:39:17.164256+00:00> GetHands
2022-02-10 23:39:17.696233+00:00> GetHands
2022-02-10 23:39:18.232059+00:00> GetHands
2022-02-10 23:39:18.777846+00:00> GetHands
2022-02-10 23:39:19.316333+00:00> GetHands
2022-02-10 23:39:19.855906+00:00> GetHands
2022-02-10 23:39:20.392760+00:00> GetHands
2022-02-10 23:39:20.950039+00:00> GetHands
2022-02-10 23:39:21.499636+00:00> GetHands
2022-02-10 23:39:22.038581+00:00> GetHands
2022-02-10 23:39:22.590797+00:00> GetHands
2022-02-10 23:39:23.127312+00:00> GetHands
2022-02-10 23:39:23.667079+00:00> GetHands
2022-02-10 23:39:24.215048+00:00> GetHands
2022-02-10 23:39:24.772389+00:00> GetHands
2022-02-10 23:39:25.321378+00:00> GetHands
2022-02-10 23:39:25.873356+00:00> GetHands
2022-02-10 23:39:26.423798+00:00> GetHands
2022-02-10 23:39:26.975585+00:00> GetHands
2022-02-10 23:39:27.527245+00:00> GetHands
2022-02-10 23:39:28.079873+00:00> GetHands
2022-02-10 23:39:28.613619+00:00> GetHands
2022-02-10 23:39:29.150187+00:00> GetHands
2022-02-10 23:39:29.699126+00:00> GetHands
2022-02-10 23:39:30.249847+00:00> GetHands
2022-02-10 23:39:30.795606+00:00> GetHands
2022-02-10 23:39:31.342105+00:00> GetHands
2022-02-10 23:39:31.903574+00:00> GetHands
2022-02-10 23:39:32.462930+00:00> GetHands
2022-02-10 23:39:33.022943+00:00> GetHands
2022-02-10 23:39:33.571364+00:00> GetHands
2022-02-10 23:39:34.129066+00:00> GetHands
2022-02-10 23:39:34.692493+00:00> GetHands
2022-02-10 23:39:35.254054+00:00> GetHands
2022-02-10 23:39:35.814775+00:00> GetHands
2022-02-10 23:39:36.375521+00:00> GetHands
2022-02-10 23:39:36.935384+00:00> GetHands
2022-02-10 23:39:37.492638+00:00> GetHands
2022-02-10 23:39:38.040772+00:00> GetHands
2022-02-10 23:39:38.600925+00:00> GetHands
2022-02-10 23:39:39.156178+00:00> GetHands
2022-02-10 23:39:39.717992+00:00> GetHands
2022-02-10 23:39:40.265265+00:00> GetHands
2022-02-10 23:39:40.805649+00:00> GetHands
2022-02-10 23:39:41.352080+00:00> GetHands
2022-02-10 23:39:41.896513+00:00> GetHands
2022-02-10 23:39:42.441912+00:00> GetHands
2022-02-10 23:39:43.000005+00:00> GetHands
2022-02-10 23:39:43.561406+00:00> GetHands
2022-02-10 23:39:44.107320+00:00> GetHands
2022-02-10 23:39:44.648961+00:00> GetHands
2022-02-10 23:39:45.190878+00:00> GetHands
2022-02-10 23:39:45.734209+00:00> GetHands
2022-02-10 23:39:46.276466+00:00> GetHands
2022-02-10 23:39:46.807463+00:00> GetHands
2022-02-10 23:39:47.350454+00:00> GetHands
2022-02-10 23:39:47.909710+00:00> GetHands
2022-02-10 23:39:48.452967+00:00> GetHands
2022-02-10 23:39:48.996486+00:00> GetHands
2022-02-10 23:39:49.543701+00:00> GetHands
2022-02-10 23:39:50.089676+00:00> GetHands
2022-02-10 23:39:50.636396+00:00> GetHands
2022-02-10 23:39:51.181503+00:00> GetHands
2022-02-10 23:39:51.715456+00:00> GetHands
2022-02-10 23:39:52.259630+00:00> GetHands
2022-02-10 23:39:52.793124+00:00> GetHands
2022-02-10 23:39:53.325707+00:00> GetHands
2022-02-10 23:39:53.872064+00:00> GetHands
2022-02-10 23:39:54.403598+00:00> GetHands
2022-02-10 23:39:54.947694+00:00> GetHands
2022-02-10 23:39:55.479019+00:00> GetHands
2022-02-10 23:39:56.023572+00:00> GetHands
2022-02-10 23:39:56.569172+00:00> GetHands
2022-02-10 23:39:57.129002+00:00> GetHands
2022-02-10 23:39:57.668036+00:00> GetHands
2022-02-10 23:39:58.227361+00:00> GetHands
2022-02-10 23:39:58.777837+00:00> GetHands
2022-02-10 23:39:59.311362+00:00> GetHands
2022-02-10 23:39:59.852161+00:00> GetHands
2022-02-10 23:40:00.393052+00:00> GetHands
2022-02-10 23:40:00.932401+00:00> GetHands
2022-02-10 23:40:01.465019+00:00> GetHands
2022-02-10 23:40:02.000819+00:00> GetHands
2022-02-10 23:40:02.535954+00:00> GetHands
2022-02-10 23:40:03.068444+00:00> GetHands
2022-02-10 23:40:03.614413+00:00> GetHands
2022-02-10 23:40:04.175936+00:00> GetHands
2022-02-10 23:40:04.737548+00:00> GetHands
2022-02-10 23:40:05.281988+00:00> GetHands
2022-02-10 23:40:05.827659+00:00> GetHands
2022-02-10 23:40:06.369142+00:00> GetHands
2022-02-10 23:40:06.909264+00:00> GetHands
2022-02-10 23:40:07.453296+00:00> GetHands
2022-02-10 23:40:07.987910+00:00> GetHands
2022-02-10 23:40:08.518051+00:00> GetHands
2022-02-10 23:40:09.059760+00:00> GetHands
2022-02-10 23:40:09.605986+00:00> GetHands
2022-02-10 23:40:10.137358+00:00> GetHands
2022-02-10 23:40:10.683301+00:00> GetHands
2022-02-10 23:40:11.223295+00:00> GetHands
2022-02-10 23:40:11.755793+00:00> GetHands
2022-02-10 23:40:12.300212+00:00> GetHands
2022-02-10 23:40:12.845663+00:00> GetHands
2022-02-10 23:40:13.389257+00:00> GetHands
2022-02-10 23:40:13.931283+00:00> GetHands
2022-02-10 23:40:14.467279+00:00> GetHands
2022-02-10 23:40:15.009036+00:00> GetHands
2022-02-10 23:40:15.543797+00:00> GetHands
2022-02-10 23:40:16.076227+00:00> GetHands
2022-02-10 23:40:16.616106+00:00> GetHands
2022-02-10 23:40:17.154289+00:00> GetHands
2022-02-10 23:40:17.686913+00:00> GetHands
2022-02-10 23:40:18.221836+00:00> GetHands
2022-02-10 23:40:18.757595+00:00> GetHands
2022-02-10 23:40:19.295392+00:00> GetHands
2022-02-10 23:40:19.828083+00:00> GetHands
2022-02-10 23:40:20.366451+00:00> GetHands
2022-02-10 23:40:20.903983+00:00> GetHands
2022-02-10 23:40:21.435831+00:00> GetHands
2022-02-10 23:40:21.969508+00:00> GetHands
2022-02-10 23:40:22.503864+00:00> GetHands
2022-02-10 23:40:23.057991+00:00> GetHands
2022-02-10 23:40:23.614147+00:00> GetHands
2022-02-10 23:40:24.167491+00:00> GetHands
2022-02-10 23:40:24.700460+00:00> GetHands
2022-02-10 23:40:25.233498+00:00> GetHands
2022-02-10 23:40:25.770946+00:00> GetHands
2022-02-10 23:40:26.310242+00:00> GetHands
2022-02-10 23:40:26.845407+00:00> GetHands
2022-02-10 23:40:27.385540+00:00> GetHands
2022-02-10 23:40:27.939582+00:00> GetHands
2022-02-10 23:40:28.490087+00:00> GetHands
2022-02-10 23:40:29.046412+00:00> GetHands
2022-02-10 23:40:29.580667+00:00> GetHands
2022-02-10 23:40:30.119676+00:00> GetHands
2022-02-10 23:40:30.667985+00:00> GetHands
2022-02-10 23:40:31.199699+00:00> GetHands
2022-02-10 23:40:31.731434+00:00> GetHands
2022-02-10 23:40:32.267831+00:00> GetHands
2022-02-10 23:40:32.802426+00:00> GetHands
2022-02-10 23:40:33.348826+00:00> GetHands
2022-02-10 23:40:33.910424+00:00> GetHands
2022-02-10 23:40:34.466364+00:00> GetHands
2022-02-10 23:40:34.999146+00:00> GetHands
2022-02-10 23:40:35.538936+00:00> GetHands
2022-02-10 23:40:36.080781+00:00> GetHands
2022-02-10 23:40:36.613959+00:00> GetHands
2022-02-10 23:40:37.158638+00:00> GetHands
2022-02-10 23:40:37.690442+00:00> GetHands
2022-02-10 23:40:38.231898+00:00> GetHands
2022-02-10 23:40:38.792443+00:00> GetHands
2022-02-10 23:40:39.325800+00:00> GetHands
2022-02-10 23:40:39.873296+00:00> GetHands
2022-02-10 23:40:40.413317+00:00> GetHands
2022-02-10 23:40:40.964752+00:00> GetHands
2022-02-10 23:40:41.504411+00:00> GetHands
2022-02-10 23:40:42.049862+00:00> GetHands
2022-02-10 23:40:42.590892+00:00> GetHands
2022-02-10 23:40:43.137256+00:00> GetHands
2022-02-10 23:40:43.668957+00:00> GetHands
2022-02-10 23:40:44.200817+00:00> GetHands
2022-02-10 23:40:44.742559+00:00> GetHands
2022-02-10 23:40:45.277452+00:00> GetHands
2022-02-10 23:40:45.809373+00:00> GetHands
2022-02-10 23:40:46.352300+00:00> GetHands
2022-02-10 23:40:46.881050+00:00> GetHands
2022-02-10 23:40:47.430868+00:00> GetHands
2022-02-10 23:40:47.988988+00:00> GetHands
2022-02-10 23:40:48.549565+00:00> GetHands
2022-02-10 23:40:49.079915+00:00> GetHands
2022-02-10 23:40:49.626798+00:00> GetHands
2022-02-10 23:40:50.171146+00:00> GetHands
2022-02-10 23:40:50.702339+00:00> GetHands
2022-02-10 23:40:51.248533+00:00> GetHands
2022-02-10 23:40:51.794744+00:00> GetHands
2022-02-10 23:40:52.336242+00:00> GetHands
2022-02-10 23:40:52.879654+00:00> GetHands
2022-02-10 23:40:53.419161+00:00> GetHands
2022-02-10 23:40:53.961506+00:00> GetHands
2022-02-10 23:40:54.503438+00:00> GetHands
2022-02-10 23:40:55.042455+00:00> GetHands
2022-02-10 23:40:55.584475+00:00> GetHands
2022-02-10 23:40:56.112239+00:00> GetHands
2022-02-10 23:40:56.643211+00:00> GetHands
2022-02-10 23:40:57.186072+00:00> GetHands
2022-02-10 23:40:57.721362+00:00> GetHands
2022-02-10 23:40:58.262535+00:00> GetHands
2022-02-10 23:40:58.794074+00:00> GetHands
2022-02-10 23:40:59.339981+00:00> GetHands
2022-02-10 23:40:59.871915+00:00> GetHands
2022-02-10 23:41:00.415858+00:00> GetHands
2022-02-10 23:41:00.954806+00:00> GetHands
2022-02-10 23:41:01.499704+00:00> GetHands
2022-02-10 23:41:02.045733+00:00> GetHands
2022-02-10 23:41:02.579391+00:00> GetHands
2022-02-10 23:41:03.113070+00:00> GetHands
2022-02-10 23:41:03.660022+00:00> GetHands
2022-02-10 23:41:04.203937+00:00> GetHands
2022-02-10 23:41:04.750126+00:00> GetHands
2022-02-10 23:41:05.281213+00:00> GetHands
2022-02-10 23:41:05.828175+00:00> GetHands
2022-02-10 23:41:06.370789+00:00> GetHands
2022-02-10 23:41:06.914690+00:00> GetHands
2022-02-10 23:41:07.457860+00:00> GetHands
2022-02-10 23:41:08.002490+00:00> GetHands
2022-02-10 23:41:08.533929+00:00> GetHands
2022-02-10 23:41:09.095274+00:00> GetHands
2022-02-10 23:41:09.656564+00:00> GetHands
2022-02-10 23:41:10.206266+00:00> GetHands
2022-02-10 23:41:10.758904+00:00> GetHands
2022-02-10 23:41:11.311460+00:00> GetHands
2022-02-10 23:41:11.860795+00:00> GetHands
2022-02-10 23:41:12.422492+00:00> GetHands
2022-02-10 23:41:12.981758+00:00> GetHands
2022-02-10 23:41:13.528459+00:00> GetHands
2022-02-10 23:41:14.073068+00:00> GetHands
2022-02-10 23:41:14.605431+00:00> GetHands
2022-02-10 23:41:15.134034+00:00> GetHands
2022-02-10 23:41:15.684950+00:00> GetHands
2022-02-10 23:41:16.241706+00:00> GetHands
2022-02-10 23:41:16.796232+00:00> GetHands
2022-02-10 23:41:17.345665+00:00> GetHands
2022-02-10 23:41:17.908169+00:00> GetHands
2022-02-10 23:41:18.454220+00:00> GetHands
2022-02-10 23:41:18.999831+00:00> GetHands
2022-02-10 23:41:19.534190+00:00> GetHands
2022-02-10 23:41:20.065213+00:00> GetHands
2022-02-10 23:41:20.597029+00:00> GetHands
2022-02-10 23:41:21.137990+00:00> GetHands
2022-02-10 23:41:21.693700+00:00> GetHands
2022-02-10 23:41:22.254907+00:00> GetHands
2022-02-10 23:41:22.813850+00:00> GetHands
2022-02-10 23:41:23.372247+00:00> GetHands
2022-02-10 23:41:23.903969+00:00> GetHands
2022-02-10 23:41:24.463821+00:00> GetHands
2022-02-10 23:41:24.994981+00:00> GetHands
2022-02-10 23:41:25.543946+00:00> GetHands
2022-02-10 23:41:26.093724+00:00> GetHands
2022-02-10 23:41:26.655641+00:00> GetHands
2022-02-10 23:41:27.209773+00:00> GetHands
2022-02-10 23:41:27.754503+00:00> GetHands
2022-02-10 23:41:28.300350+00:00> GetHands
2022-02-10 23:41:28.846350+00:00> GetHands
2022-02-10 23:41:29.380266+00:00> GetHands
2022-02-10 23:41:29.928294+00:00> GetHands
2022-02-10 23:41:30.477185+00:00> GetHands
2022-02-10 23:41:31.006357+00:00> GetHands
2022-02-10 23:41:31.549641+00:00> GetHands
2022-02-10 23:41:32.084283+00:00> GetHands
2022-02-10 23:41:32.629970+00:00> GetHands
2022-02-10 23:41:33.161263+00:00> GetHands
2022-02-10 23:41:33.707650+00:00> GetHands
2022-02-10 23:41:34.244535+00:00> GetHands
2022-02-10 23:41:34.778958+00:00> GetHands
2022-02-10 23:41:35.340227+00:00> GetHands
2022-02-10 23:41:35.902612+00:00> GetHands
2022-02-10 23:41:36.450799+00:00> GetHands
2022-02-10 23:41:36.979284+00:00> GetHands
2022-02-10 23:41:37.512418+00:00> GetHands
2022-02-10 23:41:38.046151+00:00> GetHands
2022-02-10 23:41:38.591664+00:00> GetHands
2022-02-10 23:41:39.135513+00:00> GetHands
2022-02-10 23:41:39.667742+00:00> GetHands
2022-02-10 23:41:40.214620+00:00> GetHands
2022-02-10 23:41:40.760652+00:00> GetHands
2022-02-10 23:41:41.292970+00:00> GetHands
2022-02-10 23:41:41.838790+00:00> GetHands
2022-02-10 23:41:42.370363+00:00> GetHands
2022-02-10 23:41:42.905957+00:00> GetHands
2022-02-10 23:41:43.452674+00:00> GetHands
2022-02-10 23:41:43.997599+00:00> GetHands
2022-02-10 23:41:44.537627+00:00> GetHands
2022-02-10 23:41:45.070151+00:00> GetHands
2022-02-10 23:41:45.632133+00:00> GetHands
2022-02-10 23:41:46.191679+00:00> GetHands
2022-02-10 23:41:46.740132+00:00> GetHands
2022-02-10 23:41:47.298230+00:00> GetHands
2022-02-10 23:41:47.843818+00:00> GetHands
2022-02-10 23:41:48.375855+00:00> GetHands
2022-02-10 23:41:48.934858+00:00> GetHands
2022-02-10 23:41:49.477776+00:00> GetHands
2022-02-10 23:41:50.024460+00:00> GetHands
2022-02-10 23:41:50.587328+00:00> GetHands
2022-02-10 23:41:51.145550+00:00> GetHands
2022-02-10 23:41:51.679460+00:00> GetHands
2022-02-10 23:41:52.224001+00:00> GetHands
2022-02-10 23:41:52.765549+00:00> GetHands
2022-02-10 23:41:53.311186+00:00> GetHands
2022-02-10 23:41:53.871917+00:00> GetHands
2022-02-10 23:41:54.433022+00:00> GetHands
2022-02-10 23:41:54.995407+00:00> GetHands
2022-02-10 23:41:55.542248+00:00> GetHands
2022-02-10 23:41:56.083601+00:00> GetHands
2022-02-10 23:41:56.619293+00:00> GetHands
2022-02-10 23:41:57.150145+00:00> GetHands
2022-02-10 23:41:57.684923+00:00> GetHands
2022-02-10 23:41:58.231715+00:00> GetHands
2022-02-10 23:41:58.788718+00:00> GetHands
2022-02-10 23:41:59.332422+00:00> GetHands
2022-02-10 23:41:59.893076+00:00> GetHands
2022-02-10 23:42:00.445982+00:00> GetHands
2022-02-10 23:42:00.972379+00:00> GetHands
2022-02-10 23:42:01.502731+00:00> GetHands
2022-02-10 23:42:02.061290+00:00> GetHands
2022-02-10 23:42:02.610485+00:00> GetHands
2022-02-10 23:42:03.155944+00:00> GetHands
2022-02-10 23:42:03.688724+00:00> GetHands
2022-02-10 23:42:04.230332+00:00> GetHands
2022-02-10 23:42:04.776168+00:00> GetHands
2022-02-10 23:42:05.310038+00:00> GetHands
2022-02-10 23:42:05.856621+00:00> GetHands
2022-02-10 23:42:06.403173+00:00> GetHands
2022-02-10 23:42:06.938920+00:00> GetHands
2022-02-10 23:42:07.483522+00:00> GetHands
2022-02-10 23:42:08.028892+00:00> GetHands
2022-02-10 23:42:08.569104+00:00> GetHands
2022-02-10 23:42:09.098417+00:00> GetHands
2022-02-10 23:42:09.631981+00:00> GetHands
2022-02-10 23:42:10.167693+00:00> GetHands
2022-02-10 23:42:10.712334+00:00> GetHands
2022-02-10 23:42:11.244547+00:00> GetHands
2022-02-10 23:42:11.788034+00:00> GetHands
2022-02-10 23:42:12.330721+00:00> GetHands
2022-02-10 23:42:12.872856+00:00> GetHands
2022-02-10 23:42:13.407147+00:00> GetHands
2022-02-10 23:42:13.941396+00:00> GetHands
2022-02-10 23:42:14.479934+00:00> GetHands
2022-02-10 23:42:15.023325+00:00> GetHands
2022-02-10 23:42:15.564161+00:00> GetHands
2022-02-10 23:42:16.092572+00:00> GetHands
2022-02-10 23:42:16.648412+00:00> GetHands
2022-02-10 23:42:17.204494+00:00> GetHands
2022-02-10 23:42:17.766618+00:00> GetHands
2022-02-10 23:42:18.313113+00:00> GetHands
2022-02-10 23:42:18.857486+00:00> GetHands
2022-02-10 23:42:19.414237+00:00> GetHands
2022-02-10 23:42:19.965369+00:00> GetHands
2022-02-10 23:42:20.509867+00:00> GetHands
2022-02-10 23:42:21.053416+00:00> GetHands
2022-02-10 23:42:21.616609+00:00> GetHands
2022-02-10 23:42:22.149073+00:00> GetHands
2022-02-10 23:42:22.682636+00:00> GetHands
2022-02-10 23:42:23.216476+00:00> GetHands
2022-02-10 23:42:23.747685+00:00> GetHands
2022-02-10 23:42:24.293149+00:00> GetHands
2022-02-10 23:42:24.838627+00:00> GetHands
2022-02-10 23:42:25.386352+00:00> GetHands
2022-02-10 23:42:25.932173+00:00> GetHands
2022-02-10 23:42:26.465808+00:00> GetHands
2022-02-10 23:42:27.010679+00:00> GetHands
2022-02-10 23:42:27.557822+00:00> GetHands
2022-02-10 23:42:28.122046+00:00> GetHands
2022-02-10 23:42:28.666248+00:00> GetHands
2022-02-10 23:42:29.209121+00:00> GetHands
2022-02-10 23:42:29.759974+00:00> GetHands
2022-02-10 23:42:30.321753+00:00> GetHands
2022-02-10 23:42:30.866825+00:00> GetHands
2022-02-10 23:42:31.413859+00:00> GetHands
2022-02-10 23:42:31.960024+00:00> GetHands
2022-02-10 23:42:32.504944+00:00> GetHands
2022-02-10 23:42:33.048251+00:00> GetHands
2022-02-10 23:42:33.592639+00:00> GetHands
2022-02-10 23:42:34.125306+00:00> GetHands
2022-02-10 23:42:34.670243+00:00> GetHands
2022-02-10 23:42:35.215626+00:00> GetHands
2022-02-10 23:42:35.760000+00:00> GetHands
2022-02-10 23:42:36.322536+00:00> GetHands
2022-02-10 23:42:36.857591+00:00> GetHands
2022-02-10 23:42:37.391311+00:00> GetHands
2022-02-10 23:42:37.952196+00:00> GetHands
2022-02-10 23:42:38.499029+00:00> GetHands
2022-02-10 23:42:39.052175+00:00> GetHands
2022-02-10 23:42:39.596768+00:00> GetHands
2022-02-10 23:42:40.158100+00:00> GetHands
2022-02-10 23:42:40.694157+00:00> GetHands
2022-02-10 23:42:41.226848+00:00> GetHands
2022-02-10 23:42:41.760016+00:00> GetHands
2022-02-10 23:42:42.305313+00:00> GetHands
2022-02-10 23:42:42.837486+00:00> GetHands
2022-02-10 23:42:43.396591+00:00> GetHands
2022-02-10 23:42:43.942522+00:00> GetHands
2022-02-10 23:42:44.504533+00:00> GetHands
2022-02-10 23:42:45.052203+00:00> GetHands
2022-02-10 23:42:45.600907+00:00> GetHands
2022-02-10 23:42:46.147198+00:00> GetHands
2022-02-10 23:42:46.697824+00:00> GetHands
2022-02-10 23:42:47.243258+00:00> GetHands
2022-02-10 23:42:47.774763+00:00> GetHands
2022-02-10 23:42:48.315631+00:00> GetHands
2022-02-10 23:42:48.851631+00:00> GetHands
2022-02-10 23:42:49.397597+00:00> GetHands
2022-02-10 23:42:49.938323+00:00> GetHands
2022-02-10 23:42:50.479658+00:00> GetHands
2022-02-10 23:42:51.021891+00:00> GetHands
2022-02-10 23:42:51.568033+00:00> GetHands
2022-02-10 23:42:52.098993+00:00> GetHands
2022-02-10 23:42:52.643145+00:00> GetHands
2022-02-10 23:42:53.187083+00:00> GetHands
2022-02-10 23:42:53.730490+00:00> GetHands
2022-02-10 23:42:54.277938+00:00> GetHands
2022-02-10 23:42:54.820976+00:00> GetHands
2022-02-10 23:42:55.377955+00:00> GetHands
2022-02-10 23:42:55.925008+00:00> GetHands
2022-02-10 23:42:56.468209+00:00> GetHands
2022-02-10 23:42:57.009236+00:00> GetHands
2022-02-10 23:42:57.565155+00:00> GetHands
2022-02-10 23:42:58.113059+00:00> GetHands
2022-02-10 23:42:58.660557+00:00> GetHands
2022-02-10 23:42:59.206454+00:00> GetHands
2022-02-10 23:42:59.740354+00:00> GetHands
2022-02-10 23:43:00.287092+00:00> GetHands
2022-02-10 23:43:00.832074+00:00> GetHands
2022-02-10 23:43:01.376671+00:00> GetHands
2022-02-10 23:43:01.921208+00:00> GetHands
2022-02-10 23:43:02.481770+00:00> GetHands
2022-02-10 23:43:03.042673+00:00> GetHands
2022-02-10 23:43:03.592185+00:00> GetHands
2022-02-10 23:43:04.129875+00:00> GetHands
2022-02-10 23:43:04.661850+00:00> GetHands
2022-02-10 23:43:05.210476+00:00> GetHands
2022-02-10 23:43:05.759074+00:00> GetHands
2022-02-10 23:43:06.309102+00:00> GetHands
2022-02-10 23:43:06.856535+00:00> GetHands
2022-02-10 23:43:07.417355+00:00> GetHands
2022-02-10 23:43:07.979174+00:00> GetHands
2022-02-10 23:43:08.523771+00:00> GetHands
2022-02-10 23:43:09.080931+00:00> GetHands
2022-02-10 23:43:09.618725+00:00> GetHands
2022-02-10 23:43:10.164486+00:00> GetHands
2022-02-10 23:43:10.697327+00:00> GetHands
2022-02-10 23:43:11.231609+00:00> GetHands
2022-02-10 23:43:11.773627+00:00> GetHands
2022-02-10 23:43:12.314557+00:00> GetHands
2022-02-10 23:43:12.874203+00:00> GetHands
2022-02-10 23:43:13.435478+00:00> GetHands
2022-02-10 23:43:13.996499+00:00> GetHands
2022-02-10 23:43:14.544927+00:00> GetHands
2022-02-10 23:43:15.101920+00:00> GetHands
2022-02-10 23:43:15.652255+00:00> GetHands
2022-02-10 23:43:16.200769+00:00> GetHands
2022-02-10 23:43:16.762274+00:00> GetHands
2022-02-10 23:43:17.308027+00:00> GetHands
2022-02-10 23:43:17.854006+00:00> GetHands
2022-02-10 23:43:18.410689+00:00> GetHands
2022-02-10 23:43:18.971328+00:00> GetHands
2022-02-10 23:43:19.522340+00:00> GetHands
2022-02-10 23:43:20.055439+00:00> GetHands
2022-02-10 23:43:20.600633+00:00> GetHands
2022-02-10 23:43:21.134732+00:00> GetHands
2022-02-10 23:43:21.670715+00:00> GetHands
2022-02-10 23:43:22.214507+00:00> GetHands
2022-02-10 23:43:22.774638+00:00> GetHands
2022-02-10 23:43:23.325675+00:00> GetHands
2022-02-10 23:43:23.864623+00:00> GetHands
2022-02-10 23:43:24.403689+00:00> GetHands
2022-02-10 23:43:24.958074+00:00> GetHands
2022-02-10 23:43:25.503071+00:00> GetHands
2022-02-10 23:43:26.034601+00:00> GetHands
2022-02-10 23:43:26.568780+00:00> GetHands
2022-02-10 23:43:27.117936+00:00> GetHands
2022-02-10 23:43:27.669330+00:00> GetHands
2022-02-10 23:43:28.214729+00:00> GetHands
2022-02-10 23:43:28.746478+00:00> GetHands
2022-02-10 23:43:29.290680+00:00> GetHands
2022-02-10 23:43:29.835679+00:00> GetHands
2022-02-10 23:43:30.369256+00:00> GetHands
2022-02-10 23:43:30.903213+00:00> GetHands
2022-02-10 23:43:31.443849+00:00> GetHands
2022-02-10 23:43:31.977398+00:00> GetHands
2022-02-10 23:43:32.524987+00:00> GetHands
2022-02-10 23:43:33.060800+00:00> GetHands
2022-02-10 23:43:33.604698+00:00> GetHands
2022-02-10 23:43:34.148498+00:00> GetHands
2022-02-10 23:43:34.690648+00:00> GetHands
2022-02-10 23:43:35.234485+00:00> GetHands
2022-02-10 23:43:35.776101+00:00> GetHands
2022-02-10 23:43:36.311396+00:00> GetHands
2022-02-10 23:43:36.842388+00:00> GetHands
2022-02-10 23:43:37.388365+00:00> GetHands
2022-02-10 23:43:37.930570+00:00> GetHands
2022-02-10 23:43:38.477418+00:00> GetHands
2022-02-10 23:43:39.009254+00:00> GetHands
2022-02-10 23:43:39.556449+00:00> GetHands
2022-02-10 23:43:40.090461+00:00> GetHands
2022-02-10 23:43:40.634016+00:00> GetHands
2022-02-10 23:43:41.180692+00:00> GetHands
2022-02-10 23:43:41.715207+00:00> GetHands
2022-02-10 23:43:42.256768+00:00> GetHands
2022-02-10 23:43:42.789711+00:00> GetHands
2022-02-10 23:43:43.339123+00:00> GetHands
2022-02-10 23:43:43.888729+00:00> GetHands
2022-02-10 23:43:44.423024+00:00> GetHands
2022-02-10 23:43:44.974620+00:00> GetHands
2022-02-10 23:43:45.533548+00:00> GetHands
2022-02-10 23:43:46.064033+00:00> GetHands
2022-02-10 23:43:46.627289+00:00> GetHands
2022-02-10 23:43:47.162461+00:00> GetHands
2022-02-10 23:43:47.705287+00:00> GetHands
2022-02-10 23:43:48.263008+00:00> GetHands
2022-02-10 23:43:48.796792+00:00> GetHands
2022-02-10 23:43:49.347894+00:00> GetHands
2022-02-10 23:43:49.896956+00:00> GetHands
2022-02-10 23:43:50.448826+00:00> GetHands
2022-02-10 23:43:50.992241+00:00> GetHands
2022-02-10 23:43:51.527001+00:00> GetHands
2022-02-10 23:43:52.070471+00:00> GetHands
2022-02-10 23:43:52.615190+00:00> GetHands
2022-02-10 23:43:53.160665+00:00> GetHands
2022-02-10 23:43:53.723295+00:00> GetHands
2022-02-10 23:43:54.267669+00:00> GetHands
2022-02-10 23:43:54.803699+00:00> GetHands
2022-02-10 23:43:55.350227+00:00> GetHands
2022-02-10 23:43:55.895638+00:00> GetHands
2022-02-10 23:43:56.442128+00:00> GetHands
2022-02-10 23:43:56.981544+00:00> GetHands
2022-02-10 23:43:57.526185+00:00> GetHands
2022-02-10 23:43:58.058404+00:00> GetHands
2022-02-10 23:43:58.588246+00:00> GetHands
2022-02-10 23:43:59.120012+00:00> GetHands
2022-02-10 23:43:59.651766+00:00> GetHands
2022-02-10 23:44:00.183069+00:00> GetHands
2022-02-10 23:44:00.729405+00:00> GetHands
2022-02-10 23:44:01.276562+00:00> GetHands
2022-02-10 23:44:01.807706+00:00> GetHands
2022-02-10 23:44:02.339300+00:00> GetHands
2022-02-10 23:44:02.875847+00:00> GetHands
2022-02-10 23:44:03.436699+00:00> GetHands
2022-02-10 23:44:03.984594+00:00> GetHands
2022-02-10 23:44:04.546792+00:00> GetHands
2022-02-10 23:44:05.109294+00:00> GetHands
2022-02-10 23:44:05.660634+00:00> GetHands
2022-02-10 23:44:06.208576+00:00> GetHands
2022-02-10 23:44:06.760711+00:00> GetHands
2022-02-10 23:44:07.311204+00:00> GetHands
2022-02-10 23:44:07.869338+00:00> GetHands
2022-02-10 23:44:08.432426+00:00> GetHands
2022-02-10 23:44:08.975233+00:00> GetHands
2022-02-10 23:44:09.536614+00:00> GetHands
2022-02-10 23:44:10.094642+00:00> GetHands
2022-02-10 23:44:10.654961+00:00> GetHands
2022-02-10 23:44:11.213476+00:00> GetHands
2022-02-10 23:44:11.761519+00:00> GetHands
2022-02-10 23:44:12.312699+00:00> GetHands
2022-02-10 23:44:12.863654+00:00> GetHands
2022-02-10 23:44:13.425383+00:00> GetHands
2022-02-10 23:44:13.960018+00:00> GetHands
2022-02-10 23:44:14.505591+00:00> GetHands
2022-02-10 23:44:15.040494+00:00> GetHands
2022-02-10 23:44:15.589627+00:00> GetHands
2022-02-10 23:44:16.138251+00:00> GetHands
2022-02-10 23:44:16.685968+00:00> GetHands
2022-02-10 23:44:17.235525+00:00> GetHands
2022-02-10 23:44:17.792505+00:00> GetHands
2022-02-10 23:44:18.322388+00:00> GetHands
2022-02-10 23:44:18.864129+00:00> GetHands
2022-02-10 23:44:19.410460+00:00> GetHands
2022-02-10 23:44:19.957279+00:00> GetHands
2022-02-10 23:44:20.491661+00:00> GetHands
2022-02-10 23:44:21.036603+00:00> GetHands
2022-02-10 23:44:21.583550+00:00> GetHands
2022-02-10 23:44:22.113437+00:00> GetHands
2022-02-10 23:44:22.644783+00:00> GetHands
2022-02-10 23:44:23.188240+00:00> GetHands
2022-02-10 23:44:23.733110+00:00> GetHands
2022-02-10 23:44:24.278919+00:00> GetHands
2022-02-10 23:44:24.824349+00:00> GetHands
2022-02-10 23:44:25.370108+00:00> GetHands
2022-02-10 23:44:25.915802+00:00> GetHands
2022-02-10 23:44:26.459885+00:00> GetHands
2022-02-10 23:44:26.993839+00:00> GetHands
2022-02-10 23:44:27.540826+00:00> GetHands
2022-02-10 23:44:28.086156+00:00> GetHands
2022-02-10 23:44:28.631613+00:00> GetHands
2022-02-10 23:44:29.163602+00:00> GetHands
2022-02-10 23:44:29.696909+00:00> GetHands
2022-02-10 23:44:30.239064+00:00> GetHands
2022-02-10 23:44:30.772170+00:00> GetHands
2022-02-10 23:44:31.316198+00:00> GetHands
2022-02-10 23:44:31.860885+00:00> GetHands
2022-02-10 23:44:32.391835+00:00> GetHands
2022-02-10 23:44:32.924740+00:00> GetHands
2022-02-10 23:44:33.469834+00:00> GetHands
2022-02-10 23:44:34.007840+00:00> GetHands
2022-02-10 23:44:34.540148+00:00> GetHands
2022-02-10 23:44:35.072850+00:00> GetHands
2022-02-10 23:44:35.603764+00:00> GetHands
2022-02-10 23:44:36.148690+00:00> GetHands
2022-02-10 23:44:36.693410+00:00> GetHands
2022-02-10 23:44:37.231183+00:00> GetHands
2022-02-10 23:44:37.766456+00:00> GetHands
2022-02-10 23:44:38.305678+00:00> GetHands
2022-02-10 23:44:38.840705+00:00> GetHands
2022-02-10 23:44:39.373715+00:00> GetHands
2022-02-10 23:44:39.904759+00:00> GetHands
2022-02-10 23:44:40.448549+00:00> GetHands
2022-02-10 23:44:40.976738+00:00> GetHands
2022-02-10 23:44:41.523433+00:00> GetHands
2022-02-10 23:44:42.067001+00:00> GetHands
2022-02-10 23:44:42.612376+00:00> GetHands
2022-02-10 23:44:43.148516+00:00> GetHands
2022-02-10 23:44:43.692331+00:00> GetHands
2022-02-10 23:44:44.235888+00:00> GetHands
2022-02-10 23:44:44.782581+00:00> GetHands
2022-02-10 23:44:45.327743+00:00> GetHands
2022-02-10 23:44:45.864192+00:00> GetHands
2022-02-10 23:44:46.398390+00:00> GetHands
2022-02-10 23:44:46.942007+00:00> GetHands
2022-02-10 23:44:47.474032+00:00> GetHands
2022-02-10 23:44:48.033065+00:00> GetHands
2022-02-10 23:44:48.591347+00:00> GetHands
2022-02-10 23:44:49.137897+00:00> GetHands
2022-02-10 23:44:49.681507+00:00> GetHands
2022-02-10 23:44:50.239273+00:00> GetHands
2022-02-10 23:44:50.784880+00:00> GetHands
2022-02-10 23:44:51.332300+00:00> GetHands
2022-02-10 23:44:51.866537+00:00> GetHands
2022-02-10 23:44:52.398326+00:00> GetHands
2022-02-10 23:44:52.931674+00:00> GetHands
2022-02-10 23:44:53.476492+00:00> GetHands
2022-02-10 23:44:54.021696+00:00> GetHands
2022-02-10 23:44:54.562729+00:00> GetHands
2022-02-10 23:44:55.097896+00:00> GetHands
2022-02-10 23:44:55.643252+00:00> GetHands
2022-02-10 23:44:56.186861+00:00> GetHands
2022-02-10 23:44:56.732251+00:00> GetHands
2022-02-10 23:44:57.276628+00:00> GetHands
2022-02-10 23:44:57.823507+00:00> GetHands
2022-02-10 23:44:58.355176+00:00> GetHands
2022-02-10 23:44:58.882469+00:00> GetHands
2022-02-10 23:44:59.427998+00:00> GetHands
2022-02-10 23:44:59.973409+00:00> GetHands
2022-02-10 23:45:00.519234+00:00> GetHands
2022-02-10 23:45:01.053632+00:00> GetHands
2022-02-10 23:45:01.600042+00:00> GetHands
2022-02-10 23:45:02.146844+00:00> GetHands
2022-02-10 23:45:02.681930+00:00> GetHands
2022-02-10 23:45:03.216679+00:00> GetHands
2022-02-10 23:45:03.749880+00:00> GetHands
2022-02-10 23:45:04.306218+00:00> GetHands
2022-02-10 23:45:04.850489+00:00> GetHands
2022-02-10 23:45:05.383716+00:00> GetHands
2022-02-10 23:45:05.941317+00:00> GetHands
2022-02-10 23:45:06.488253+00:00> GetHands
2022-02-10 23:45:07.044471+00:00> GetHands
2022-02-10 23:45:07.577313+00:00> GetHands
2022-02-10 23:45:08.109992+00:00> GetHands
2022-02-10 23:45:08.654520+00:00> GetHands
2022-02-10 23:45:09.213585+00:00> GetHands
2022-02-10 23:45:09.754799+00:00> GetHands
2022-02-10 23:45:10.289311+00:00> GetHands
2022-02-10 23:45:10.835785+00:00> GetHands
2022-02-10 23:45:11.383256+00:00> GetHands
2022-02-10 23:45:11.930219+00:00> GetHands
2022-02-10 23:45:12.463322+00:00> GetHands
2022-02-10 23:45:13.007952+00:00> GetHands
2022-02-10 23:45:13.540812+00:00> GetHands
2022-02-10 23:45:14.075562+00:00> GetHands
2022-02-10 23:45:14.621522+00:00> GetHands
2022-02-10 23:45:15.182915+00:00> GetHands
2022-02-10 23:45:15.729301+00:00> GetHands
2022-02-10 23:45:16.276279+00:00> GetHands
2022-02-10 23:45:16.822541+00:00> GetHands
2022-02-10 23:45:17.366464+00:00> GetHands
2022-02-10 23:45:17.897878+00:00> GetHands
2022-02-10 23:45:18.431230+00:00> GetHands
2022-02-10 23:45:18.977754+00:00> GetHands
2022-02-10 23:45:19.520261+00:00> GetHands
2022-02-10 23:45:20.065620+00:00> GetHands
2022-02-10 23:45:20.598954+00:00> GetHands
2022-02-10 23:45:21.159096+00:00> GetHands
2022-02-10 23:45:21.719855+00:00> GetHands
2022-02-10 23:45:22.254620+00:00> GetHands
2022-02-10 23:45:22.797226+00:00> GetHands
2022-02-10 23:45:23.341136+00:00> GetHands
2022-02-10 23:45:23.874572+00:00> GetHands
2022-02-10 23:45:24.417744+00:00> GetHands
2022-02-10 23:45:24.947680+00:00> GetHands
2022-02-10 23:45:25.493668+00:00> GetHands
2022-02-10 23:45:26.038210+00:00> GetHands
2022-02-10 23:45:26.583687+00:00> GetHands
2022-02-10 23:45:27.125375+00:00> GetHands
2022-02-10 23:45:27.669167+00:00> GetHands
2022-02-10 23:45:28.215517+00:00> GetHands
2022-02-10 23:45:28.760358+00:00> GetHands
2022-02-10 23:45:29.292678+00:00> GetHands
2022-02-10 23:45:29.835201+00:00> GetHands
2022-02-10 23:45:30.381886+00:00> GetHands
2022-02-10 23:45:30.929189+00:00> GetHands
2022-02-10 23:45:31.489396+00:00> GetHands
2022-02-10 23:45:32.021573+00:00> GetHands
2022-02-10 23:45:32.567282+00:00> GetHands
2022-02-10 23:45:33.129979+00:00> GetHands
2022-02-10 23:45:33.674996+00:00> GetHands
2022-02-10 23:45:34.233700+00:00> GetHands
2022-02-10 23:45:34.794388+00:00> GetHands
2022-02-10 23:45:35.354876+00:00> GetHands
2022-02-10 23:45:35.886862+00:00> GetHands
2022-02-10 23:45:36.419809+00:00> GetHands
2022-02-10 23:45:36.947872+00:00> GetHands
2022-02-10 23:45:37.507140+00:00> GetHands
2022-02-10 23:45:38.055051+00:00> GetHands
2022-02-10 23:45:38.598696+00:00> GetHands
2022-02-10 23:45:39.146806+00:00> GetHands
2022-02-10 23:45:39.705080+00:00> GetHands
2022-02-10 23:45:40.238003+00:00> GetHands
2022-02-10 23:45:40.783334+00:00> GetHands
2022-02-10 23:45:41.346860+00:00> GetHands
2022-02-10 23:45:41.879310+00:00> GetHands
2022-02-10 23:45:42.425854+00:00> GetHands
2022-02-10 23:45:42.986847+00:00> GetHands
2022-02-10 23:45:43.549355+00:00> GetHands
2022-02-10 23:45:44.099079+00:00> GetHands
2022-02-10 23:45:44.659505+00:00> GetHands
2022-02-10 23:45:45.219919+00:00> GetHands
2022-02-10 23:45:45.782579+00:00> GetHands
2022-02-10 23:45:46.313983+00:00> GetHands
2022-02-10 23:45:46.859874+00:00> GetHands
2022-02-10 23:45:47.403856+00:00> GetHands
2022-02-10 23:45:47.936206+00:00> GetHands
2022-02-10 23:45:48.480433+00:00> GetHands
2022-02-10 23:45:49.024335+00:00> GetHands
2022-02-10 23:45:49.568812+00:00> GetHands
2022-02-10 23:45:50.114638+00:00> GetHands
2022-02-10 23:45:50.661076+00:00> GetHands
2022-02-10 23:45:51.193022+00:00> GetHands
2022-02-10 23:45:51.727324+00:00> GetHands
2022-02-10 23:45:52.272475+00:00> GetHands
2022-02-10 23:45:52.815911+00:00> GetHands
2022-02-10 23:45:53.350533+00:00> GetHands
2022-02-10 23:45:53.898048+00:00> GetHands
2022-02-10 23:45:54.440222+00:00> GetHands
2022-02-10 23:45:54.985365+00:00> GetHands
2022-02-10 23:45:55.518240+00:00> GetHands
2022-02-10 23:45:56.048700+00:00> GetHands
2022-02-10 23:45:56.581567+00:00> GetHands
2022-02-10 23:45:57.113720+00:00> GetHands
2022-02-10 23:45:57.652126+00:00> GetHands
2022-02-10 23:45:58.195949+00:00> GetHands
2022-02-10 23:45:58.729052+00:00> GetHands
2022-02-10 23:45:59.261984+00:00> GetHands
2022-02-10 23:45:59.794715+00:00> GetHands
2022-02-10 23:46:00.340279+00:00> GetHands
2022-02-10 23:46:00.885302+00:00> GetHands
2022-02-10 23:46:01.418419+00:00> GetHands
2022-02-10 23:46:01.963771+00:00> GetHands
2022-02-10 23:46:02.497554+00:00> GetHands
2022-02-10 23:46:03.044908+00:00> GetHands
2022-02-10 23:46:03.576909+00:00> GetHands
2022-02-10 23:46:04.122372+00:00> GetHands
2022-02-10 23:46:04.684270+00:00> GetHands
2022-02-10 23:46:05.245155+00:00> GetHands
2022-02-10 23:46:05.777552+00:00> GetHands
2022-02-10 23:46:06.315324+00:00> GetHands
2022-02-10 23:46:06.862386+00:00> GetHands
2022-02-10 23:46:07.405690+00:00> GetHands
2022-02-10 23:46:07.950751+00:00> GetHands
2022-02-10 23:46:08.495793+00:00> GetHands
2022-02-10 23:46:09.038725+00:00> GetHands
2022-02-10 23:46:09.584762+00:00> GetHands
2022-02-10 23:46:10.131846+00:00> GetHands
2022-02-10 23:46:10.692368+00:00> GetHands
2022-02-10 23:46:11.252923+00:00> GetHands
2022-02-10 23:46:11.796558+00:00> GetHands
2022-02-10 23:46:12.354439+00:00> GetHands
2022-02-10 23:46:12.917024+00:00> GetHands
2022-02-10 23:46:13.475757+00:00> GetHands
2022-02-10 23:46:14.006436+00:00> GetHands
2022-02-10 23:46:14.553591+00:00> GetHands
2022-02-10 23:46:15.098472+00:00> GetHands
2022-02-10 23:46:15.646778+00:00> GetHands
2022-02-10 23:46:16.193701+00:00> GetHands
2022-02-10 23:46:16.737836+00:00> GetHands
2022-02-10 23:46:17.281969+00:00> GetHands
2022-02-10 23:46:17.825259+00:00> GetHands
2022-02-10 23:46:18.357384+00:00> GetHands
2022-02-10 23:46:18.919008+00:00> GetHands
2022-02-10 23:46:19.453695+00:00> GetHands
2022-02-10 23:46:20.012803+00:00> GetHands
2022-02-10 23:46:20.545937+00:00> GetHands
2022-02-10 23:46:21.076119+00:00> GetHands
2022-02-10 23:46:21.607157+00:00> GetHands
2022-02-10 23:46:22.152592+00:00> GetHands
2022-02-10 23:46:22.697611+00:00> GetHands
2022-02-10 23:46:23.231389+00:00> GetHands
2022-02-10 23:46:23.777094+00:00> GetHands
2022-02-10 23:46:24.307422+00:00> GetHands
2022-02-10 23:46:24.850429+00:00> GetHands
2022-02-10 23:46:25.396631+00:00> GetHands
2022-02-10 23:46:25.942963+00:00> GetHands
2022-02-10 23:46:26.488103+00:00> GetHands
2022-02-10 23:46:27.031858+00:00> GetHands
2022-02-10 23:46:27.564041+00:00> GetHands
2022-02-10 23:46:28.110368+00:00> GetHands
2022-02-10 23:46:28.654002+00:00> GetHands
2022-02-10 23:46:29.199867+00:00> GetHands
2022-02-10 23:46:29.741910+00:00> GetHands
2022-02-10 23:46:30.276105+00:00> GetHands
2022-02-10 23:46:30.827765+00:00> GetHands
2022-02-10 23:46:31.372976+00:00> GetHands
2022-02-10 23:46:31.908512+00:00> GetHands
2022-02-10 23:46:32.453344+00:00> GetHands
2022-02-10 23:46:32.996014+00:00> GetHands
2022-02-10 23:46:33.541906+00:00> GetHands
2022-02-10 23:46:34.075205+00:00> GetHands
2022-02-10 23:46:34.613561+00:00> GetHands
2022-02-10 23:46:35.156696+00:00> GetHands
2022-02-10 23:46:35.690595+00:00> GetHands
2022-02-10 23:46:36.223752+00:00> GetHands
2022-02-10 23:46:36.770018+00:00> GetHands
2022-02-10 23:46:37.302908+00:00> GetHands
2022-02-10 23:46:37.844483+00:00> GetHands
2022-02-10 23:46:38.377034+00:00> GetHands
2022-02-10 23:46:38.922872+00:00> GetHands
2022-02-10 23:46:39.483135+00:00> GetHands
2022-02-10 23:46:40.028505+00:00> GetHands
2022-02-10 23:46:40.572264+00:00> GetHands
2022-02-10 23:46:41.105907+00:00> GetHands
2022-02-10 23:46:41.638466+00:00> GetHands
2022-02-10 23:46:42.170592+00:00> GetHands
2022-02-10 23:46:42.702227+00:00> GetHands
2022-02-10 23:46:43.239745+00:00> GetHands
2022-02-10 23:46:43.777727+00:00> GetHands
2022-02-10 23:46:44.324820+00:00> GetHands
2022-02-10 23:46:44.868709+00:00> GetHands
2022-02-10 23:46:45.411901+00:00> GetHands
2022-02-10 23:46:45.946505+00:00> GetHands
2022-02-10 23:46:46.481129+00:00> GetHands
2022-02-10 23:46:47.013794+00:00> GetHands
2022-02-10 23:46:47.546350+00:00> GetHands
2022-02-10 23:46:48.078003+00:00> GetHands
2022-02-10 23:46:48.611845+00:00> GetHands
2022-02-10 23:46:49.145990+00:00> GetHands
2022-02-10 23:46:49.677598+00:00> GetHands
2022-02-10 23:46:50.218679+00:00> GetHands
2022-02-10 23:46:50.765202+00:00> GetHands
2022-02-10 23:46:51.294133+00:00> GetHands
2022-02-10 23:46:51.825984+00:00> GetHands
2022-02-10 23:46:52.358761+00:00> GetHands
2022-02-10 23:46:52.891208+00:00> GetHands
2022-02-10 23:46:53.437005+00:00> GetHands
2022-02-10 23:46:53.981468+00:00> GetHands
2022-02-10 23:46:54.525639+00:00> GetHands
2022-02-10 23:46:55.067528+00:00> GetHands
2022-02-10 23:46:55.610654+00:00> GetHands
2022-02-10 23:46:56.143902+00:00> GetHands
2022-02-10 23:46:56.690654+00:00> GetHands
2022-02-10 23:46:57.234392+00:00> GetHands
2022-02-10 23:46:57.778116+00:00> GetHands
2022-02-10 23:46:58.310780+00:00> GetHands
2022-02-10 23:46:58.841660+00:00> GetHands
2022-02-10 23:46:59.374269+00:00> GetHands
2022-02-10 23:46:59.918504+00:00> GetHands
2022-02-10 23:47:00.451574+00:00> GetHands
2022-02-10 23:47:00.984209+00:00> GetHands
2022-02-10 23:47:01.517275+00:00> GetHands
2022-02-10 23:47:02.059894+00:00> GetHands
2022-02-10 23:47:02.605054+00:00> GetHands
2022-02-10 23:47:03.152445+00:00> GetHands
2022-02-10 23:47:03.682800+00:00> GetHands
2022-02-10 23:47:04.227763+00:00> GetHands
2022-02-10 23:47:04.774255+00:00> GetHands
2022-02-10 23:47:05.320012+00:00> GetHands
2022-02-10 23:47:05.867224+00:00> GetHands
2022-02-10 23:47:06.411337+00:00> GetHands
2022-02-10 23:47:06.957134+00:00> GetHands
2022-02-10 23:47:07.488727+00:00> GetHands
2022-02-10 23:47:08.017059+00:00> GetHands
2022-02-10 23:47:08.576773+00:00> GetHands
2022-02-10 23:47:09.138971+00:00> GetHands
2022-02-10 23:47:09.684220+00:00> GetHands
2022-02-10 23:47:10.244468+00:00> GetHands
2022-02-10 23:47:10.792289+00:00> GetHands
2022-02-10 23:47:11.325152+00:00> GetHands
2022-02-10 23:47:11.868045+00:00> GetHands
2022-02-10 23:47:12.400505+00:00> GetHands
2022-02-10 23:47:12.943415+00:00> GetHands
2022-02-10 23:47:13.484577+00:00> GetHands
2022-02-10 23:47:14.028949+00:00> GetHands
2022-02-10 23:47:14.574237+00:00> GetHands
2022-02-10 23:47:15.120101+00:00> GetHands
2022-02-10 23:47:15.656538+00:00> GetHands
2022-02-10 23:47:16.202788+00:00> GetHands
2022-02-10 23:47:16.747055+00:00> GetHands
2022-02-10 23:47:17.293089+00:00> GetHands
2022-02-10 23:47:17.825668+00:00> GetHands
2022-02-10 23:47:18.360265+00:00> GetHands
2022-02-10 23:47:18.906094+00:00> GetHands
2022-02-10 23:47:19.451971+00:00> GetHands
2022-02-10 23:47:19.997448+00:00> GetHands
2022-02-10 23:47:20.543297+00:00> GetHands
2022-02-10 23:47:21.074636+00:00> GetHands
2022-02-10 23:47:21.620928+00:00> GetHands
2022-02-10 23:47:22.163341+00:00> GetHands
2022-02-10 23:47:22.697400+00:00> GetHands
2022-02-10 23:47:23.228732+00:00> GetHands
2022-02-10 23:47:23.762586+00:00> GetHands
2022-02-10 23:47:24.305852+00:00> GetHands
2022-02-10 23:47:24.850039+00:00> GetHands
2022-02-10 23:47:25.394747+00:00> GetHands
2022-02-10 23:47:25.937593+00:00> GetHands
2022-02-10 23:47:26.479231+00:00> GetHands
2022-02-10 23:47:27.015101+00:00> GetHands
2022-02-10 23:47:27.560586+00:00> GetHands
2022-02-10 23:47:28.105629+00:00> GetHands
2022-02-10 23:47:28.652953+00:00> GetHands
2022-02-10 23:47:29.197059+00:00> GetHands
2022-02-10 23:47:29.741612+00:00> GetHands
2022-02-10 23:47:30.275366+00:00> GetHands
2022-02-10 23:47:30.808132+00:00> GetHands
2022-02-10 23:47:31.344017+00:00> GetHands
2022-02-10 23:47:31.889258+00:00> GetHands
2022-02-10 23:47:32.434925+00:00> GetHands
2022-02-10 23:47:32.963935+00:00> GetHands
2022-02-10 23:47:33.509372+00:00> GetHands
2022-02-10 23:47:34.055346+00:00> GetHands
2022-02-10 23:47:34.586005+00:00> GetHands
2022-02-10 23:47:35.129748+00:00> GetHands
2022-02-10 23:47:35.662001+00:00> GetHands
2022-02-10 23:47:36.207696+00:00> GetHands
2022-02-10 23:47:36.753049+00:00> GetHands
2022-02-10 23:47:37.293116+00:00> GetHands
2022-02-10 23:47:37.825270+00:00> GetHands
2022-02-10 23:47:38.356966+00:00> GetHands
2022-02-10 23:47:38.888833+00:00> GetHands
2022-02-10 23:47:39.419037+00:00> GetHands
2022-02-10 23:47:39.961989+00:00> GetHands
2022-02-10 23:47:40.494382+00:00> GetHands
2022-02-10 23:47:41.039484+00:00> GetHands
2022-02-10 23:47:41.599754+00:00> GetHands
2022-02-10 23:47:42.146119+00:00> GetHands
2022-02-10 23:47:42.677239+00:00> GetHands
2022-02-10 23:47:43.209129+00:00> GetHands
2022-02-10 23:47:43.755926+00:00> GetHands
2022-02-10 23:47:44.290230+00:00> GetHands
2022-02-10 23:47:44.833351+00:00> GetHands
2022-02-10 23:47:45.377741+00:00> GetHands
2022-02-10 23:47:45.939799+00:00> GetHands
2022-02-10 23:47:46.486986+00:00> GetHands
2022-02-10 23:47:47.032888+00:00> GetHands
2022-02-10 23:47:47.592432+00:00> GetHands
2022-02-10 23:47:48.138768+00:00> GetHands
2022-02-10 23:47:48.672009+00:00> GetHands
2022-02-10 23:47:49.215423+00:00> GetHands
2022-02-10 23:47:49.745822+00:00> GetHands
2022-02-10 23:47:50.291213+00:00> GetHands
2022-02-10 23:47:50.836549+00:00> GetHands
2022-02-10 23:47:51.369913+00:00> GetHands
2022-02-10 23:47:51.913459+00:00> GetHands
2022-02-10 23:47:52.459427+00:00> GetHands
2022-02-10 23:47:53.005734+00:00> GetHands
2022-02-10 23:47:53.552610+00:00> GetHands
2022-02-10 23:47:54.097471+00:00> GetHands
2022-02-10 23:47:54.641942+00:00> GetHands
2022-02-10 23:47:55.188147+00:00> GetHands
2022-02-10 23:47:55.732636+00:00> GetHands
2022-02-10 23:47:56.276840+00:00> GetHands
2022-02-10 23:47:56.807448+00:00> GetHands
2022-02-10 23:47:57.340158+00:00> GetHands
2022-02-10 23:47:57.882624+00:00> GetHands
2022-02-10 23:47:58.415899+00:00> GetHands
2022-02-10 23:47:58.961667+00:00> GetHands
2022-02-10 23:47:59.493578+00:00> GetHands
2022-02-10 23:48:00.039917+00:00> GetHands
2022-02-10 23:48:00.573861+00:00> GetHands
2022-02-10 23:48:01.115865+00:00> GetHands
2022-02-10 23:48:01.662577+00:00> GetHands
2022-02-10 23:48:02.209320+00:00> GetHands
2022-02-10 23:48:02.755728+00:00> GetHands
2022-02-10 23:48:03.297831+00:00> GetHands
2022-02-10 23:48:03.832547+00:00> GetHands
2022-02-10 23:48:04.376541+00:00> GetHands
2022-02-10 23:48:04.922047+00:00> GetHands
2022-02-10 23:48:05.467314+00:00> GetHands
2022-02-10 23:48:06.007269+00:00> GetHands
2022-02-10 23:48:06.554076+00:00> GetHands
2022-02-10 23:48:07.085421+00:00> GetHands
2022-02-10 23:48:07.628651+00:00> GetHands
2022-02-10 23:48:08.172439+00:00> GetHands
2022-02-10 23:48:08.716072+00:00> GetHands
2022-02-10 23:48:09.260230+00:00> GetHands
2022-02-10 23:48:09.792489+00:00> GetHands
2022-02-10 23:48:10.325394+00:00> GetHands
2022-02-10 23:48:10.857604+00:00> GetHands
2022-02-10 23:48:11.402604+00:00> GetHands
2022-02-10 23:48:11.934911+00:00> GetHands
2022-02-10 23:48:12.469386+00:00> GetHands
2022-02-10 23:48:12.999883+00:00> GetHands
2022-02-10 23:48:13.543852+00:00> GetHands
2022-02-10 23:48:14.086689+00:00> GetHands
2022-02-10 23:48:14.631363+00:00> GetHands
2022-02-10 23:48:15.163420+00:00> GetHands
2022-02-10 23:48:15.709589+00:00> GetHands
2022-02-10 23:48:16.255316+00:00> GetHands
2022-02-10 23:48:16.799675+00:00> GetHands
2022-02-10 23:48:17.346825+00:00> GetHands
2022-02-10 23:48:17.892373+00:00> GetHands
2022-02-10 23:48:18.432460+00:00> GetHands
2022-02-10 23:48:18.977741+00:00> GetHands
2022-02-10 23:48:19.520705+00:00> GetHands
2022-02-10 23:48:20.061705+00:00> GetHands
2022-02-10 23:48:20.608935+00:00> GetHands
2022-02-10 23:48:21.154740+00:00> GetHands
2022-02-10 23:48:21.699794+00:00> GetHands
2022-02-10 23:48:22.242804+00:00> GetHands
2022-02-10 23:48:22.775457+00:00> GetHands
2022-02-10 23:48:23.307467+00:00> GetHands
2022-02-10 23:48:23.839509+00:00> GetHands
2022-02-10 23:48:24.373211+00:00> GetHands
2022-02-10 23:48:24.918267+00:00> GetHands
2022-02-10 23:48:25.463985+00:00> GetHands
2022-02-10 23:48:26.008384+00:00> GetHands
2022-02-10 23:48:26.555978+00:00> GetHands
2022-02-10 23:48:27.099270+00:00> GetHands
2022-02-10 23:48:27.645485+00:00> GetHands
2022-02-10 23:48:28.192789+00:00> GetHands
2022-02-10 23:48:28.738675+00:00> GetHands
2022-02-10 23:48:29.268855+00:00> GetHands
2022-02-10 23:48:29.800718+00:00> GetHands
2022-02-10 23:48:30.346751+00:00> GetHands
2022-02-10 23:48:30.893482+00:00> GetHands
2022-02-10 23:48:31.427012+00:00> GetHands
2022-02-10 23:48:31.968088+00:00> GetHands
2022-02-10 23:48:32.510487+00:00> GetHands
2022-02-10 23:48:33.055702+00:00> GetHands
2022-02-10 23:48:33.603108+00:00> GetHands
2022-02-10 23:48:34.146066+00:00> GetHands
2022-02-10 23:48:34.691777+00:00> GetHands
2022-02-10 23:48:35.233035+00:00> GetHands
2022-02-10 23:48:35.765130+00:00> GetHands
2022-02-10 23:48:36.311912+00:00> GetHands
2022-02-10 23:48:36.856561+00:00> GetHands
2022-02-10 23:48:37.389016+00:00> GetHands
2022-02-10 23:48:37.932306+00:00> GetHands
2022-02-10 23:48:38.477028+00:00> GetHands
2022-02-10 23:48:39.021668+00:00> GetHands
2022-02-10 23:48:39.565820+00:00> GetHands
2022-02-10 23:48:40.111957+00:00> GetHands
2022-02-10 23:48:40.653753+00:00> GetHands
2022-02-10 23:48:41.197371+00:00> GetHands
2022-02-10 23:48:41.730956+00:00> GetHands
2022-02-10 23:48:42.262612+00:00> GetHands
2022-02-10 23:48:42.804692+00:00> GetHands
2022-02-10 23:48:43.345742+00:00> GetHands
2022-02-10 23:48:43.878816+00:00> GetHands
2022-02-10 23:48:44.412904+00:00> GetHands
2022-02-10 23:48:44.954857+00:00> GetHands
2022-02-10 23:48:45.496906+00:00> GetHands
2022-02-10 23:48:46.042322+00:00> GetHands
2022-02-10 23:48:46.576298+00:00> GetHands
2022-02-10 23:48:47.120084+00:00> GetHands
2022-02-10 23:48:47.651448+00:00> GetHands
2022-02-10 23:48:48.197636+00:00> GetHands
2022-02-10 23:48:48.743645+00:00> GetHands
2022-02-10 23:48:49.288819+00:00> GetHands
2022-02-10 23:48:49.832362+00:00> GetHands
2022-02-10 23:48:50.363771+00:00> GetHands
2022-02-10 23:48:50.904969+00:00> GetHands
2022-02-10 23:48:51.438215+00:00> GetHands
2022-02-10 23:48:51.984929+00:00> GetHands
2022-02-10 23:48:52.527435+00:00> GetHands
2022-02-10 23:48:53.074007+00:00> GetHands
2022-02-10 23:48:53.616759+00:00> GetHands
2022-02-10 23:48:54.160887+00:00> GetHands
2022-02-10 23:48:54.703979+00:00> GetHands
2022-02-10 23:48:55.235688+00:00> GetHands
2022-02-10 23:48:55.778359+00:00> GetHands
2022-02-10 23:48:56.308446+00:00> GetHands
2022-02-10 23:48:56.841728+00:00> GetHands
2022-02-10 23:48:57.372712+00:00> GetHands
2022-02-10 23:48:57.903029+00:00> GetHands
2022-02-10 23:48:58.437891+00:00> GetHands
2022-02-10 23:48:58.984881+00:00> GetHands
2022-02-10 23:48:59.529183+00:00> GetHands
2022-02-10 23:49:00.060695+00:00> GetHands
2022-02-10 23:49:00.602703+00:00> GetHands
2022-02-10 23:49:01.148856+00:00> GetHands
2022-02-10 23:49:01.695355+00:00> GetHands
2022-02-10 23:49:02.227961+00:00> GetHands
2022-02-10 23:49:02.761305+00:00> GetHands
2022-02-10 23:49:03.306302+00:00> GetHands
2022-02-10 23:49:03.840706+00:00> GetHands
2022-02-10 23:49:04.382249+00:00> GetHands
2022-02-10 23:49:04.944987+00:00> GetHands
2022-02-10 23:49:05.506128+00:00> GetHands
2022-02-10 23:49:06.039623+00:00> GetHands
2022-02-10 23:49:06.582451+00:00> GetHands
2022-02-10 23:49:07.125823+00:00> GetHands
2022-02-10 23:49:07.661182+00:00> GetHands
2022-02-10 23:49:08.203530+00:00> GetHands
2022-02-10 23:49:08.734854+00:00> GetHands
2022-02-10 23:49:09.279168+00:00> GetHands
2022-02-10 23:49:09.822225+00:00> GetHands
2022-02-10 23:49:10.367457+00:00> GetHands
2022-02-10 23:49:10.911996+00:00> GetHands
2022-02-10 23:49:11.460690+00:00> GetHands
2022-02-10 23:49:12.002978+00:00> GetHands
2022-02-10 23:49:12.564859+00:00> GetHands
2022-02-10 23:49:13.111446+00:00> GetHands
2022-02-10 23:49:13.644479+00:00> GetHands
2022-02-10 23:49:14.192529+00:00> GetHands
2022-02-10 23:49:14.740372+00:00> GetHands
2022-02-10 23:49:15.285430+00:00> GetHands
2022-02-10 23:49:15.818509+00:00> GetHands
2022-02-10 23:49:16.361807+00:00> GetHands
2022-02-10 23:49:16.907286+00:00> GetHands
2022-02-10 23:49:17.452177+00:00> GetHands
2022-02-10 23:49:17.998209+00:00> GetHands
2022-02-10 23:49:18.540451+00:00> GetHands
2022-02-10 23:49:19.085194+00:00> GetHands
2022-02-10 23:49:19.630462+00:00> GetHands
2022-02-10 23:49:20.190658+00:00> GetHands
2022-02-10 23:49:20.737089+00:00> GetHands
2022-02-10 23:49:21.280246+00:00> GetHands
2022-02-10 23:49:21.840687+00:00> GetHands
2022-02-10 23:49:22.384266+00:00> GetHands
2022-02-10 23:49:22.930529+00:00> GetHands
2022-02-10 23:49:23.477956+00:00> GetHands
2022-02-10 23:49:24.027153+00:00> GetHands
2022-02-10 23:49:24.572444+00:00> GetHands
2022-02-10 23:49:25.115030+00:00> GetHands
2022-02-10 23:49:25.660414+00:00> GetHands
2022-02-10 23:49:26.207234+00:00> GetHands
2022-02-10 23:49:26.751824+00:00> GetHands
2022-02-10 23:49:27.298558+00:00> GetHands
2022-02-10 23:49:27.833504+00:00> GetHands
2022-02-10 23:49:28.378010+00:00> GetHands
2022-02-10 23:49:28.910909+00:00> GetHands
2022-02-10 23:49:29.451849+00:00> GetHands
2022-02-10 23:49:29.996792+00:00> GetHands
2022-02-10 23:49:30.540557+00:00> GetHands
2022-02-10 23:49:31.071596+00:00> GetHands
2022-02-10 23:49:31.617542+00:00> GetHands
2022-02-10 23:49:32.160257+00:00> GetHands
2022-02-10 23:49:32.695696+00:00> GetHands
2022-02-10 23:49:33.241253+00:00> GetHands
2022-02-10 23:49:33.786224+00:00> GetHands
2022-02-10 23:49:34.329495+00:00> GetHands
2022-02-10 23:49:34.856075+00:00> GetHands
2022-02-10 23:49:35.413915+00:00> GetHands
2022-02-10 23:49:35.963555+00:00> GetHands
2022-02-10 23:49:36.524903+00:00> GetHands
2022-02-10 23:49:37.075505+00:00> GetHands
2022-02-10 23:49:37.633236+00:00> GetHands
2022-02-10 23:49:38.165080+00:00> GetHands
2022-02-10 23:49:38.708837+00:00> GetHands
2022-02-10 23:49:39.253857+00:00> GetHands
2022-02-10 23:49:39.799730+00:00> GetHands
2022-02-10 23:49:40.339410+00:00> GetHands
2022-02-10 23:49:40.872338+00:00> GetHands
2022-02-10 23:49:41.430666+00:00> GetHands
2022-02-10 23:49:41.975499+00:00> GetHands
2022-02-10 23:49:42.537961+00:00> GetHands
2022-02-10 23:49:43.067726+00:00> GetHands
2022-02-10 23:49:43.612757+00:00> GetHands
2022-02-10 23:49:44.148213+00:00> GetHands
2022-02-10 23:49:44.682041+00:00> GetHands
2022-02-10 23:49:45.224615+00:00> GetHands
2022-02-10 23:49:45.757921+00:00> GetHands
2022-02-10 23:49:46.299688+00:00> GetHands
2022-02-10 23:49:46.859833+00:00> GetHands
2022-02-10 23:49:47.405684+00:00> GetHands
2022-02-10 23:49:47.949929+00:00> GetHands
2022-02-10 23:49:48.493997+00:00> GetHands
2022-02-10 23:49:49.038270+00:00> GetHands
2022-02-10 23:49:49.581676+00:00> GetHands
2022-02-10 23:49:50.128469+00:00> GetHands
2022-02-10 23:49:50.671493+00:00> GetHands
2022-02-10 23:49:51.214404+00:00> GetHands
2022-02-10 23:49:51.761177+00:00> GetHands
2022-02-10 23:49:52.308730+00:00> GetHands
2022-02-10 23:49:52.853109+00:00> GetHands
2022-02-10 23:49:53.388234+00:00> GetHands
2022-02-10 23:49:53.922545+00:00> GetHands
2022-02-10 23:49:54.467304+00:00> GetHands
2022-02-10 23:49:55.015453+00:00> GetHands
2022-02-10 23:49:55.560920+00:00> GetHands
2022-02-10 23:49:56.106658+00:00> GetHands
2022-02-10 23:49:56.651042+00:00> GetHands
2022-02-10 23:49:57.184676+00:00> GetHands
2022-02-10 23:49:57.724747+00:00> GetHands
2022-02-10 23:49:58.255754+00:00> GetHands
2022-02-10 23:49:58.806034+00:00> GetHands
2022-02-10 23:49:59.336984+00:00> GetHands
2022-02-10 23:49:59.872075+00:00> GetHands
2022-02-10 23:50:00.415564+00:00> GetHands
2022-02-10 23:50:00.958839+00:00> GetHands
2022-02-10 23:50:01.503609+00:00> GetHands
2022-02-10 23:50:02.049540+00:00> GetHands
2022-02-10 23:50:02.590231+00:00> GetHands
2022-02-10 23:50:03.137410+00:00> GetHands
2022-02-10 23:50:03.682177+00:00> GetHands
2022-02-10 23:50:04.243587+00:00> GetHands
2022-02-10 23:50:04.789871+00:00> GetHands
2022-02-10 23:50:05.331595+00:00> GetHands
2022-02-10 23:50:05.864241+00:00> GetHands
2022-02-10 23:50:06.408706+00:00> GetHands
2022-02-10 23:50:06.949835+00:00> GetHands
2022-02-10 23:50:07.495576+00:00> GetHands
2022-02-10 23:50:08.041729+00:00> GetHands
2022-02-10 23:50:08.585269+00:00> GetHands
2022-02-10 23:50:09.129292+00:00> GetHands
2022-02-10 23:50:09.664574+00:00> GetHands
2022-02-10 23:50:10.198942+00:00> GetHands
2022-02-10 23:50:10.742533+00:00> GetHands
2022-02-10 23:50:11.304889+00:00> GetHands
2022-02-10 23:50:11.838413+00:00> GetHands
2022-02-10 23:50:12.383882+00:00> GetHands
2022-02-10 23:50:12.945406+00:00> GetHands
2022-02-10 23:50:13.489629+00:00> GetHands
2022-02-10 23:50:14.036264+00:00> GetHands
2022-02-10 23:50:14.596562+00:00> GetHands
2022-02-10 23:50:15.141398+00:00> GetHands
2022-02-10 23:50:15.688091+00:00> GetHands
2022-02-10 23:50:16.232659+00:00> GetHands
2022-02-10 23:50:16.777287+00:00> GetHands
2022-02-10 23:50:17.322099+00:00> GetHands
2022-02-10 23:50:17.854541+00:00> GetHands
2022-02-10 23:50:18.396501+00:00> GetHands
2022-02-10 23:50:18.941049+00:00> GetHands
2022-02-10 23:50:19.485235+00:00> GetHands
2022-02-10 23:50:20.017449+00:00> GetHands
2022-02-10 23:50:20.558884+00:00> GetHands
2022-02-10 23:50:21.104054+00:00> GetHands
2022-02-10 23:50:21.649988+00:00> GetHands
2022-02-10 23:50:22.194952+00:00> GetHands
2022-02-10 23:50:22.737916+00:00> GetHands
2022-02-10 23:50:23.278805+00:00> GetHands
2022-02-10 23:50:23.824890+00:00> GetHands
2022-02-10 23:50:24.360177+00:00> GetHands
2022-02-10 23:50:24.902993+00:00> GetHands
2022-02-10 23:50:25.460596+00:00> GetHands
2022-02-10 23:50:26.005350+00:00> GetHands
2022-02-10 23:50:26.552983+00:00> GetHands
2022-02-10 23:50:27.096164+00:00> GetHands
2022-02-10 23:50:27.642069+00:00> GetHands
2022-02-10 23:50:28.186220+00:00> GetHands
2022-02-10 23:50:28.717879+00:00> GetHands
2022-02-10 23:50:29.263743+00:00> GetHands
2022-02-10 23:50:29.824898+00:00> GetHands
2022-02-10 23:50:30.368138+00:00> GetHands
2022-02-10 23:50:30.900398+00:00> GetHands
2022-02-10 23:50:31.432403+00:00> GetHands
2022-02-10 23:50:31.960934+00:00> GetHands
2022-02-10 23:50:32.521135+00:00> GetHands
2022-02-10 23:50:33.065600+00:00> GetHands
2022-02-10 23:50:33.630969+00:00> GetHands
2022-02-10 23:50:34.175463+00:00> GetHands
2022-02-10 23:50:34.707275+00:00> GetHands
2022-02-10 23:50:35.253728+00:00> GetHands
2022-02-10 23:50:35.800292+00:00> GetHands
2022-02-10 23:50:36.346706+00:00> GetHands
2022-02-10 23:50:36.892805+00:00> GetHands
2022-02-10 23:50:37.438384+00:00> GetHands
2022-02-10 23:50:37.965754+00:00> GetHands
2022-02-10 23:50:38.508196+00:00> GetHands
2022-02-10 23:50:39.045601+00:00> GetHands
2022-02-10 23:50:39.592754+00:00> GetHands
2022-02-10 23:50:40.135607+00:00> GetHands
2022-02-10 23:50:40.682164+00:00> GetHands
2022-02-10 23:50:41.226524+00:00> GetHands
2022-02-10 23:50:41.771568+00:00> GetHands
2022-02-10 23:50:42.316736+00:00> GetHands
2022-02-10 23:50:42.862979+00:00> GetHands
2022-02-10 23:50:43.406127+00:00> GetHands
2022-02-10 23:50:43.947974+00:00> GetHands
2022-02-10 23:50:44.482950+00:00> GetHands
2022-02-10 23:50:45.027066+00:00> GetHands
2022-02-10 23:50:45.572281+00:00> GetHands
2022-02-10 23:50:46.116330+00:00> GetHands
2022-02-10 23:50:46.661948+00:00> GetHands
2022-02-10 23:50:47.204651+00:00> GetHands
2022-02-10 23:50:47.749265+00:00> GetHands
2022-02-10 23:50:48.311384+00:00> GetHands
2022-02-10 23:50:48.857678+00:00> GetHands
2022-02-10 23:50:49.402127+00:00> GetHands
2022-02-10 23:50:49.947147+00:00> GetHands
2022-02-10 23:50:50.489591+00:00> GetHands
2022-02-10 23:50:51.035670+00:00> GetHands
2022-02-10 23:50:51.582707+00:00> GetHands
2022-02-10 23:50:52.116621+00:00> GetHands
2022-02-10 23:50:52.663075+00:00> GetHands
2022-02-10 23:50:53.210208+00:00> GetHands
2022-02-10 23:50:53.742506+00:00> GetHands
2022-02-10 23:50:54.287432+00:00> GetHands
2022-02-10 23:50:54.848464+00:00> GetHands
2022-02-10 23:50:55.407692+00:00> GetHands
2022-02-10 23:50:55.951757+00:00> GetHands
2022-02-10 23:50:56.503217+00:00> GetHands
2022-02-10 23:50:57.051633+00:00> GetHands
2022-02-10 23:50:57.597684+00:00> GetHands
2022-02-10 23:50:58.134228+00:00> GetHands
2022-02-10 23:50:58.694113+00:00> GetHands
2022-02-10 23:50:59.239318+00:00> GetHands
2022-02-10 23:50:59.783256+00:00> GetHands
2022-02-10 23:51:00.331054+00:00> GetHands
2022-02-10 23:51:00.875462+00:00> GetHands
2022-02-10 23:51:01.420992+00:00> GetHands
2022-02-10 23:51:01.964218+00:00> GetHands
2022-02-10 23:51:02.496532+00:00> GetHands
2022-02-10 23:51:03.040423+00:00> GetHands
2022-02-10 23:51:03.572593+00:00> GetHands
2022-02-10 23:51:04.121000+00:00> GetHands
2022-02-10 23:51:04.666250+00:00> GetHands
2022-02-10 23:51:05.210020+00:00> GetHands
2022-02-10 23:51:05.755382+00:00> GetHands
2022-02-10 23:51:06.299364+00:00> GetHands
2022-02-10 23:51:06.840812+00:00> GetHands
2022-02-10 23:51:07.386819+00:00> GetHands
2022-02-10 23:51:07.935424+00:00> GetHands
2022-02-10 23:51:08.477827+00:00> GetHands
2022-02-10 23:51:09.022520+00:00> GetHands
2022-02-10 23:51:09.556274+00:00> GetHands
2022-02-10 23:51:10.088303+00:00> GetHands
2022-02-10 23:51:10.634339+00:00> GetHands
2022-02-10 23:51:11.180151+00:00> GetHands
2022-02-10 23:51:11.725460+00:00> GetHands
2022-02-10 23:51:12.268519+00:00> GetHands
2022-02-10 23:51:12.815193+00:00> GetHands
2022-02-10 23:51:13.343238+00:00> GetHands
2022-02-10 23:51:13.886973+00:00> GetHands
2022-02-10 23:51:14.421341+00:00> GetHands
2022-02-10 23:51:14.967062+00:00> GetHands
2022-02-10 23:51:15.510701+00:00> GetHands
2022-02-10 23:51:16.058124+00:00> GetHands
2022-02-10 23:51:16.605198+00:00> GetHands
2022-02-10 23:51:17.152511+00:00> GetHands
2022-02-10 23:51:17.686965+00:00> GetHands
2022-02-10 23:51:18.232065+00:00> GetHands
2022-02-10 23:51:18.765393+00:00> GetHands
2022-02-10 23:51:19.309218+00:00> GetHands
2022-02-10 23:51:19.853978+00:00> GetHands
2022-02-10 23:51:20.394679+00:00> GetHands
2022-02-10 23:51:20.944126+00:00> GetHands
2022-02-10 23:51:21.503551+00:00> GetHands
2022-02-10 23:51:22.032681+00:00> GetHands
2022-02-10 23:51:22.565245+00:00> GetHands
2022-02-10 23:51:23.125833+00:00> GetHands
2022-02-10 23:51:23.668208+00:00> GetHands
2022-02-10 23:51:24.199902+00:00> GetHands
2022-02-10 23:51:24.745667+00:00> GetHands
2022-02-10 23:51:25.291142+00:00> GetHands
2022-02-10 23:51:25.835657+00:00> GetHands
2022-02-10 23:51:26.380391+00:00> GetHands
2022-02-10 23:51:26.926138+00:00> GetHands
2022-02-10 23:51:27.486949+00:00> GetHands
2022-02-10 23:51:28.046364+00:00> GetHands
2022-02-10 23:51:28.589866+00:00> GetHands
2022-02-10 23:51:29.135680+00:00> GetHands
2022-02-10 23:51:29.682367+00:00> GetHands
2022-02-10 23:51:30.226799+00:00> GetHands
2022-02-10 23:51:30.772756+00:00> GetHands
2022-02-10 23:51:31.335786+00:00> GetHands
2022-02-10 23:51:31.881284+00:00> GetHands
2022-02-10 23:51:32.425103+00:00> GetHands
2022-02-10 23:51:32.967484+00:00> GetHands
2022-02-10 23:51:33.511657+00:00> GetHands
2022-02-10 23:51:34.055698+00:00> GetHands
2022-02-10 23:51:34.587772+00:00> GetHands
2022-02-10 23:51:35.132220+00:00> GetHands
2022-02-10 23:51:35.672644+00:00> GetHands
2022-02-10 23:51:36.215676+00:00> GetHands
2022-02-10 23:51:36.762468+00:00> GetHands
2022-02-10 23:51:37.325067+00:00> GetHands
2022-02-10 23:51:37.857269+00:00> GetHands
2022-02-10 23:51:38.398351+00:00> GetHands
2022-02-10 23:51:38.929859+00:00> GetHands
2022-02-10 23:51:39.475180+00:00> GetHands
2022-02-10 23:51:40.008831+00:00> GetHands
2022-02-10 23:51:40.539587+00:00> GetHands
2022-02-10 23:51:41.085353+00:00> GetHands
2022-02-10 23:51:41.631999+00:00> GetHands
2022-02-10 23:51:42.176981+00:00> GetHands
2022-02-10 23:51:42.720706+00:00> GetHands
2022-02-10 23:51:43.263750+00:00> GetHands
2022-02-10 23:51:43.807698+00:00> GetHands
2022-02-10 23:51:44.355009+00:00> GetHands
2022-02-10 23:51:44.916204+00:00> GetHands
2022-02-10 23:51:45.462184+00:00> GetHands
2022-02-10 23:51:46.005368+00:00> GetHands
2022-02-10 23:51:46.554562+00:00> GetHands
2022-02-10 23:51:47.116266+00:00> GetHands
2022-02-10 23:51:47.663151+00:00> GetHands
2022-02-10 23:51:48.224783+00:00> GetHands
2022-02-10 23:51:48.757101+00:00> GetHands
2022-02-10 23:51:49.301548+00:00> GetHands
2022-02-10 23:51:49.846353+00:00> GetHands
2022-02-10 23:51:50.392083+00:00> GetHands
2022-02-10 23:51:50.934503+00:00> GetHands
2022-02-10 23:51:51.478986+00:00> GetHands
2022-02-10 23:51:52.024489+00:00> GetHands
2022-02-10 23:51:52.570926+00:00> GetHands
2022-02-10 23:51:53.116563+00:00> GetHands
2022-02-10 23:51:53.647945+00:00> GetHands
2022-02-10 23:51:54.192971+00:00> GetHands
2022-02-10 23:51:54.740354+00:00> GetHands
2022-02-10 23:51:55.285367+00:00> GetHands
2022-02-10 23:51:55.830516+00:00> GetHands
2022-02-10 23:51:56.361324+00:00> GetHands
2022-02-10 23:51:56.895099+00:00> GetHands
2022-02-10 23:51:57.447775+00:00> GetHands
2022-02-10 23:51:57.980910+00:00> GetHands
2022-02-10 23:51:58.526574+00:00> GetHands
2022-02-10 23:51:59.057722+00:00> GetHands
2022-02-10 23:51:59.607651+00:00> GetHands
2022-02-10 23:52:00.140161+00:00> GetHands
2022-02-10 23:52:00.685045+00:00> GetHands
2022-02-10 23:52:01.230421+00:00> GetHands
2022-02-10 23:52:01.773730+00:00> GetHands
2022-02-10 23:52:02.320587+00:00> GetHands
2022-02-10 23:52:02.867176+00:00> GetHands
2022-02-10 23:52:03.427717+00:00> GetHands
2022-02-10 23:52:03.962233+00:00> GetHands
2022-02-10 23:52:04.503288+00:00> GetHands
2022-02-10 23:52:05.063031+00:00> GetHands
2022-02-10 23:52:05.623826+00:00> GetHands
2022-02-10 23:52:06.155291+00:00> GetHands
2022-02-10 23:52:06.701553+00:00> GetHands
2022-02-10 23:52:07.239822+00:00> GetHands
2022-02-10 23:52:07.774645+00:00> GetHands
2022-02-10 23:52:08.321155+00:00> GetHands
2022-02-10 23:52:08.867578+00:00> GetHands
2022-02-10 23:52:09.413298+00:00> GetHands
2022-02-10 23:52:09.958735+00:00> GetHands
2022-02-10 23:52:10.490751+00:00> GetHands
2022-02-10 23:52:11.020014+00:00> GetHands
2022-02-10 23:52:11.552011+00:00> GetHands
2022-02-10 23:52:12.093296+00:00> GetHands
2022-02-10 23:52:12.625265+00:00> GetHands
2022-02-10 23:52:13.171848+00:00> GetHands
2022-02-10 23:52:13.733517+00:00> GetHands
2022-02-10 23:52:14.265652+00:00> GetHands
2022-02-10 23:52:14.807989+00:00> GetHands
2022-02-10 23:52:15.340369+00:00> GetHands
2022-02-10 23:52:15.868731+00:00> GetHands
2022-02-10 23:52:16.411378+00:00> GetHands
2022-02-10 23:52:16.955448+00:00> GetHands
2022-02-10 23:52:17.500670+00:00> GetHands
2022-02-10 23:52:18.047824+00:00> GetHands
2022-02-10 23:52:18.578637+00:00> GetHands
2022-02-10 23:52:19.123790+00:00> GetHands
2022-02-10 23:52:19.665910+00:00> GetHands
2022-02-10 23:52:20.212163+00:00> GetHands
2022-02-10 23:52:20.759267+00:00> GetHands
2022-02-10 23:52:21.304233+00:00> GetHands
2022-02-10 23:52:21.848711+00:00> GetHands
2022-02-10 23:52:22.380158+00:00> GetHands
2022-02-10 23:52:22.926488+00:00> GetHands
2022-02-10 23:52:23.471644+00:00> GetHands
2022-02-10 23:52:24.013645+00:00> GetHands
2022-02-10 23:52:24.558980+00:00> GetHands
2022-02-10 23:52:25.103464+00:00> GetHands
2022-02-10 23:52:25.647763+00:00> GetHands
2022-02-10 23:52:26.190444+00:00> GetHands
2022-02-10 23:52:26.751370+00:00> GetHands
2022-02-10 23:52:27.310758+00:00> GetHands
2022-02-10 23:52:27.854889+00:00> GetHands
2022-02-10 23:52:28.399188+00:00> GetHands
2022-02-10 23:52:28.944849+00:00> GetHands
2022-02-10 23:52:29.491373+00:00> GetHands
2022-02-10 23:52:30.052846+00:00> GetHands
2022-02-10 23:52:30.603889+00:00> GetHands
2022-02-10 23:52:31.161074+00:00> GetHands
2022-02-10 23:52:31.692811+00:00> GetHands
2022-02-10 23:52:32.239799+00:00> GetHands
2022-02-10 23:52:32.798860+00:00> GetHands
2022-02-10 23:52:33.358406+00:00> GetHands
2022-02-10 23:52:33.906820+00:00> GetHands
2022-02-10 23:52:34.468177+00:00> GetHands
2022-02-10 23:52:35.026896+00:00> GetHands
2022-02-10 23:52:35.574179+00:00> GetHands
2022-02-10 23:52:36.106824+00:00> GetHands
2022-02-10 23:52:36.656190+00:00> GetHands
2022-02-10 23:52:37.199290+00:00> GetHands
2022-02-10 23:52:37.735115+00:00> GetHands
2022-02-10 23:52:38.267394+00:00> GetHands
2022-02-10 23:52:38.798999+00:00> GetHands
2022-02-10 23:52:39.330637+00:00> GetHands
2022-02-10 23:52:39.877734+00:00> GetHands
2022-02-10 23:52:40.411183+00:00> GetHands
2022-02-10 23:52:40.953554+00:00> GetHands
2022-02-10 23:52:41.488686+00:00> GetHands
2022-02-10 23:52:42.019460+00:00> GetHands
2022-02-10 23:52:42.563561+00:00> GetHands
2022-02-10 23:52:43.107650+00:00> GetHands
2022-02-10 23:52:43.641844+00:00> GetHands
2022-02-10 23:52:44.174274+00:00> GetHands
2022-02-10 23:52:44.707293+00:00> GetHands
2022-02-10 23:52:45.239139+00:00> GetHands
2022-02-10 23:52:45.784845+00:00> GetHands
2022-02-10 23:52:46.347280+00:00> GetHands
2022-02-10 23:52:46.910091+00:00> GetHands
2022-02-10 23:52:47.454690+00:00> GetHands
2022-02-10 23:52:48.000912+00:00> GetHands
2022-02-10 23:52:48.547939+00:00> GetHands
2022-02-10 23:52:49.076125+00:00> GetHands
2022-02-10 23:52:49.637287+00:00> GetHands
2022-02-10 23:52:50.180765+00:00> GetHands
2022-02-10 23:52:50.725673+00:00> GetHands
2022-02-10 23:52:51.269540+00:00> GetHands
2022-02-10 23:52:51.803234+00:00> GetHands
2022-02-10 23:52:52.348848+00:00> GetHands
2022-02-10 23:52:52.881837+00:00> GetHands
2022-02-10 23:52:53.427719+00:00> GetHands
2022-02-10 23:52:53.960528+00:00> GetHands
2022-02-10 23:52:54.504777+00:00> GetHands
2022-02-10 23:52:55.048427+00:00> GetHands
2022-02-10 23:52:55.609870+00:00> GetHands
2022-02-10 23:52:56.155239+00:00> GetHands
2022-02-10 23:52:56.686630+00:00> GetHands
2022-02-10 23:52:57.230189+00:00> GetHands
2022-02-10 23:52:57.777254+00:00> GetHands
2022-02-10 23:52:58.323150+00:00> GetHands
2022-02-10 23:52:58.869246+00:00> GetHands
2022-02-10 23:52:59.400479+00:00> GetHands
2022-02-10 23:52:59.950298+00:00> GetHands
2022-02-10 23:53:00.495025+00:00> GetHands
2022-02-10 23:53:01.041174+00:00> GetHands
2022-02-10 23:53:01.586870+00:00> GetHands
2022-02-10 23:53:02.132006+00:00> GetHands
2022-02-10 23:53:02.677099+00:00> GetHands
2022-02-10 23:53:03.221335+00:00> GetHands
2022-02-10 23:53:03.767433+00:00> GetHands
2022-02-10 23:53:04.311129+00:00> GetHands
2022-02-10 23:53:04.844494+00:00> GetHands
2022-02-10 23:53:05.388159+00:00> GetHands
2022-02-10 23:53:05.934756+00:00> GetHands
2022-02-10 23:53:06.467681+00:00> GetHands
2022-02-10 23:53:07.009812+00:00> GetHands
2022-02-10 23:53:07.556002+00:00> GetHands
2022-02-10 23:53:08.101169+00:00> GetHands
2022-02-10 23:53:08.632565+00:00> GetHands
2022-02-10 23:53:09.173153+00:00> GetHands
2022-02-10 23:53:09.706287+00:00> GetHands
2022-02-10 23:53:10.251218+00:00> GetHands
2022-02-10 23:53:10.796418+00:00> GetHands
2022-02-10 23:53:11.342800+00:00> GetHands
2022-02-10 23:53:11.886911+00:00> GetHands
2022-02-10 23:53:12.431970+00:00> GetHands
2022-02-10 23:53:12.996772+00:00> GetHands
2022-02-10 23:53:13.539374+00:00> GetHands
2022-02-10 23:53:14.083122+00:00> GetHands
2022-02-10 23:53:14.628062+00:00> GetHands
2022-02-10 23:53:15.174052+00:00> GetHands
2022-02-10 23:53:15.707815+00:00> GetHands
2022-02-10 23:53:16.253384+00:00> GetHands
2022-02-10 23:53:16.786805+00:00> GetHands
2022-02-10 23:53:17.332101+00:00> GetHands
2022-02-10 23:53:17.864869+00:00> GetHands
2022-02-10 23:53:18.414132+00:00> GetHands
2022-02-10 23:53:18.977010+00:00> GetHands
2022-02-10 23:53:19.508580+00:00> GetHands
2022-02-10 23:53:20.053003+00:00> GetHands
2022-02-10 23:53:20.600475+00:00> GetHands
2022-02-10 23:53:21.144052+00:00> GetHands
2022-02-10 23:53:21.690008+00:00> GetHands
2022-02-10 23:53:22.232832+00:00> GetHands
2022-02-10 23:53:22.763833+00:00> GetHands
2022-02-10 23:53:23.309808+00:00> GetHands
2022-02-10 23:53:23.840926+00:00> GetHands
2022-02-10 23:53:24.383498+00:00> GetHands
2022-02-10 23:53:24.916702+00:00> GetHands
2022-02-10 23:53:25.459927+00:00> GetHands
2022-02-10 23:53:26.003845+00:00> GetHands
2022-02-10 23:53:26.547221+00:00> GetHands
2022-02-10 23:53:27.108449+00:00> GetHands
2022-02-10 23:53:27.654647+00:00> GetHands
2022-02-10 23:53:28.202557+00:00> GetHands
2022-02-10 23:53:28.745893+00:00> GetHands
2022-02-10 23:53:29.289074+00:00> GetHands
2022-02-10 23:53:29.835551+00:00> GetHands
2022-02-10 23:53:30.384370+00:00> GetHands
2022-02-10 23:53:30.944819+00:00> GetHands
2022-02-10 23:53:31.507232+00:00> GetHands
2022-02-10 23:53:32.052946+00:00> GetHands
2022-02-10 23:53:32.600196+00:00> GetHands
2022-02-10 23:53:33.148682+00:00> GetHands
2022-02-10 23:53:33.696651+00:00> GetHands
2022-02-10 23:53:34.259661+00:00> GetHands
2022-02-10 23:53:34.819046+00:00> GetHands
2022-02-10 23:53:35.366917+00:00> GetHands
2022-02-10 23:53:35.927695+00:00> GetHands
2022-02-10 23:53:36.472806+00:00> GetHands
2022-02-10 23:53:37.023142+00:00> GetHands
2022-02-10 23:53:37.569695+00:00> GetHands
2022-02-10 23:53:38.102330+00:00> GetHands
2022-02-10 23:53:38.643932+00:00> GetHands
2022-02-10 23:53:39.191210+00:00> GetHands
2022-02-10 23:53:39.751118+00:00> GetHands
2022-02-10 23:53:40.297927+00:00> GetHands
2022-02-10 23:53:40.859788+00:00> GetHands
2022-02-10 23:53:41.399908+00:00> GetHands
2022-02-10 23:53:41.963353+00:00> GetHands
2022-02-10 23:53:42.512821+00:00> GetHands
2022-02-10 23:53:43.061076+00:00> GetHands
2022-02-10 23:53:43.621966+00:00> GetHands
2022-02-10 23:53:44.166907+00:00> GetHands
2022-02-10 23:53:44.698820+00:00> GetHands
2022-02-10 23:53:45.260095+00:00> GetHands
2022-02-10 23:53:45.791111+00:00> GetHands
2022-02-10 23:53:46.341394+00:00> GetHands
2022-02-10 23:53:46.881962+00:00> GetHands
2022-02-10 23:53:47.415566+00:00> GetHands
2022-02-10 23:53:47.958909+00:00> GetHands
2022-02-10 23:53:48.490080+00:00> GetHands
2022-02-10 23:53:49.018672+00:00> GetHands
2022-02-10 23:53:49.560895+00:00> GetHands
2022-02-10 23:53:50.107881+00:00> GetHands
2022-02-10 23:53:50.652558+00:00> GetHands
2022-02-10 23:53:51.196924+00:00> GetHands
2022-02-10 23:53:51.743635+00:00> GetHands
2022-02-10 23:53:52.274274+00:00> GetHands
2022-02-10 23:53:52.818546+00:00> GetHands
2022-02-10 23:53:53.347307+00:00> GetHands
2022-02-10 23:53:53.892141+00:00> GetHands
2022-02-10 23:53:54.433744+00:00> GetHands
2022-02-10 23:53:54.995643+00:00> GetHands
2022-02-10 23:53:55.541015+00:00> GetHands
2022-02-10 23:53:56.088653+00:00> GetHands
2022-02-10 23:53:56.627835+00:00> GetHands
2022-02-10 23:53:57.168903+00:00> GetHands
2022-02-10 23:53:57.708238+00:00> GetHands
2022-02-10 23:53:58.253767+00:00> GetHands
2022-02-10 23:53:58.793826+00:00> GetHands
2022-02-10 23:53:59.339318+00:00> GetHands
2022-02-10 23:53:59.889679+00:00> GetHands
2022-02-10 23:54:00.436917+00:00> GetHands
2022-02-10 23:54:00.973451+00:00> GetHands
2022-02-10 23:54:01.520242+00:00> GetHands
2022-02-10 23:54:02.069100+00:00> GetHands
2022-02-10 23:54:02.614641+00:00> GetHands
2022-02-10 23:54:03.160855+00:00> GetHands
2022-02-10 23:54:03.706830+00:00> GetHands
2022-02-10 23:54:04.257247+00:00> GetHands
2022-02-10 23:54:04.802443+00:00> GetHands
2022-02-10 23:54:05.347414+00:00> GetHands
2022-02-10 23:54:05.892120+00:00> GetHands
2022-02-10 23:54:06.433523+00:00> GetHands
2022-02-10 23:54:06.968315+00:00> GetHands
2022-02-10 23:54:07.503018+00:00> GetHands
2022-02-10 23:54:08.047668+00:00> GetHands
2022-02-10 23:54:08.591636+00:00> GetHands
2022-02-10 23:54:09.125206+00:00> GetHands
2022-02-10 23:54:09.667167+00:00> GetHands
2022-02-10 23:54:10.210109+00:00> GetHands
2022-02-10 23:54:10.756835+00:00> GetHands
2022-02-10 23:54:11.301086+00:00> GetHands
2022-02-10 23:54:11.833218+00:00> GetHands
2022-02-10 23:54:12.367535+00:00> GetHands
2022-02-10 23:54:12.899001+00:00> GetHands
2022-02-10 23:54:13.442547+00:00> GetHands
2022-02-10 23:54:13.993250+00:00> GetHands
2022-02-10 23:54:14.536044+00:00> GetHands
2022-02-10 23:54:15.068993+00:00> GetHands
2022-02-10 23:54:15.616063+00:00> GetHands
2022-02-10 23:54:16.163503+00:00> GetHands
2022-02-10 23:54:16.707356+00:00> GetHands
2022-02-10 23:54:17.253157+00:00> GetHands
2022-02-10 23:54:17.800552+00:00> GetHands
2022-02-10 23:54:18.337553+00:00> GetHands
2022-02-10 23:54:18.872882+00:00> GetHands
2022-02-10 23:54:19.415809+00:00> GetHands
2022-02-10 23:54:19.950365+00:00> GetHands
2022-02-10 23:54:20.494860+00:00> GetHands
2022-02-10 23:54:21.040232+00:00> GetHands
2022-02-10 23:54:21.589538+00:00> GetHands
2022-02-10 23:54:22.121096+00:00> GetHands
2022-02-10 23:54:22.654371+00:00> GetHands
2022-02-10 23:54:23.197271+00:00> GetHands
2022-02-10 23:54:23.731008+00:00> GetHands
2022-02-10 23:54:24.264684+00:00> GetHands
2022-02-10 23:54:24.793196+00:00> GetHands
2022-02-10 23:54:25.340147+00:00> GetHands
2022-02-10 23:54:25.884275+00:00> GetHands
2022-02-10 23:54:26.417572+00:00> GetHands
2022-02-10 23:54:26.963237+00:00> GetHands
2022-02-10 23:54:27.505616+00:00> GetHands
2022-02-10 23:54:28.049677+00:00> GetHands
2022-02-10 23:54:28.584090+00:00> GetHands
2022-02-10 23:54:29.117842+00:00> GetHands
2022-02-10 23:54:29.647352+00:00> GetHands
2022-02-10 23:54:30.175590+00:00> GetHands
2022-02-10 23:54:30.718079+00:00> GetHands
2022-02-10 23:54:31.261212+00:00> GetHands
2022-02-10 23:54:31.805434+00:00> GetHands
2022-02-10 23:54:32.337462+00:00> GetHands
2022-02-10 23:54:32.878717+00:00> GetHands
2022-02-10 23:54:33.415301+00:00> GetHands
2022-02-10 23:54:33.959689+00:00> GetHands
2022-02-10 23:54:34.504511+00:00> GetHands
2022-02-10 23:54:35.050366+00:00> GetHands
2022-02-10 23:54:35.584657+00:00> GetHands
2022-02-10 23:54:36.127510+00:00> GetHands
2022-02-10 23:54:36.688308+00:00> GetHands
2022-02-10 23:54:37.249203+00:00> GetHands
2022-02-10 23:54:37.809938+00:00> GetHands
2022-02-10 23:54:38.359201+00:00> GetHands
2022-02-10 23:54:38.918816+00:00> GetHands
2022-02-10 23:54:39.449072+00:00> GetHands
2022-02-10 23:54:39.998424+00:00> GetHands
2022-02-10 23:54:40.558055+00:00> GetHands
2022-02-10 23:54:41.103835+00:00> GetHands
2022-02-10 23:54:41.647716+00:00> GetHands
2022-02-10 23:54:42.179062+00:00> GetHands
2022-02-10 23:54:42.724305+00:00> GetHands
2022-02-10 23:54:43.268721+00:00> GetHands
2022-02-10 23:54:43.804069+00:00> GetHands
2022-02-10 23:54:44.338979+00:00> GetHands
2022-02-10 23:54:44.872043+00:00> GetHands
2022-02-10 23:54:45.415452+00:00> GetHands
2022-02-10 23:54:45.960746+00:00> GetHands
2022-02-10 23:54:46.519610+00:00> GetHands
2022-02-10 23:54:47.065072+00:00> GetHands
2022-02-10 23:54:47.609255+00:00> GetHands
2022-02-10 23:54:48.155238+00:00> GetHands
2022-02-10 23:54:48.696684+00:00> GetHands
2022-02-10 23:54:49.226405+00:00> GetHands
2022-02-10 23:54:49.771999+00:00> GetHands
2022-02-10 23:54:50.319166+00:00> GetHands
2022-02-10 23:54:50.850268+00:00> GetHands
2022-02-10 23:54:51.395675+00:00> GetHands
2022-02-10 23:54:51.927353+00:00> GetHands
2022-02-10 23:54:52.461728+00:00> GetHands
2022-02-10 23:54:52.992980+00:00> GetHands
2022-02-10 23:54:53.538589+00:00> GetHands
2022-02-10 23:54:54.073553+00:00> GetHands
2022-02-10 23:54:54.607581+00:00> GetHands
2022-02-10 23:54:55.136817+00:00> GetHands
2022-02-10 23:54:55.682094+00:00> GetHands
2022-02-10 23:54:56.230794+00:00> GetHands
2022-02-10 23:54:56.760701+00:00> GetHands
2022-02-10 23:54:57.304472+00:00> GetHands
2022-02-10 23:54:57.851752+00:00> GetHands
2022-02-10 23:54:58.388523+00:00> GetHands
2022-02-10 23:54:58.920900+00:00> GetHands
2022-02-10 23:54:59.455676+00:00> GetHands
2022-02-10 23:54:59.992245+00:00> GetHands
2022-02-10 23:55:00.527462+00:00> GetHands
2022-02-10 23:55:01.066962+00:00> GetHands
2022-02-10 23:55:01.600691+00:00> GetHands
2022-02-10 23:55:02.145327+00:00> GetHands
2022-02-10 23:55:02.680776+00:00> GetHands
2022-02-10 23:55:03.210855+00:00> GetHands
2022-02-10 23:55:03.772577+00:00> GetHands
2022-02-10 23:55:04.305552+00:00> GetHands
2022-02-10 23:55:04.848346+00:00> GetHands
2022-02-10 23:55:05.392410+00:00> GetHands
2022-02-10 23:55:05.924703+00:00> GetHands
2022-02-10 23:55:06.487832+00:00> GetHands
2022-02-10 23:55:07.024369+00:00> GetHands
2022-02-10 23:55:07.559739+00:00> GetHands
2022-02-10 23:55:08.124838+00:00> GetHands
2022-02-10 23:55:08.660124+00:00> GetHands
2022-02-10 23:55:09.192519+00:00> GetHands
2022-02-10 23:55:09.729366+00:00> GetHands
2022-02-10 23:55:10.273778+00:00> GetHands
2022-02-10 23:55:10.817815+00:00> GetHands
2022-02-10 23:55:11.379270+00:00> GetHands
2022-02-10 23:55:11.941826+00:00> GetHands
2022-02-10 23:55:12.487020+00:00> GetHands
2022-02-10 23:55:13.019553+00:00> GetHands
2022-02-10 23:55:13.552035+00:00> GetHands
2022-02-10 23:55:14.085334+00:00> GetHands
2022-02-10 23:55:14.625728+00:00> GetHands
2022-02-10 23:55:15.166313+00:00> GetHands
2022-02-10 23:55:15.728545+00:00> GetHands
2022-02-10 23:55:16.288574+00:00> GetHands
2022-02-10 23:55:16.829655+00:00> GetHands
2022-02-10 23:55:17.373002+00:00> GetHands
2022-02-10 23:55:17.915628+00:00> GetHands
2022-02-10 23:55:18.458795+00:00> GetHands
2022-02-10 23:55:19.003495+00:00> GetHands
2022-02-10 23:55:19.566483+00:00> GetHands
2022-02-10 23:55:20.110931+00:00> GetHands
2022-02-10 23:55:20.671178+00:00> GetHands
2022-02-10 23:55:21.217388+00:00> GetHands
2022-02-10 23:55:21.763815+00:00> GetHands
2022-02-10 23:55:22.324774+00:00> GetHands
2022-02-10 23:55:22.870069+00:00> GetHands
2022-02-10 23:55:23.402133+00:00> GetHands
2022-02-10 23:55:23.934606+00:00> GetHands
2022-02-10 23:55:24.483832+00:00> GetHands
2022-02-10 23:55:25.018674+00:00> GetHands
2022-02-10 23:55:25.550610+00:00> GetHands
2022-02-10 23:55:26.085311+00:00> GetHands
2022-02-10 23:55:26.632317+00:00> GetHands
2022-02-10 23:55:27.165248+00:00> GetHands
2022-02-10 23:55:27.705747+00:00> GetHands
2022-02-10 23:55:28.238032+00:00> GetHands
2022-02-10 23:55:28.770975+00:00> GetHands
2022-02-10 23:55:29.310974+00:00> GetHands
2022-02-10 23:55:29.866036+00:00> GetHands
2022-02-10 23:55:30.426632+00:00> GetHands
2022-02-10 23:55:30.984203+00:00> GetHands
2022-02-10 23:55:31.545649+00:00> GetHands
2022-02-10 23:55:32.097439+00:00> GetHands
2022-02-10 23:55:32.631693+00:00> GetHands
2022-02-10 23:55:33.161881+00:00> GetHands
2022-02-10 23:55:33.695724+00:00> GetHands
2022-02-10 23:55:34.239949+00:00> GetHands
2022-02-10 23:55:34.783365+00:00> GetHands
2022-02-10 23:55:35.315930+00:00> GetHands
2022-02-10 23:55:35.851878+00:00> GetHands
2022-02-10 23:55:36.388150+00:00> GetHands
2022-02-10 23:55:36.920697+00:00> GetHands
2022-02-10 23:55:37.465706+00:00> GetHands
2022-02-10 23:55:38.012097+00:00> GetHands
2022-02-10 23:55:38.559036+00:00> GetHands
2022-02-10 23:55:39.089806+00:00> GetHands
2022-02-10 23:55:39.624230+00:00> GetHands
2022-02-10 23:55:40.185242+00:00> GetHands
2022-02-10 23:55:40.730219+00:00> GetHands
2022-02-10 23:55:41.277233+00:00> GetHands
2022-02-10 23:55:41.822836+00:00> GetHands
2022-02-10 23:55:42.363716+00:00> GetHands
2022-02-10 23:55:42.924794+00:00> GetHands
2022-02-10 23:55:43.469320+00:00> GetHands
2022-02-10 23:55:44.015040+00:00> GetHands
2022-02-10 23:55:44.559357+00:00> GetHands
2022-02-10 23:55:45.102527+00:00> GetHands
2022-02-10 23:55:45.645610+00:00> GetHands
2022-02-10 23:55:46.191046+00:00> GetHands
2022-02-10 23:55:46.723760+00:00> GetHands
2022-02-10 23:55:47.270997+00:00> GetHands
2022-02-10 23:55:47.818853+00:00> GetHands
2022-02-10 23:55:48.366862+00:00> GetHands
2022-02-10 23:55:48.897893+00:00> GetHands
2022-02-10 23:55:49.444445+00:00> GetHands
2022-02-10 23:55:49.986838+00:00> GetHands
2022-02-10 23:55:50.520655+00:00> GetHands
2022-02-10 23:55:51.051749+00:00> GetHands
2022-02-10 23:55:51.595436+00:00> GetHands
2022-02-10 23:55:52.144123+00:00> GetHands
2022-02-10 23:55:52.686959+00:00> GetHands
2022-02-10 23:55:53.219172+00:00> GetHands
2022-02-10 23:55:53.769495+00:00> GetHands
2022-02-10 23:55:54.303848+00:00> GetHands
2022-02-10 23:55:54.834017+00:00> GetHands
2022-02-10 23:55:55.373634+00:00> GetHands
2022-02-10 23:55:55.934569+00:00> GetHands
2022-02-10 23:55:56.494153+00:00> GetHands
2022-02-10 23:55:57.056277+00:00> GetHands
2022-02-10 23:55:57.612530+00:00> GetHands
2022-02-10 23:55:58.173781+00:00> GetHands
2022-02-10 23:55:58.708151+00:00> GetHands
2022-02-10 23:55:59.479848+00:00> GetHands
2022-02-10 23:55:59.525822+00:00> Connection
2022-02-11 13:39:28.623757+00:00> ConnectUnity
2022-02-11 13:39:28.623757+00:00> Connected
2022-02-11 13:39:28.624757+00:00> SendPID
2022-02-11 13:39:28.628756+00:00> GetPID
2022-02-11 13:39:28.628756+00:00> init_mp
2022-02-11 13:39:28.628756+00:00> set mp_hands
2022-02-11 13:39:28.628756+00:00> set hands
2022-02-11 13:39:28.646758+00:00> end set hands
2022-02-11 13:39:28.646758+00:00> set camera
2022-02-11 13:39:29.455971+00:00> end set camera
2022-02-11 13:39:29.455971+00:00> End init_mp
2022-02-11 13:39:29.455971+00:00> GetHands
2022-02-11 13:39:30.636046+00:00> GetHands
2022-02-11 13:39:31.180003+00:00> GetHands
2022-02-11 13:39:31.725817+00:00> GetHands
2022-02-11 13:39:32.270476+00:00> GetHands
2022-02-11 13:39:32.815919+00:00> GetHands
2022-02-11 13:39:33.362997+00:00> GetHands
2022-02-11 13:39:33.908280+00:00> GetHands
2022-02-11 13:39:34.453182+00:00> GetHands
2022-02-11 13:39:34.997020+00:00> GetHands
2022-02-11 13:39:35.529424+00:00> GetHands
2022-02-11 13:39:36.068092+00:00> GetHands
2022-02-11 13:39:36.608751+00:00> GetHands
2022-02-11 13:39:37.137146+00:00> GetHands
2022-02-11 13:39:37.667401+00:00> GetHands
2022-02-11 13:39:38.213648+00:00> GetHands
2022-02-11 13:39:38.753640+00:00> GetHands
2022-02-11 13:39:39.298199+00:00> GetHands
2022-02-11 13:39:39.844113+00:00> GetHands
2022-02-11 13:39:40.390217+00:00> GetHands
2022-02-11 13:39:40.935766+00:00> GetHands
2022-02-11 13:39:41.481547+00:00> GetHands
2022-02-11 13:39:42.028049+00:00> GetHands
2022-02-11 13:39:42.574564+00:00> GetHands
2022-02-11 13:39:43.118685+00:00> GetHands
2022-02-11 13:39:43.663843+00:00> GetHands
2022-02-11 13:39:44.210739+00:00> GetHands
2022-02-11 13:39:44.754915+00:00> GetHands
2022-02-11 13:39:45.301695+00:00> GetHands
2022-02-11 13:39:45.851579+00:00> GetHands
2022-02-11 13:39:46.383899+00:00> GetHands
2022-02-11 13:39:46.917918+00:00> GetHands
2022-02-11 13:39:47.451634+00:00> GetHands
2022-02-11 13:39:47.994086+00:00> GetHands
2022-02-11 13:39:48.537137+00:00> GetHands
2022-02-11 13:39:49.080566+00:00> GetHands
2022-02-11 13:39:49.624008+00:00> GetHands
2022-02-11 13:39:50.167662+00:00> GetHands
2022-02-11 13:39:50.727193+00:00> GetHands
2022-02-11 13:39:51.270258+00:00> GetHands
2022-02-11 13:39:51.818550+00:00> GetHands
2022-02-11 13:39:52.364598+00:00> GetHands
2022-02-11 13:39:52.908468+00:00> GetHands
2022-02-11 13:39:53.454392+00:00> GetHands
2022-02-11 13:39:53.998487+00:00> GetHands
2022-02-11 13:39:54.544361+00:00> GetHands
2022-02-11 13:39:55.087731+00:00> GetHands
2022-02-11 13:39:55.630964+00:00> GetHands
2022-02-11 13:39:56.172033+00:00> GetHands
2022-02-11 13:39:56.717512+00:00> GetHands
2022-02-11 13:39:57.262390+00:00> GetHands
2022-02-11 13:39:57.803706+00:00> GetHands
2022-02-11 13:39:58.344949+00:00> GetHands
2022-02-11 13:39:58.892002+00:00> GetHands
2022-02-11 13:39:59.436360+00:00> GetHands
2022-02-11 13:39:59.980874+00:00> GetHands
2022-02-11 13:40:00.525271+00:00> GetHands
2022-02-11 13:40:01.072524+00:00> GetHands
2022-02-11 13:40:01.616764+00:00> GetHands
2022-02-11 13:40:02.161156+00:00> GetHands
2022-02-11 13:40:02.707266+00:00> GetHands
2022-02-11 13:40:03.239151+00:00> GetHands
2022-02-11 13:40:03.778973+00:00> GetHands
2022-02-11 13:40:04.323251+00:00> GetHands
2022-02-11 13:40:04.868504+00:00> GetHands
2022-02-11 13:40:05.400113+00:00> GetHands
2022-02-11 13:40:05.944422+00:00> GetHands
2022-02-11 13:40:06.487142+00:00> GetHands
2022-02-11 13:40:07.033495+00:00> GetHands
2022-02-11 13:40:07.576418+00:00> GetHands
2022-02-11 13:40:08.117491+00:00> GetHands
2022-02-11 13:40:08.662725+00:00> GetHands
2022-02-11 13:40:09.205190+00:00> GetHands
2022-02-11 13:40:09.744277+00:00> GetHands
2022-02-11 13:40:10.288672+00:00> GetHands
2022-02-11 13:40:10.834253+00:00> GetHands
2022-02-11 13:40:11.380587+00:00> GetHands
2022-02-11 13:40:11.930434+00:00> GetHands
2022-02-11 13:40:12.475329+00:00> GetHands
2022-02-11 13:40:13.020261+00:00> GetHands
2022-02-11 13:40:13.566486+00:00> GetHands
2022-02-11 13:40:14.109535+00:00> GetHands
2022-02-11 13:40:14.652113+00:00> GetHands
2022-02-11 13:40:15.197238+00:00> GetHands
2022-02-11 13:40:15.741591+00:00> GetHands
2022-02-11 13:40:16.287272+00:00> GetHands
2022-02-11 13:40:16.829205+00:00> GetHands
2022-02-11 13:40:17.373937+00:00> GetHands
2022-02-11 13:40:17.902396+00:00> GetHands
2022-02-11 13:40:18.446514+00:00> GetHands
2022-02-11 13:40:18.977247+00:00> GetHands
2022-02-11 13:40:19.523639+00:00> GetHands
2022-02-11 13:40:20.067462+00:00> GetHands
2022-02-11 13:40:20.612760+00:00> GetHands
2022-02-11 13:40:21.153385+00:00> GetHands
2022-02-11 13:40:21.696487+00:00> GetHands
2022-02-11 13:40:22.238679+00:00> GetHands
2022-02-11 13:40:22.784116+00:00> GetHands
2022-02-11 13:40:23.347207+00:00> GetHands
2022-02-11 13:40:23.882376+00:00> GetHands
2022-02-11 13:40:24.427146+00:00> GetHands
2022-02-11 13:40:24.970186+00:00> GetHands
2022-02-11 13:40:25.510662+00:00> GetHands
2022-02-11 13:40:26.053328+00:00> GetHands
2022-02-11 13:40:26.598962+00:00> GetHands
2022-02-11 13:40:27.144600+00:00> GetHands
2022-02-11 13:40:27.688397+00:00> GetHands
2022-02-11 13:40:28.228222+00:00> GetHands
2022-02-11 13:40:28.773409+00:00> GetHands
2022-02-11 13:40:29.319646+00:00> GetHands
2022-02-11 13:40:29.862405+00:00> GetHands
2022-02-11 13:40:30.408040+00:00> GetHands
2022-02-11 13:40:30.940664+00:00> GetHands
2022-02-11 13:40:31.482777+00:00> GetHands
2022-02-11 13:40:32.015511+00:00> GetHands
2022-02-11 13:40:32.560558+00:00> GetHands
2022-02-11 13:40:33.103596+00:00> GetHands
2022-02-11 13:40:33.638111+00:00> GetHands
2022-02-11 13:40:34.183230+00:00> GetHands
2022-02-11 13:40:34.727962+00:00> GetHands
2022-02-11 13:40:35.259151+00:00> GetHands
2022-02-11 13:40:35.803022+00:00> GetHands
2022-02-11 13:40:36.348485+00:00> GetHands
2022-02-11 13:40:36.893330+00:00> GetHands
2022-02-11 13:40:37.450461+00:00> GetHands
2022-02-11 13:40:37.994962+00:00> GetHands
2022-02-11 13:40:38.541291+00:00> GetHands
2022-02-11 13:40:39.072388+00:00> GetHands
2022-02-11 13:40:39.614990+00:00> GetHands
2022-02-11 13:40:40.160744+00:00> GetHands
2022-02-11 13:40:40.703448+00:00> GetHands
2022-02-11 13:40:41.263622+00:00> GetHands
2022-02-11 13:40:41.808043+00:00> GetHands
2022-02-11 13:40:42.353371+00:00> GetHands
2022-02-11 13:40:42.915793+00:00> GetHands
2022-02-11 13:40:43.456208+00:00> GetHands
2022-02-11 13:40:43.998994+00:00> GetHands
2022-02-11 13:40:44.541540+00:00> GetHands
2022-02-11 13:40:45.084402+00:00> GetHands
2022-02-11 13:40:45.614001+00:00> GetHands
2022-02-11 13:40:46.142549+00:00> GetHands
2022-02-11 13:40:46.675300+00:00> GetHands
2022-02-11 13:40:47.219500+00:00> GetHands
2022-02-11 13:40:47.767004+00:00> GetHands
2022-02-11 13:40:48.312758+00:00> GetHands
2022-02-11 13:40:48.857255+00:00> GetHands
2022-02-11 13:40:49.401473+00:00> GetHands
2022-02-11 13:40:49.945692+00:00> GetHands
2022-02-11 13:40:50.488696+00:00> GetHands
2022-02-11 13:40:51.033031+00:00> GetHands
2022-02-11 13:40:51.563407+00:00> GetHands
2022-02-11 13:40:52.107348+00:00> GetHands
2022-02-11 13:40:52.653435+00:00> GetHands
2022-02-11 13:40:53.184245+00:00> GetHands
2022-02-11 13:40:53.717545+00:00> GetHands
2022-02-11 13:40:54.264192+00:00> GetHands
2022-02-11 13:40:54.810663+00:00> GetHands
2022-02-11 13:40:55.346528+00:00> GetHands
2022-02-11 13:40:55.892314+00:00> GetHands
2022-02-11 13:40:56.437390+00:00> GetHands
2022-02-11 13:40:56.982698+00:00> GetHands
2022-02-11 13:40:57.527175+00:00> GetHands
2022-02-11 13:40:58.058941+00:00> GetHands
2022-02-11 13:40:58.590932+00:00> GetHands
2022-02-11 13:40:59.134916+00:00> GetHands
2022-02-11 13:40:59.668089+00:00> GetHands
2022-02-11 13:41:00.199497+00:00> GetHands
2022-02-11 13:41:00.744969+00:00> GetHands
2022-02-11 13:41:01.276849+00:00> GetHands
2022-02-11 13:41:01.813729+00:00> GetHands
2022-02-11 13:41:02.352005+00:00> GetHands
2022-02-11 13:41:02.890795+00:00> GetHands
2022-02-11 13:41:03.424188+00:00> GetHands
2022-02-11 13:41:03.973018+00:00> GetHands
2022-02-11 13:41:04.515168+00:00> GetHands
2022-02-11 13:41:05.047414+00:00> GetHands
2022-02-11 13:41:05.591545+00:00> GetHands
2022-02-11 13:41:06.137694+00:00> GetHands
2022-02-11 13:41:06.683630+00:00> GetHands
2022-02-11 13:41:07.229920+00:00> GetHands
2022-02-11 13:41:07.758988+00:00> GetHands
2022-02-11 13:41:08.305858+00:00> GetHands
2022-02-11 13:41:08.849576+00:00> GetHands
2022-02-11 13:41:09.381115+00:00> GetHands
2022-02-11 13:41:09.916412+00:00> GetHands
2022-02-11 13:41:10.449640+00:00> GetHands
2022-02-11 13:41:10.986382+00:00> GetHands
2022-02-11 13:41:11.522737+00:00> GetHands
2022-02-11 13:41:12.053796+00:00> GetHands
2022-02-11 13:41:12.587473+00:00> GetHands
2022-02-11 13:41:13.124121+00:00> GetHands
2022-02-11 13:41:13.654671+00:00> GetHands
2022-02-11 13:41:14.186179+00:00> GetHands
2022-02-11 13:41:14.733008+00:00> GetHands
2022-02-11 13:41:15.277908+00:00> GetHands
2022-02-11 13:41:15.811950+00:00> GetHands
2022-02-11 13:41:16.352576+00:00> GetHands
2022-02-11 13:41:16.885974+00:00> GetHands
2022-02-11 13:41:17.421803+00:00> GetHands
2022-02-11 13:41:17.969033+00:00> GetHands
2022-02-11 13:41:18.505276+00:00> GetHands
2022-02-11 13:41:19.039138+00:00> GetHands
2022-02-11 13:41:19.574401+00:00> GetHands
2022-02-11 13:41:20.117629+00:00> GetHands
2022-02-11 13:41:20.647693+00:00> GetHands
2022-02-11 13:41:21.178272+00:00> GetHands
2022-02-11 13:41:21.710729+00:00> GetHands
2022-02-11 13:41:22.253822+00:00> GetHands
2022-02-11 13:41:22.799313+00:00> GetHands
2022-02-11 13:41:23.332791+00:00> GetHands
2022-02-11 13:41:23.874905+00:00> GetHands
2022-02-11 13:41:24.417537+00:00> GetHands
2022-02-11 13:41:24.961816+00:00> GetHands
2022-02-11 13:41:25.508464+00:00> GetHands
2022-02-11 13:41:26.052653+00:00> GetHands
2022-02-11 13:41:26.597655+00:00> GetHands
2022-02-11 13:41:27.144449+00:00> GetHands
2022-02-11 13:41:27.689415+00:00> GetHands
2022-02-11 13:41:28.221495+00:00> GetHands
2022-02-11 13:41:28.782616+00:00> GetHands
2022-02-11 13:41:29.327859+00:00> GetHands
2022-02-11 13:41:29.871738+00:00> GetHands
2022-02-11 13:41:30.404362+00:00> GetHands
2022-02-11 13:41:30.950949+00:00> GetHands
2022-02-11 13:41:31.483897+00:00> GetHands
2022-02-11 13:41:32.018831+00:00> GetHands
2022-02-11 13:41:32.558827+00:00> GetHands
2022-02-11 13:41:33.094546+00:00> GetHands
2022-02-11 13:41:33.640751+00:00> GetHands
2022-02-11 13:41:34.186266+00:00> GetHands
2022-02-11 13:41:34.730628+00:00> GetHands
2022-02-11 13:41:35.276720+00:00> GetHands
2022-02-11 13:41:35.820348+00:00> GetHands
2022-02-11 13:41:36.365357+00:00> GetHands
2022-02-11 13:41:36.909964+00:00> GetHands
2022-02-11 13:41:37.454661+00:00> GetHands
2022-02-11 13:41:37.996943+00:00> GetHands
2022-02-11 13:41:38.540593+00:00> GetHands
2022-02-11 13:41:39.086339+00:00> GetHands
2022-02-11 13:41:39.616549+00:00> GetHands
2022-02-11 13:41:40.161658+00:00> GetHands
2022-02-11 13:41:40.690674+00:00> GetHands
2022-02-11 13:41:41.236097+00:00> GetHands
2022-02-11 13:41:41.779318+00:00> GetHands
2022-02-11 13:41:42.325454+00:00> GetHands
2022-02-11 13:41:42.869071+00:00> GetHands
2022-02-11 13:41:43.403370+00:00> GetHands
2022-02-11 13:41:43.946531+00:00> GetHands
2022-02-11 13:41:44.491878+00:00> GetHands
2022-02-11 13:41:45.023214+00:00> GetHands
2022-02-11 13:41:45.569976+00:00> GetHands
2022-02-11 13:41:46.101465+00:00> GetHands
2022-02-11 13:41:46.647688+00:00> GetHands
2022-02-11 13:41:47.192033+00:00> GetHands
2022-02-11 13:41:47.724992+00:00> GetHands
2022-02-11 13:41:48.268765+00:00> GetHands
2022-02-11 13:41:48.801096+00:00> GetHands
2022-02-11 13:41:49.330411+00:00> GetHands
2022-02-11 13:41:49.862131+00:00> GetHands
2022-02-11 13:41:50.405935+00:00> GetHands
2022-02-11 13:41:50.950380+00:00> GetHands
2022-02-11 13:41:51.495196+00:00> GetHands
2022-02-11 13:41:52.028624+00:00> GetHands
2022-02-11 13:41:52.562446+00:00> GetHands
2022-02-11 13:41:53.106564+00:00> GetHands
2022-02-11 13:41:53.650598+00:00> GetHands
2022-02-11 13:41:54.193079+00:00> GetHands
2022-02-11 13:41:54.738770+00:00> GetHands
2022-02-11 13:41:55.284848+00:00> GetHands
2022-02-11 13:41:55.829452+00:00> GetHands
2022-02-11 13:41:56.374994+00:00> GetHands
2022-02-11 13:41:56.921118+00:00> GetHands
2022-02-11 13:41:57.468759+00:00> GetHands
2022-02-11 13:41:58.012965+00:00> GetHands
2022-02-11 13:41:58.547996+00:00> GetHands
2022-02-11 13:41:59.075430+00:00> GetHands
2022-02-11 13:41:59.621047+00:00> GetHands
2022-02-11 13:42:00.166303+00:00> GetHands
2022-02-11 13:42:00.698727+00:00> GetHands
2022-02-11 13:42:01.245217+00:00> GetHands
2022-02-11 13:42:01.787478+00:00> GetHands
2022-02-11 13:42:02.332925+00:00> GetHands
2022-02-11 13:42:02.862851+00:00> GetHands
2022-02-11 13:42:03.409525+00:00> GetHands
2022-02-11 13:42:03.955292+00:00> GetHands
2022-02-11 13:42:04.501128+00:00> GetHands
2022-02-11 13:42:05.044754+00:00> GetHands
2022-02-11 13:42:05.577350+00:00> GetHands
2022-02-11 13:42:06.122305+00:00> GetHands
2022-02-11 13:42:06.652024+00:00> GetHands
2022-02-11 13:42:07.195732+00:00> GetHands
2022-02-11 13:42:07.735188+00:00> GetHands
2022-02-11 13:42:08.279545+00:00> GetHands
2022-02-11 13:42:08.825137+00:00> GetHands
2022-02-11 13:42:09.370255+00:00> GetHands
2022-02-11 13:42:09.900464+00:00> GetHands
2022-02-11 13:42:10.434200+00:00> GetHands
2022-02-11 13:42:10.968378+00:00> GetHands
2022-02-11 13:42:11.513588+00:00> GetHands
2022-02-11 13:42:12.059109+00:00> GetHands
2022-02-11 13:42:12.590400+00:00> GetHands
2022-02-11 13:42:13.123119+00:00> GetHands
2022-02-11 13:42:13.682948+00:00> GetHands
2022-02-11 13:42:14.215413+00:00> GetHands
2022-02-11 13:42:14.761314+00:00> GetHands
2022-02-11 13:42:15.306275+00:00> GetHands
2022-02-11 13:42:15.848915+00:00> GetHands
2022-02-11 13:42:16.387326+00:00> GetHands
2022-02-11 13:42:16.931410+00:00> GetHands
2022-02-11 13:42:17.476668+00:00> GetHands
2022-02-11 13:42:18.021464+00:00> GetHands
2022-02-11 13:42:18.568455+00:00> GetHands
2022-02-11 13:42:19.115454+00:00> GetHands
2022-02-11 13:42:19.659614+00:00> GetHands
2022-02-11 13:42:20.202361+00:00> GetHands
2022-02-11 13:42:20.748308+00:00> GetHands
2022-02-11 13:42:21.305357+00:00> GetHands
2022-02-11 13:42:21.850161+00:00> GetHands
2022-02-11 13:42:22.396097+00:00> GetHands
2022-02-11 13:42:22.942732+00:00> GetHands
2022-02-11 13:42:23.487473+00:00> GetHands
2022-02-11 13:42:24.028040+00:00> GetHands
2022-02-11 13:42:24.575147+00:00> GetHands
2022-02-11 13:42:25.119575+00:00> GetHands
2022-02-11 13:42:25.664891+00:00> GetHands
2022-02-11 13:42:26.208700+00:00> GetHands
2022-02-11 13:42:26.752902+00:00> GetHands
2022-02-11 13:42:27.297897+00:00> GetHands
2022-02-11 13:42:27.840380+00:00> GetHands
2022-02-11 13:42:28.386446+00:00> GetHands
2022-02-11 13:42:28.931556+00:00> GetHands
2022-02-11 13:42:29.475189+00:00> GetHands
2022-02-11 13:42:30.005428+00:00> GetHands
2022-02-11 13:42:30.548922+00:00> GetHands
2022-02-11 13:42:31.079925+00:00> GetHands
2022-02-11 13:42:31.625747+00:00> GetHands
2022-02-11 13:42:32.170041+00:00> GetHands
2022-02-11 13:42:32.714443+00:00> GetHands
2022-02-11 13:42:33.276023+00:00> GetHands
2022-02-11 13:42:33.808302+00:00> GetHands
2022-02-11 13:42:34.346637+00:00> GetHands
2022-02-11 13:42:34.889949+00:00> GetHands
2022-02-11 13:42:35.432632+00:00> GetHands
2022-02-11 13:42:35.966114+00:00> GetHands
2022-02-11 13:42:36.497407+00:00> GetHands
2022-02-11 13:42:37.042141+00:00> GetHands
2022-02-11 13:42:37.584319+00:00> GetHands
2022-02-11 13:42:38.116768+00:00> GetHands
2022-02-11 13:42:38.661961+00:00> GetHands
2022-02-11 13:42:39.195785+00:00> GetHands
2022-02-11 13:42:39.740435+00:00> GetHands
2022-02-11 13:42:40.283114+00:00> GetHands
2022-02-11 13:42:40.823212+00:00> GetHands
2022-02-11 13:42:41.368858+00:00> GetHands
2022-02-11 13:42:41.912285+00:00> GetHands
2022-02-11 13:42:42.443187+00:00> GetHands
2022-02-11 13:42:42.981303+00:00> GetHands
2022-02-11 13:42:43.514263+00:00> GetHands
2022-02-11 13:42:44.059469+00:00> GetHands
2022-02-11 13:42:44.590869+00:00> GetHands
2022-02-11 13:42:45.136689+00:00> GetHands
2022-02-11 13:42:45.668972+00:00> GetHands
2022-02-11 13:42:46.213721+00:00> GetHands
2022-02-11 13:42:46.758138+00:00> GetHands
2022-02-11 13:42:47.291966+00:00> GetHands
2022-02-11 13:42:47.836311+00:00> GetHands
2022-02-11 13:42:48.381626+00:00> GetHands
2022-02-11 13:42:48.919139+00:00> GetHands
2022-02-11 13:42:49.453159+00:00> GetHands
2022-02-11 13:42:49.997387+00:00> GetHands
2022-02-11 13:42:50.536594+00:00> GetHands
2022-02-11 13:42:51.080710+00:00> GetHands
2022-02-11 13:42:51.623257+00:00> GetHands
2022-02-11 13:42:52.168342+00:00> GetHands
2022-02-11 13:42:52.712401+00:00> GetHands
2022-02-11 13:42:53.257239+00:00> GetHands
2022-02-11 13:42:53.798978+00:00> GetHands
2022-02-11 13:42:54.342265+00:00> GetHands
2022-02-11 13:42:54.886407+00:00> GetHands
2022-02-11 13:42:55.433657+00:00> GetHands
2022-02-11 13:42:55.976511+00:00> GetHands
2022-02-11 13:42:56.520152+00:00> GetHands
2022-02-11 13:42:57.051038+00:00> GetHands
2022-02-11 13:42:57.596400+00:00> GetHands
2022-02-11 13:42:58.140320+00:00> GetHands
2022-02-11 13:42:58.686457+00:00> GetHands
2022-02-11 13:42:59.229460+00:00> GetHands
2022-02-11 13:42:59.762241+00:00> GetHands
2022-02-11 13:43:00.307114+00:00> GetHands
2022-02-11 13:43:00.851373+00:00> GetHands
2022-02-11 13:43:01.380835+00:00> GetHands
2022-02-11 13:43:01.912325+00:00> GetHands
2022-02-11 13:43:02.455183+00:00> GetHands
2022-02-11 13:43:02.987404+00:00> GetHands
2022-02-11 13:43:03.521405+00:00> GetHands
2022-02-11 13:43:04.056391+00:00> GetHands
2022-02-11 13:43:04.588700+00:00> GetHands
2022-02-11 13:43:05.134316+00:00> GetHands
2022-02-11 13:43:05.677090+00:00> GetHands
2022-02-11 13:43:06.220833+00:00> GetHands
2022-02-11 13:43:06.761173+00:00> GetHands
2022-02-11 13:43:07.306243+00:00> GetHands
2022-02-11 13:43:07.833803+00:00> GetHands
2022-02-11 13:43:08.364367+00:00> GetHands
2022-02-11 13:43:08.910193+00:00> GetHands
2022-02-11 13:43:09.443728+00:00> GetHands
2022-02-11 13:43:09.989401+00:00> GetHands
2022-02-11 13:43:10.534580+00:00> GetHands
2022-02-11 13:43:11.077221+00:00> GetHands
2022-02-11 13:43:11.622779+00:00> GetHands
2022-02-11 13:43:12.167422+00:00> GetHands
2022-02-11 13:43:12.714928+00:00> GetHands
2022-02-11 13:43:13.261418+00:00> GetHands
2022-02-11 13:43:13.807655+00:00> GetHands
2022-02-11 13:43:14.354702+00:00> GetHands
2022-02-11 13:43:14.887294+00:00> GetHands
2022-02-11 13:43:15.418254+00:00> GetHands
2022-02-11 13:43:15.976712+00:00> GetHands
2022-02-11 13:43:16.521679+00:00> GetHands
2022-02-11 13:43:17.067141+00:00> GetHands
2022-02-11 13:43:17.613165+00:00> GetHands
2022-02-11 13:43:18.153809+00:00> GetHands
2022-02-11 13:43:18.698525+00:00> GetHands
2022-02-11 13:43:19.230927+00:00> GetHands
2022-02-11 13:43:19.775887+00:00> GetHands
2022-02-11 13:43:20.317160+00:00> GetHands
2022-02-11 13:43:20.863347+00:00> GetHands
2022-02-11 13:43:21.395619+00:00> GetHands
2022-02-11 13:43:21.941898+00:00> GetHands
2022-02-11 13:43:22.485833+00:00> GetHands
2022-02-11 13:43:23.019891+00:00> GetHands
2022-02-11 13:43:23.553395+00:00> GetHands
2022-02-11 13:43:24.098643+00:00> GetHands
2022-02-11 13:43:24.661878+00:00> GetHands
2022-02-11 13:43:25.209366+00:00> GetHands
2022-02-11 13:43:25.753025+00:00> GetHands
2022-02-11 13:43:26.298127+00:00> GetHands
2022-02-11 13:43:26.828442+00:00> GetHands
2022-02-11 13:43:27.388408+00:00> GetHands
2022-02-11 13:43:27.933706+00:00> GetHands
2022-02-11 13:43:28.475199+00:00> GetHands
2022-02-11 13:43:29.004406+00:00> GetHands
2022-02-11 13:43:29.550423+00:00> GetHands
2022-02-11 13:43:30.096291+00:00> GetHands
2022-02-11 13:43:30.640188+00:00> GetHands
2022-02-11 13:43:31.186140+00:00> GetHands
2022-02-11 13:43:31.717354+00:00> GetHands
2022-02-11 13:43:32.260913+00:00> GetHands
2022-02-11 13:43:32.807056+00:00> GetHands
2022-02-11 13:43:33.335979+00:00> GetHands
2022-02-11 13:43:33.880370+00:00> GetHands
2022-02-11 13:43:34.424111+00:00> GetHands
2022-02-11 13:43:34.970019+00:00> GetHands
2022-02-11 13:43:35.516685+00:00> GetHands
2022-02-11 13:43:36.044127+00:00> GetHands
2022-02-11 13:43:36.589374+00:00> GetHands
2022-02-11 13:43:37.131074+00:00> GetHands
2022-02-11 13:43:37.674949+00:00> GetHands
2022-02-11 13:43:38.222101+00:00> GetHands
2022-02-11 13:43:38.768753+00:00> GetHands
2022-02-11 13:43:39.313832+00:00> GetHands
2022-02-11 13:43:39.847275+00:00> GetHands
2022-02-11 13:43:40.392008+00:00> GetHands
2022-02-11 13:43:40.936165+00:00> GetHands
2022-02-11 13:43:41.482625+00:00> GetHands
2022-02-11 13:43:42.027787+00:00> GetHands
2022-02-11 13:43:42.568919+00:00> GetHands
2022-02-11 13:43:43.099398+00:00> GetHands
2022-02-11 13:43:43.628465+00:00> GetHands
2022-02-11 13:43:44.174162+00:00> GetHands
2022-02-11 13:43:44.719307+00:00> GetHands
2022-02-11 13:43:45.264952+00:00> GetHands
2022-02-11 13:43:45.810653+00:00> GetHands
2022-02-11 13:43:46.342449+00:00> GetHands
2022-02-11 13:43:46.883939+00:00> GetHands
2022-02-11 13:43:47.428225+00:00> GetHands
2022-02-11 13:43:47.959060+00:00> GetHands
2022-02-11 13:43:48.502560+00:00> GetHands
2022-02-11 13:43:49.030906+00:00> GetHands
2022-02-11 13:43:49.559075+00:00> GetHands
2022-02-11 13:43:50.092012+00:00> GetHands
2022-02-11 13:43:50.635800+00:00> GetHands
2022-02-11 13:43:51.179923+00:00> GetHands
2022-02-11 13:43:51.723803+00:00> GetHands
2022-02-11 13:43:52.253071+00:00> GetHands
2022-02-11 13:43:52.796842+00:00> GetHands
2022-02-11 13:43:53.343018+00:00> GetHands
2022-02-11 13:43:53.874186+00:00> GetHands
2022-02-11 13:43:54.418831+00:00> GetHands
2022-02-11 13:43:54.964151+00:00> GetHands
2022-02-11 13:43:55.509792+00:00> GetHands
2022-02-11 13:43:56.055527+00:00> GetHands
2022-02-11 13:43:56.599624+00:00> GetHands
2022-02-11 13:43:57.137893+00:00> GetHands
2022-02-11 13:43:57.678268+00:00> GetHands
2022-02-11 13:43:58.216925+00:00> GetHands
2022-02-11 13:43:58.751545+00:00> GetHands
2022-02-11 13:43:59.283718+00:00> GetHands
2022-02-11 13:43:59.814451+00:00> GetHands
2022-02-11 13:44:00.359070+00:00> GetHands
2022-02-11 13:44:00.897211+00:00> GetHands
2022-02-11 13:44:01.432773+00:00> GetHands
2022-02-11 13:44:01.966427+00:00> GetHands
2022-02-11 13:44:02.512378+00:00> GetHands
2022-02-11 13:44:03.048882+00:00> GetHands
2022-02-11 13:44:03.585570+00:00> GetHands
2022-02-11 13:44:04.120689+00:00> GetHands
2022-02-11 13:44:04.656126+00:00> GetHands
2022-02-11 13:44:05.187175+00:00> GetHands
2022-02-11 13:44:05.722486+00:00> GetHands
2022-02-11 13:44:06.260549+00:00> GetHands
2022-02-11 13:44:06.795223+00:00> GetHands
2022-02-11 13:44:07.328101+00:00> GetHands
2022-02-11 13:44:16.463597+00:00> ConnectUnity
2022-02-11 13:44:16.463597+00:00> Connected
2022-02-11 13:44:16.464626+00:00> SendPID
2022-02-11 13:44:39.646720+00:00> ConnectUnity
2022-02-11 13:44:39.647720+00:00> Connected
2022-02-11 13:44:39.648719+00:00> SendPID
2022-02-11 13:45:22.906711+00:00> ConnectUnity
2022-02-11 13:45:22.907738+00:00> Connected
2022-02-11 13:45:22.907738+00:00> SendPID
2022-02-11 13:45:42.153489+00:00> ConnectUnity
2022-02-11 13:45:42.154489+00:00> Connected
2022-02-11 13:45:42.154489+00:00> SendPID
2022-02-11 13:46:26.372843+00:00> ConnectUnity
2022-02-11 13:46:26.372843+00:00> Connected
2022-02-11 13:46:26.373841+00:00> SendPID
2022-02-11 13:46:26.377843+00:00> GetPID
2022-02-11 13:46:26.377843+00:00> init_mp
2022-02-11 13:46:26.377843+00:00> set mp_hands
2022-02-11 13:46:26.377843+00:00> set hands
2022-02-11 13:46:26.386020+00:00> end set hands
2022-02-11 13:46:26.386020+00:00> set camera
2022-02-11 13:46:27.173840+00:00> end set camera
2022-02-11 13:46:27.174839+00:00> End init_mp
2022-02-11 13:46:27.174839+00:00> GetHands
2022-02-11 13:46:28.264930+00:00> GetHands
2022-02-11 13:46:28.800013+00:00> GetHands
2022-02-11 13:46:29.337298+00:00> GetHands
2022-02-11 13:46:29.875641+00:00> GetHands
2022-02-11 13:46:30.414444+00:00> GetHands
2022-02-11 13:46:30.973680+00:00> GetHands
2022-02-11 13:46:31.522515+00:00> GetHands
2022-02-11 13:46:32.056206+00:00> GetHands
2022-02-11 13:46:32.588989+00:00> GetHands
2022-02-11 13:46:33.121976+00:00> GetHands
2022-02-11 13:46:33.656993+00:00> GetHands
2022-02-11 13:46:34.190075+00:00> GetHands
2022-02-11 13:46:34.724850+00:00> GetHands
2022-02-11 13:46:35.262732+00:00> GetHands
2022-02-11 13:46:35.796290+00:00> GetHands
2022-02-11 13:46:36.331713+00:00> GetHands
2022-02-11 13:46:36.864547+00:00> GetHands
2022-02-11 13:46:37.399441+00:00> GetHands
2022-02-11 13:46:37.936861+00:00> GetHands
2022-02-11 13:46:38.469078+00:00> GetHands
2022-02-11 13:46:39.014859+00:00> GetHands
2022-02-11 13:46:39.547799+00:00> GetHands
2022-02-11 13:46:40.091519+00:00> GetHands
2022-02-11 13:46:40.637879+00:00> GetHands
2022-02-11 13:46:41.171644+00:00> GetHands
2022-02-11 13:46:41.717521+00:00> GetHands
2022-02-11 13:46:42.249403+00:00> GetHands
2022-02-11 13:46:42.784819+00:00> GetHands
2022-02-11 13:46:43.321029+00:00> GetHands
2022-02-11 13:46:43.858638+00:00> GetHands
2022-02-11 13:46:44.404472+00:00> GetHands
2022-02-11 13:46:44.941993+00:00> GetHands
2022-02-11 13:51:32.170719+00:00> ConnectUnity
2022-02-11 13:51:32.171720+00:00> Connected
2022-02-11 13:51:32.171720+00:00> SendPID
2022-02-11 13:51:32.175721+00:00> GetPID
2022-02-11 13:51:32.175721+00:00> init_mp
2022-02-11 13:51:32.175721+00:00> set mp_hands
2022-02-11 13:51:32.175721+00:00> set hands
2022-02-11 13:51:32.183719+00:00> end set hands
2022-02-11 13:51:32.183719+00:00> set camera
2022-02-11 13:51:32.968567+00:00> end set camera
2022-02-11 13:51:32.968567+00:00> End init_mp
2022-02-11 13:51:32.968567+00:00> GetHands
2022-02-11 13:51:34.029801+00:00> GetHands
2022-02-11 13:51:34.563381+00:00> GetHands
2022-02-11 13:51:35.097003+00:00> GetHands
2022-02-11 13:51:35.650576+00:00> GetHands
2022-02-11 13:51:36.184887+00:00> GetHands
2022-02-11 13:51:36.737635+00:00> GetHands
2022-02-11 13:51:37.282789+00:00> GetHands
2022-02-11 13:51:37.829109+00:00> GetHands
2022-02-11 13:51:38.373169+00:00> GetHands
2022-02-11 13:51:38.918443+00:00> GetHands
2022-02-11 13:51:39.454257+00:00> GetHands
2022-02-11 13:51:39.992693+00:00> GetHands
2022-02-11 13:51:40.527931+00:00> GetHands
2022-02-11 13:51:41.059747+00:00> GetHands
2022-02-11 13:51:41.594720+00:00> GetHands
2022-02-11 13:51:42.138697+00:00> GetHands
2022-02-11 13:51:42.684790+00:00> GetHands
2022-02-11 13:51:43.216363+00:00> GetHands
2022-02-11 13:51:43.749777+00:00> GetHands
2022-02-11 13:51:44.284311+00:00> GetHands
2022-02-11 13:51:44.830056+00:00> GetHands
2022-02-11 13:51:45.369532+00:00> GetHands
2022-02-11 13:51:45.901339+00:00> GetHands
2022-02-11 13:51:46.438172+00:00> GetHands
2022-02-11 13:51:46.970757+00:00> GetHands
2022-02-11 13:51:47.503930+00:00> GetHands
2022-02-11 13:51:48.040397+00:00> GetHands
2022-02-11 13:51:48.574225+00:00> GetHands
2022-02-11 13:51:49.111561+00:00> GetHands
2022-02-11 13:51:49.648528+00:00> GetHands
2022-02-11 13:51:50.185299+00:00> GetHands
2022-02-11 13:51:50.718898+00:00> GetHands
2022-02-11 13:51:51.249672+00:00> GetHands
2022-02-11 13:51:51.794241+00:00> GetHands
2022-02-11 13:51:52.340048+00:00> GetHands
2022-02-11 13:51:52.873308+00:00> GetHands
2022-02-11 13:51:53.409749+00:00> GetHands
2022-02-11 13:51:53.945632+00:00> GetHands
2022-02-11 13:51:54.480511+00:00> GetHands
2022-02-11 13:51:55.013189+00:00> GetHands
2022-02-11 13:51:55.548937+00:00> GetHands
2022-02-11 13:51:56.086050+00:00> GetHands
2022-02-11 13:51:56.621254+00:00> GetHands
2022-02-11 13:51:57.156386+00:00> GetHands
2022-02-11 13:51:57.700335+00:00> GetHands
2022-02-11 13:51:58.239059+00:00> GetHands
2022-02-11 13:51:58.774780+00:00> GetHands
2022-02-11 13:51:59.310122+00:00> GetHands
2022-02-11 13:51:59.846318+00:00> GetHands
2022-02-11 13:52:00.383636+00:00> GetHands
2022-02-11 13:52:00.916085+00:00> GetHands
2022-02-11 13:52:01.449426+00:00> GetHands
2022-02-11 13:52:01.990076+00:00> GetHands
2022-02-11 13:52:02.525914+00:00> GetHands
2022-02-11 13:52:03.078546+00:00> GetHands
2022-02-11 13:52:03.617119+00:00> GetHands
2022-02-11 13:52:04.154964+00:00> GetHands
2022-02-11 13:52:04.687420+00:00> GetHands
2022-02-11 13:52:05.221365+00:00> GetHands
2022-02-11 13:52:05.767134+00:00> GetHands
2022-02-11 13:52:06.300033+00:00> GetHands
2022-02-11 13:52:06.848805+00:00> GetHands
2022-02-11 13:52:07.383517+00:00> GetHands
2022-02-11 13:52:07.918202+00:00> GetHands
2022-02-11 13:52:08.454235+00:00> GetHands
2022-02-11 13:52:08.990346+00:00> GetHands
2022-02-11 13:52:09.529220+00:00> GetHands
2022-02-11 13:52:10.064552+00:00> GetHands
2022-02-11 13:52:10.616929+00:00> GetHands
2022-02-11 13:52:11.156535+00:00> GetHands
2022-02-11 13:52:11.693585+00:00> GetHands
2022-02-11 13:52:12.229412+00:00> GetHands
2022-02-11 13:52:12.764515+00:00> GetHands
2022-02-11 13:52:13.300553+00:00> GetHands
2022-02-11 13:52:13.833942+00:00> GetHands
2022-02-11 13:52:14.382259+00:00> GetHands
2022-02-11 13:52:14.931696+00:00> GetHands
2022-02-11 13:52:15.466848+00:00> GetHands
2022-02-11 13:52:16.003592+00:00> GetHands
2022-02-11 13:52:16.549394+00:00> GetHands
2022-02-11 13:52:17.087475+00:00> GetHands
2022-02-11 13:52:17.624135+00:00> GetHands
2022-02-11 13:52:18.162424+00:00> GetHands
2022-02-11 13:52:18.698258+00:00> GetHands
2022-02-11 13:52:19.230079+00:00> GetHands
2022-02-11 13:52:19.774176+00:00> GetHands
2022-02-11 13:52:20.309010+00:00> GetHands
2022-02-11 13:52:20.852822+00:00> GetHands
2022-02-11 13:52:21.395638+00:00> GetHands
2022-02-11 13:52:21.928762+00:00> GetHands
2022-02-11 13:52:22.458757+00:00> GetHands
2022-02-11 13:52:23.005299+00:00> GetHands
2022-02-11 13:52:23.537418+00:00> GetHands
2022-02-11 13:52:24.083254+00:00> GetHands
2022-02-11 13:52:24.618081+00:00> GetHands
2022-02-11 13:52:25.146456+00:00> GetHands
2022-02-11 13:52:25.691211+00:00> GetHands
2022-02-11 13:52:26.236835+00:00> GetHands
2022-02-11 13:52:26.772170+00:00> GetHands
2022-02-11 13:52:27.316048+00:00> GetHands
2022-02-11 13:52:27.859001+00:00> GetHands
2022-02-11 13:52:28.391627+00:00> GetHands
2022-02-11 13:52:28.920762+00:00> GetHands
2022-02-11 13:52:29.450107+00:00> GetHands
2022-02-11 13:52:29.981417+00:00> GetHands
2022-02-11 13:52:30.513910+00:00> GetHands
2022-02-11 13:52:31.059472+00:00> GetHands
2022-02-11 13:52:31.591968+00:00> GetHands
2022-02-11 13:52:32.135910+00:00> GetHands
2022-02-11 13:52:32.671150+00:00> GetHands
2022-02-11 13:52:33.202531+00:00> GetHands
2022-02-11 13:52:33.732216+00:00> GetHands
2022-02-11 13:52:34.261090+00:00> GetHands
2022-02-11 13:52:34.790732+00:00> GetHands
2022-02-11 13:52:35.324227+00:00> GetHands
2022-02-11 13:52:35.957313+00:00> GetHands
2022-02-11 13:52:36.548252+00:00> GetHands
2022-02-11 13:52:37.108280+00:00> GetHands
2022-02-11 13:52:37.713830+00:00> GetHands
2022-02-11 13:52:38.244155+00:00> GetHands
2022-02-11 13:52:38.775960+00:00> GetHands
2022-02-11 13:52:39.321256+00:00> GetHands
2022-02-11 13:52:39.862913+00:00> GetHands
2022-02-11 13:52:40.406436+00:00> GetHands
2022-02-11 13:52:49.645466+00:00> ConnectUnity
2022-02-11 13:52:49.646468+00:00> Connected
2022-02-11 13:52:49.646468+00:00> SendPID
2022-02-11 13:52:49.650470+00:00> GetPID
2022-02-11 13:52:49.650470+00:00> init_mp
2022-02-11 13:52:49.650470+00:00> set mp_hands
2022-02-11 13:52:49.650470+00:00> set hands
2022-02-11 13:52:49.658470+00:00> end set hands
2022-02-11 13:52:49.658470+00:00> set camera
2022-02-11 13:52:50.475853+00:00> end set camera
2022-02-11 13:52:50.475853+00:00> End init_mp
2022-02-11 13:52:50.475853+00:00> GetHands
2022-02-11 13:52:51.565160+00:00> GetHands
2022-02-11 13:52:52.104090+00:00> GetHands
2022-02-11 13:52:52.659090+00:00> GetHands
2022-02-11 13:52:53.195225+00:00> GetHands
2022-02-11 13:52:53.736597+00:00> GetHands
2022-02-11 13:52:54.272995+00:00> GetHands
2022-02-11 13:52:54.811022+00:00> GetHands
2022-02-11 13:52:55.347996+00:00> GetHands
2022-02-11 13:52:55.886122+00:00> GetHands
2022-02-11 13:52:56.421170+00:00> GetHands
2022-02-11 13:52:56.958213+00:00> GetHands
2022-02-11 13:52:57.496217+00:00> GetHands
2022-02-11 13:52:58.033240+00:00> GetHands
2022-02-11 13:52:58.567283+00:00> GetHands
2022-02-11 13:52:59.105920+00:00> GetHands
2022-02-11 13:52:59.642940+00:00> GetHands
2022-02-11 13:53:00.179901+00:00> GetHands
2022-02-11 13:53:00.718000+00:00> GetHands
2022-02-11 13:53:01.254882+00:00> GetHands
2022-02-11 13:53:01.792977+00:00> GetHands
2022-02-11 13:53:02.330042+00:00> GetHands
2022-02-11 13:53:02.869316+00:00> GetHands
2022-02-11 13:53:03.403757+00:00> GetHands
2022-02-11 13:53:03.944348+00:00> GetHands
2022-02-11 13:53:04.485947+00:00> GetHands
2022-02-11 13:53:05.035964+00:00> GetHands
2022-02-11 13:53:33.561703+00:00> ConnectUnity
2022-02-11 13:53:33.561703+00:00> Connected
2022-02-11 13:53:33.562703+00:00> SendPID
2022-02-11 13:53:33.566243+00:00> GetPID
2022-02-11 13:53:33.567243+00:00> init_mp
2022-02-11 13:53:33.567243+00:00> set mp_hands
2022-02-11 13:53:33.567243+00:00> set hands
2022-02-11 13:53:33.575244+00:00> end set hands
2022-02-11 13:53:33.575244+00:00> set camera
2022-02-11 13:53:34.300896+00:00> end set camera
2022-02-11 13:53:34.300896+00:00> End init_mp
2022-02-11 13:53:34.300896+00:00> GetHands
2022-02-11 13:53:35.311693+00:00> GetHands
2022-02-11 13:53:35.856229+00:00> GetHands
2022-02-11 13:53:36.401565+00:00> GetHands
2022-02-11 13:53:36.962834+00:00> GetHands
2022-02-11 13:53:37.510918+00:00> GetHands
2022-02-11 13:53:38.057133+00:00> GetHands
2022-02-11 13:53:38.589140+00:00> GetHands
2022-02-11 13:53:39.121939+00:00> GetHands
2022-02-11 13:53:39.668099+00:00> GetHands
2022-02-11 13:53:40.214254+00:00> GetHands
2022-02-11 13:53:40.758397+00:00> GetHands
2022-02-11 13:53:41.307001+00:00> GetHands
2022-02-11 13:53:41.853936+00:00> GetHands
2022-02-11 13:53:42.399199+00:00> GetHands
2022-02-11 13:53:42.931122+00:00> GetHands
2022-02-11 13:53:43.461334+00:00> GetHands
2022-02-11 13:53:44.006700+00:00> GetHands
2022-02-11 13:53:44.554203+00:00> GetHands
2022-02-11 13:53:45.101981+00:00> GetHands
2022-02-11 13:53:45.648342+00:00> GetHands
2022-02-11 13:53:46.193345+00:00> GetHands
2022-02-11 13:53:46.739928+00:00> GetHands
2022-02-11 13:53:47.286734+00:00> GetHands
2022-02-11 13:53:47.835115+00:00> GetHands
2022-02-11 13:53:48.368356+00:00> GetHands
2022-02-11 13:53:48.912188+00:00> GetHands
2022-02-11 13:53:49.456521+00:00> GetHands
2022-02-11 13:53:50.001597+00:00> GetHands
2022-02-11 13:53:50.545740+00:00> GetHands
2022-02-11 13:53:51.092155+00:00> GetHands
2022-02-11 13:53:51.637789+00:00> GetHands
2022-02-11 13:53:52.181700+00:00> GetHands
2022-02-11 13:53:52.714373+00:00> GetHands
2022-02-11 13:53:53.249078+00:00> GetHands
2022-02-11 13:53:53.792659+00:00> GetHands
2022-02-11 13:53:54.341523+00:00> GetHands
2022-02-11 13:53:54.888904+00:00> GetHands
2022-02-11 13:53:55.423248+00:00> GetHands
2022-02-11 13:53:55.965780+00:00> GetHands
2022-02-11 13:53:56.512188+00:00> GetHands
2022-02-11 13:53:57.045672+00:00> GetHands
2022-02-11 13:53:57.589375+00:00> GetHands
2022-02-11 13:53:58.134045+00:00> GetHands
2022-02-11 13:53:58.677264+00:00> GetHands
2022-02-11 13:53:59.220464+00:00> GetHands
2022-02-11 13:53:59.752080+00:00> GetHands
2022-02-11 13:54:00.284188+00:00> GetHands
2022-02-11 13:54:00.820143+00:00> GetHands
2022-02-11 13:54:01.357863+00:00> GetHands
2022-02-11 13:54:01.895300+00:00> GetHands
2022-02-11 13:54:02.430211+00:00> GetHands
2022-02-11 13:54:04.341072+00:00> GetHands
2022-02-11 13:54:04.886893+00:00> GetHands
2022-02-11 13:54:05.418992+00:00> GetHands
2022-02-11 13:54:05.963879+00:00> GetHands
2022-02-11 13:54:06.499066+00:00> GetHands
2022-02-11 13:54:07.032289+00:00> GetHands
2022-02-11 13:54:07.563917+00:00> GetHands
2022-02-11 13:54:08.095659+00:00> GetHands
2022-02-11 13:54:08.630422+00:00> GetHands
2022-02-11 13:54:09.162064+00:00> GetHands
2022-02-11 13:54:09.695738+00:00> GetHands
2022-02-11 13:54:10.229831+00:00> GetHands
2022-02-11 13:54:10.775133+00:00> GetHands
2022-02-11 13:54:11.321136+00:00> GetHands
2022-02-11 13:54:11.869705+00:00> GetHands
2022-02-11 13:54:12.414829+00:00> GetHands
2022-02-11 13:54:12.958845+00:00> GetHands
2022-02-11 13:54:13.490387+00:00> GetHands
2022-02-11 13:54:14.049269+00:00> GetHands
2022-02-11 13:54:14.593906+00:00> GetHands
2022-02-11 13:54:15.138002+00:00> GetHands
2022-02-11 13:54:15.670335+00:00> GetHands
2022-02-11 13:54:16.218406+00:00> GetHands
2022-02-11 13:54:16.762256+00:00> GetHands
2022-02-11 13:54:17.305161+00:00> GetHands
2022-02-11 13:54:17.851447+00:00> GetHands
2022-02-11 13:54:18.413765+00:00> GetHands
2022-02-11 13:54:18.957201+00:00> GetHands
2022-02-11 13:54:19.505431+00:00> GetHands
2022-02-11 13:54:20.050704+00:00> GetHands
2022-02-11 13:54:20.583092+00:00> GetHands
2022-02-11 13:54:21.117743+00:00> GetHands
2022-02-11 13:54:21.662750+00:00> GetHands
2022-02-11 13:54:22.209760+00:00> GetHands
2022-02-11 13:54:22.753514+00:00> GetHands
2022-02-11 13:54:23.298792+00:00> GetHands
2022-02-11 13:54:23.837412+00:00> GetHands
2022-02-11 13:54:24.382693+00:00> GetHands
2022-02-11 13:54:24.929654+00:00> GetHands
2022-02-11 13:54:25.475534+00:00> GetHands
2022-02-11 13:54:26.024088+00:00> GetHands
2022-02-11 13:54:26.558699+00:00> GetHands
2022-02-11 13:54:27.121521+00:00> GetHands
2022-02-11 13:54:27.651519+00:00> GetHands
2022-02-11 13:54:28.195430+00:00> GetHands
2022-02-11 13:54:28.727095+00:00> GetHands
2022-02-11 13:54:29.275271+00:00> GetHands
2022-02-11 13:54:29.807951+00:00> GetHands
2022-02-11 13:54:30.354814+00:00> GetHands
2022-02-11 13:54:30.930186+00:00> GetHands
2022-02-11 13:54:31.472886+00:00> GetHands
2022-02-11 13:54:32.005441+00:00> GetHands
2022-02-11 13:54:32.572857+00:00> GetHands
2022-02-11 13:54:33.103498+00:00> GetHands
2022-02-11 13:54:33.660997+00:00> GetHands
2022-02-11 13:54:34.205982+00:00> GetHands
2022-02-11 13:54:34.750212+00:00> GetHands
2022-02-11 13:54:35.297068+00:00> GetHands
2022-02-11 13:54:35.842983+00:00> GetHands
2022-02-11 13:54:36.375901+00:00> GetHands
2022-02-11 13:54:36.922223+00:00> GetHands
2022-02-11 13:54:37.451233+00:00> GetHands
2022-02-11 13:54:37.984835+00:00> GetHands
2022-02-11 13:54:38.518432+00:00> GetHands
2022-02-11 13:54:39.053408+00:00> GetHands
2022-02-11 13:54:39.601310+00:00> GetHands
2022-02-11 13:54:40.144855+00:00> GetHands
2022-02-11 13:54:40.678106+00:00> GetHands
2022-02-11 13:54:41.220681+00:00> GetHands
2022-02-11 13:54:41.754190+00:00> GetHands
2022-02-11 13:54:42.299605+00:00> GetHands
2022-02-11 13:54:42.846016+00:00> GetHands
2022-02-11 13:54:43.390153+00:00> GetHands
2022-02-11 13:54:43.934200+00:00> GetHands
2022-02-11 13:54:44.480388+00:00> GetHands
2022-02-11 13:54:45.025273+00:00> GetHands
2022-02-11 13:54:45.560213+00:00> GetHands
2022-02-11 13:54:46.091460+00:00> GetHands
2022-02-11 13:54:46.637272+00:00> GetHands
2022-02-11 13:54:47.181775+00:00> GetHands
2022-02-11 13:54:47.711498+00:00> GetHands
2022-02-11 13:54:48.255366+00:00> GetHands
2022-02-11 13:54:48.800269+00:00> GetHands
2022-02-11 13:54:49.346886+00:00> GetHands
2022-02-11 13:54:49.894292+00:00> GetHands
2022-02-11 13:54:50.427049+00:00> GetHands
2022-02-11 13:54:50.969589+00:00> GetHands
2022-02-11 13:54:51.514318+00:00> GetHands
2022-02-11 13:54:52.059650+00:00> GetHands
2022-02-11 13:54:52.606202+00:00> GetHands
2022-02-11 13:54:53.151871+00:00> GetHands
2022-02-11 13:54:53.696739+00:00> GetHands
2022-02-11 13:54:54.243648+00:00> GetHands
2022-02-11 13:54:54.775909+00:00> GetHands
2022-02-11 13:54:55.308754+00:00> GetHands
2022-02-11 13:54:55.840982+00:00> GetHands
2022-02-11 13:54:56.372381+00:00> GetHands
2022-02-11 13:54:56.905000+00:00> GetHands
2022-02-11 13:54:57.449259+00:00> GetHands
2022-02-11 13:54:57.994195+00:00> GetHands
2022-02-11 13:54:58.537989+00:00> GetHands
2022-02-11 13:54:59.084195+00:00> GetHands
2022-02-11 13:54:59.632142+00:00> GetHands
2022-02-11 13:55:00.165547+00:00> GetHands
2022-02-11 13:55:00.708681+00:00> GetHands
2022-02-11 13:55:01.243439+00:00> GetHands
2022-02-11 13:55:01.775605+00:00> GetHands
2022-02-11 13:55:02.320797+00:00> GetHands
2022-02-11 13:55:02.868646+00:00> GetHands
2022-02-11 13:55:03.414676+00:00> GetHands
2022-02-11 13:55:03.957099+00:00> GetHands
2022-02-11 13:55:04.504703+00:00> GetHands
2022-02-11 13:55:05.048122+00:00> GetHands
2022-02-11 13:55:05.593796+00:00> GetHands
2022-02-11 13:55:06.126586+00:00> GetHands
2022-02-11 13:55:06.671031+00:00> GetHands
2022-02-11 13:55:07.211541+00:00> GetHands
2022-02-11 13:55:07.743056+00:00> GetHands
2022-02-11 13:55:08.288401+00:00> GetHands
2022-02-11 13:55:08.831351+00:00> GetHands
2022-02-11 13:55:09.379920+00:00> GetHands
2022-02-11 13:55:09.916607+00:00> GetHands
2022-02-11 13:55:10.462783+00:00> GetHands
2022-02-11 13:55:11.004385+00:00> GetHands
2022-02-11 13:55:11.551587+00:00> GetHands
2022-02-11 13:55:12.097852+00:00> GetHands
2022-02-11 13:55:12.640762+00:00> GetHands
2022-02-11 13:55:13.186696+00:00> GetHands
2022-02-11 13:55:13.732430+00:00> GetHands
2022-02-11 13:55:14.265695+00:00> GetHands
2022-02-11 13:55:14.810859+00:00> GetHands
2022-02-11 13:55:15.348413+00:00> GetHands
2022-02-11 13:55:15.911856+00:00> GetHands
2022-02-11 13:55:16.458586+00:00> GetHands
2022-02-11 13:55:17.009949+00:00> GetHands
2022-02-11 13:55:17.560583+00:00> GetHands
2022-02-11 13:55:18.090913+00:00> GetHands
2022-02-11 13:55:18.642478+00:00> GetHands
2022-02-11 13:55:19.186948+00:00> GetHands
2022-02-11 13:55:19.730667+00:00> GetHands
2022-02-11 13:55:20.261961+00:00> GetHands
2022-02-11 13:55:20.806291+00:00> GetHands
2022-02-11 13:55:21.338018+00:00> GetHands
2022-02-11 13:55:21.882021+00:00> GetHands
2022-02-11 13:55:22.443910+00:00> GetHands
2022-02-11 13:55:22.989008+00:00> GetHands
2022-02-11 13:55:23.535530+00:00> GetHands
2022-02-11 13:55:24.082025+00:00> GetHands
2022-02-11 13:55:24.630340+00:00> GetHands
2022-02-11 13:55:25.177459+00:00> GetHands
2022-02-11 13:55:25.711909+00:00> GetHands
2022-02-11 13:55:26.256794+00:00> GetHands
2022-02-11 13:55:26.800830+00:00> GetHands
2022-02-11 13:55:27.349391+00:00> GetHands
2022-02-11 13:55:27.896179+00:00> GetHands
2022-02-11 13:55:28.443328+00:00> GetHands
2022-02-11 13:55:28.977006+00:00> GetHands
2022-02-11 13:55:29.510453+00:00> GetHands
2022-02-11 13:55:30.056465+00:00> GetHands
2022-02-11 13:55:30.602211+00:00> GetHands
2022-02-11 13:55:31.146193+00:00> GetHands
2022-02-11 13:55:31.694498+00:00> GetHands
2022-02-11 13:55:32.244519+00:00> GetHands
2022-02-11 13:55:32.804856+00:00> GetHands
2022-02-11 13:55:33.364949+00:00> GetHands
2022-02-11 13:55:33.898268+00:00> GetHands
2022-02-11 13:55:34.459860+00:00> GetHands
2022-02-11 13:55:35.001943+00:00> GetHands
2022-02-11 13:55:35.561850+00:00> GetHands
2022-02-11 13:55:36.090010+00:00> GetHands
2022-02-11 13:55:36.634471+00:00> GetHands
2022-02-11 13:55:37.179340+00:00> GetHands
2022-02-11 13:55:37.721995+00:00> GetHands
2022-02-11 13:55:38.265842+00:00> GetHands
2022-02-11 13:55:38.808346+00:00> GetHands
2022-02-11 13:55:39.344163+00:00> GetHands
2022-02-11 13:55:39.890611+00:00> GetHands
2022-02-11 13:55:40.435644+00:00> GetHands
2022-02-11 13:55:40.977724+00:00> GetHands
2022-02-11 13:55:41.522209+00:00> GetHands
2022-02-11 13:55:42.068248+00:00> GetHands
2022-02-11 13:55:42.611844+00:00> GetHands
2022-02-11 13:55:43.145341+00:00> GetHands
2022-02-11 13:55:43.687133+00:00> GetHands
2022-02-11 13:55:44.232387+00:00> GetHands
2022-02-11 13:55:44.764470+00:00> GetHands
2022-02-11 13:55:45.307396+00:00> GetHands
2022-02-11 13:55:45.851191+00:00> GetHands
2022-02-11 13:55:46.397560+00:00> GetHands
2022-02-11 13:55:46.942638+00:00> GetHands
2022-02-11 13:55:47.475239+00:00> GetHands
2022-02-11 13:55:48.008839+00:00> GetHands
2022-02-11 13:55:48.541340+00:00> GetHands
2022-02-11 13:55:49.101479+00:00> GetHands
2022-02-11 13:55:49.648096+00:00> GetHands
2022-02-11 13:55:50.196328+00:00> GetHands
2022-02-11 13:55:50.730791+00:00> GetHands
2022-02-11 13:55:51.263789+00:00> GetHands
2022-02-11 13:55:51.803334+00:00> GetHands
2022-02-11 13:55:52.350456+00:00> GetHands
2022-02-11 13:55:52.896775+00:00> GetHands
2022-02-11 13:55:53.442357+00:00> GetHands
2022-02-11 13:55:53.986087+00:00> GetHands
2022-02-11 13:55:54.530825+00:00> GetHands
2022-02-11 13:55:55.076546+00:00> GetHands
2022-02-11 13:55:55.608631+00:00> GetHands
2022-02-11 13:55:56.154779+00:00> GetHands
2022-02-11 13:55:56.713013+00:00> GetHands
2022-02-11 13:55:57.258352+00:00> GetHands
2022-02-11 13:55:57.804667+00:00> GetHands
2022-02-11 13:55:58.349050+00:00> GetHands
2022-02-11 13:55:58.895412+00:00> GetHands
2022-02-11 13:55:59.441252+00:00> GetHands
2022-02-11 13:55:59.972405+00:00> GetHands
2022-02-11 13:56:00.517638+00:00> GetHands
2022-02-11 13:56:01.048292+00:00> GetHands
2022-02-11 13:56:01.594253+00:00> GetHands
2022-02-11 13:56:02.138303+00:00> GetHands
2022-02-11 13:56:02.684477+00:00> GetHands
2022-02-11 13:56:03.231013+00:00> GetHands
2022-02-11 13:56:03.777139+00:00> GetHands
2022-02-11 13:56:04.322414+00:00> GetHands
2022-02-11 13:56:04.867566+00:00> GetHands
2022-02-11 13:56:05.412849+00:00> GetHands
2022-02-11 13:56:05.956484+00:00> GetHands
2022-02-11 13:56:06.488950+00:00> GetHands
2022-02-11 13:56:07.035059+00:00> GetHands
2022-02-11 13:56:07.567510+00:00> GetHands
2022-02-11 13:56:08.105821+00:00> GetHands
2022-02-11 13:56:08.637284+00:00> GetHands
2022-02-11 13:56:09.182168+00:00> GetHands
2022-02-11 13:56:09.729132+00:00> GetHands
2022-02-11 13:56:10.273709+00:00> GetHands
2022-02-11 13:56:10.817892+00:00> GetHands
2022-02-11 13:56:11.364066+00:00> GetHands
2022-02-11 13:56:11.911892+00:00> GetHands
2022-02-11 13:56:12.457664+00:00> GetHands
2022-02-11 13:56:13.000215+00:00> GetHands
2022-02-11 13:56:13.545567+00:00> GetHands
2022-02-11 13:56:14.090087+00:00> GetHands
2022-02-11 13:56:14.621165+00:00> GetHands
2022-02-11 13:56:15.168512+00:00> GetHands
2022-02-11 13:56:15.700918+00:00> GetHands
2022-02-11 13:56:16.259155+00:00> GetHands
2022-02-11 14:16:58.276270+00:00> ConnectUnity
2022-02-11 14:16:58.277133+00:00> Connected
2022-02-11 14:16:58.277255+00:00> SendPID
2022-02-11 14:16:58.281659+00:00> GetPID
2022-02-11 14:16:58.281659+00:00> init_mp
2022-02-11 14:16:58.281659+00:00> set mp_hands
2022-02-11 14:16:58.281659+00:00> set hands
2022-02-11 14:16:58.289656+00:00> end set hands
2022-02-11 14:16:58.289656+00:00> set camera
2022-02-11 14:16:59.121071+00:00> end set camera
2022-02-11 14:16:59.121071+00:00> End init_mp
2022-02-11 14:16:59.121071+00:00> GetHands
2022-02-11 14:17:00.242518+00:00> GetHands
2022-02-11 14:17:00.786290+00:00> GetHands
2022-02-11 14:17:01.317832+00:00> GetHands
2022-02-11 14:17:01.849847+00:00> GetHands
2022-02-11 14:17:02.384335+00:00> GetHands
2022-02-11 14:17:02.932447+00:00> GetHands
2022-02-11 14:17:03.475703+00:00> GetHands
2022-02-11 14:17:04.033386+00:00> GetHands
2022-02-11 14:17:04.581590+00:00> GetHands
2022-02-11 14:17:05.123743+00:00> GetHands
2022-02-11 14:17:05.653423+00:00> GetHands
2022-02-11 14:17:06.181530+00:00> GetHands
2022-02-11 14:17:06.725996+00:00> GetHands
2022-02-11 14:17:07.268432+00:00> GetHands
2022-02-11 14:17:07.797618+00:00> GetHands
2022-02-11 14:17:08.341081+00:00> GetHands
2022-02-11 14:17:08.886507+00:00> GetHands
2022-02-11 14:17:09.430267+00:00> GetHands
2022-02-11 14:17:09.973121+00:00> GetHands
2022-02-11 14:17:10.517275+00:00> GetHands
2022-02-11 14:17:11.059421+00:00> GetHands
2022-02-11 14:17:11.603118+00:00> GetHands
2022-02-11 14:17:12.142847+00:00> GetHands
2022-02-11 14:17:12.686160+00:00> GetHands
2022-02-11 14:17:13.227798+00:00> GetHands
2022-02-11 14:17:13.771789+00:00> GetHands
2022-02-11 14:17:14.314683+00:00> GetHands
2022-02-11 14:17:14.858196+00:00> GetHands
2022-02-11 14:17:15.390665+00:00> GetHands
2022-02-11 14:17:15.935119+00:00> GetHands
2022-02-11 14:17:16.467403+00:00> GetHands
2022-02-11 14:17:17.000286+00:00> GetHands
2022-02-11 14:17:17.535995+00:00> GetHands
2022-02-11 14:17:18.081881+00:00> GetHands
2022-02-11 14:17:18.625637+00:00> GetHands
2022-02-11 14:17:19.169636+00:00> GetHands
2022-02-11 14:17:19.711383+00:00> GetHands
2022-02-11 14:17:20.254818+00:00> GetHands
2022-02-11 14:17:20.801621+00:00> GetHands
2022-02-11 14:17:21.343556+00:00> GetHands
2022-02-11 14:17:21.887450+00:00> GetHands
2022-02-11 14:17:22.427605+00:00> GetHands
2022-02-11 14:17:22.972061+00:00> GetHands
2022-02-11 14:17:23.514922+00:00> GetHands
2022-02-11 14:17:24.057022+00:00> GetHands
2022-02-11 14:17:24.588705+00:00> GetHands
2022-02-11 14:17:25.135031+00:00> GetHands
2022-02-11 14:17:25.680172+00:00> GetHands
2022-02-11 14:17:26.221780+00:00> GetHands
2022-02-11 14:17:26.765476+00:00> GetHands
2022-02-11 14:17:27.306525+00:00> GetHands
2022-02-11 14:17:27.851862+00:00> GetHands
2022-02-11 14:17:28.382696+00:00> GetHands
2022-02-11 14:17:28.926748+00:00> GetHands
2022-02-11 14:17:29.470071+00:00> GetHands
2022-02-11 14:17:30.013996+00:00> GetHands
2022-02-11 14:17:30.545598+00:00> GetHands
2022-02-11 14:17:31.086444+00:00> GetHands
2022-02-11 14:17:31.630406+00:00> GetHands
2022-02-11 14:17:32.175769+00:00> GetHands
2022-02-11 14:17:32.735530+00:00> GetHands
2022-02-11 14:17:33.297334+00:00> GetHands
2022-02-11 14:17:33.841904+00:00> GetHands
2022-02-11 14:17:34.372809+00:00> GetHands
2022-02-11 14:17:34.919241+00:00> GetHands
2022-02-11 14:17:35.464667+00:00> GetHands
2022-02-11 14:17:36.010009+00:00> GetHands
2022-02-11 14:17:36.553017+00:00> GetHands
2022-02-11 14:17:37.096521+00:00> GetHands
2022-02-11 14:17:37.641617+00:00> GetHands
2022-02-11 14:17:38.185836+00:00> GetHands
2022-02-11 14:17:38.719647+00:00> GetHands
2022-02-11 14:17:39.261599+00:00> GetHands
2022-02-11 14:17:39.801276+00:00> GetHands
2022-02-11 14:17:40.343909+00:00> GetHands
2022-02-11 14:17:40.888601+00:00> GetHands
2022-02-11 14:17:41.432618+00:00> GetHands
2022-02-11 14:17:41.964700+00:00> GetHands
2022-02-11 14:17:42.505423+00:00> GetHands
2022-02-11 14:17:43.037503+00:00> GetHands
2022-02-11 14:17:43.571798+00:00> GetHands
2022-02-11 14:17:44.115599+00:00> GetHands
2022-02-11 14:17:44.658878+00:00> GetHands
2022-02-11 14:17:45.204167+00:00> GetHands
2022-02-11 14:17:45.743348+00:00> GetHands
2022-02-11 14:17:46.288564+00:00> GetHands
2022-02-11 14:17:46.820117+00:00> GetHands
2022-02-11 14:17:47.367076+00:00> GetHands
2022-02-11 14:17:47.909593+00:00> GetHands
2022-02-11 14:17:48.455654+00:00> GetHands
2022-02-11 14:17:48.997083+00:00> GetHands
2022-02-11 14:17:49.529859+00:00> GetHands
2022-02-11 14:17:50.073333+00:00> GetHands
2022-02-11 14:17:50.617390+00:00> GetHands
2022-02-11 14:17:51.160895+00:00> GetHands
2022-02-11 14:17:51.705396+00:00> GetHands
2022-02-11 14:17:52.247987+00:00> GetHands
2022-02-11 14:17:52.792250+00:00> GetHands
2022-02-11 14:17:53.337319+00:00> GetHands
2022-02-11 14:17:53.868471+00:00> GetHands
2022-02-11 14:17:54.399294+00:00> GetHands
2022-02-11 14:17:54.945292+00:00> GetHands
2022-02-11 14:17:55.487553+00:00> GetHands
2022-02-11 14:17:56.027920+00:00> GetHands
2022-02-11 14:17:56.568836+00:00> GetHands
2022-02-11 14:17:57.104898+00:00> GetHands
2022-02-11 14:17:57.636672+00:00> GetHands
2022-02-11 14:17:58.178983+00:00> GetHands
2022-02-11 14:17:58.708997+00:00> GetHands
2022-02-11 14:17:59.258936+00:00> GetHands
2022-02-11 14:17:59.815535+00:00> GetHands
2022-02-11 14:18:00.360158+00:00> GetHands
2022-02-11 14:19:22.880465+00:00> ConnectUnity
2022-02-11 14:19:22.881465+00:00> Connected
2022-02-11 14:19:22.881465+00:00> SendPID
2022-02-11 14:19:22.886559+00:00> GetPID
2022-02-11 14:19:22.886559+00:00> init_mp
2022-02-11 14:19:22.886559+00:00> set mp_hands
2022-02-11 14:19:22.886559+00:00> set hands
2022-02-11 14:19:22.894720+00:00> end set hands
2022-02-11 14:19:22.894720+00:00> set camera
2022-02-11 14:19:23.826503+00:00> end set camera
2022-02-11 14:19:23.826503+00:00> End init_mp
2022-02-11 14:19:23.826503+00:00> GetHands
2022-02-11 14:19:24.814859+00:00> GetHands
2022-02-11 14:19:25.348990+00:00> GetHands
2022-02-11 14:19:25.910964+00:00> GetHands
2022-02-11 14:19:26.456434+00:00> GetHands
2022-02-11 14:19:27.002730+00:00> GetHands
2022-02-11 14:19:27.545763+00:00> GetHands
2022-02-11 14:19:28.088735+00:00> GetHands
2022-02-11 14:19:28.632181+00:00> GetHands
2022-02-11 14:19:29.172742+00:00> GetHands
2022-02-11 14:19:29.703623+00:00> GetHands
2022-02-11 14:19:30.246963+00:00> GetHands
2022-02-11 14:19:30.788782+00:00> GetHands
2022-02-11 14:19:31.336435+00:00> GetHands
2022-02-11 14:19:31.880371+00:00> GetHands
2022-02-11 14:19:32.427745+00:00> GetHands
2022-02-11 14:19:32.974880+00:00> GetHands
2022-02-11 14:19:33.509024+00:00> GetHands
2022-02-11 14:19:34.052581+00:00> GetHands
2022-02-11 14:19:34.598524+00:00> GetHands
2022-02-11 14:19:35.142668+00:00> GetHands
2022-02-11 14:19:35.687392+00:00> GetHands
2022-02-11 14:19:36.216686+00:00> GetHands
2022-02-11 14:19:36.761217+00:00> GetHands
2022-02-11 14:19:37.303106+00:00> GetHands
2022-02-11 14:19:37.844433+00:00> GetHands
2022-02-11 14:19:38.385918+00:00> GetHands
2022-02-11 14:19:38.928567+00:00> GetHands
2022-02-11 14:19:39.472138+00:00> GetHands
2022-02-11 14:19:40.016435+00:00> GetHands
2022-02-11 14:19:40.556136+00:00> GetHands
2022-02-11 14:19:41.089472+00:00> GetHands
2022-02-11 14:19:41.634851+00:00> GetHands
2022-02-11 14:19:42.178849+00:00> GetHands
2022-02-11 14:19:42.722583+00:00> GetHands
2022-02-11 14:19:43.268546+00:00> GetHands
2022-02-11 14:19:43.810472+00:00> GetHands
2022-02-11 14:19:44.356426+00:00> GetHands
2022-02-11 14:19:44.897927+00:00> GetHands
2022-02-11 14:19:45.443640+00:00> GetHands
2022-02-11 14:19:45.983649+00:00> GetHands
2022-02-11 14:19:46.527562+00:00> GetHands
2022-02-11 14:19:47.071890+00:00> GetHands
2022-02-11 14:19:47.617880+00:00> GetHands
2022-02-11 14:19:48.163306+00:00> GetHands
2022-02-11 14:19:48.706622+00:00> GetHands
2022-02-11 14:19:49.251989+00:00> GetHands
2022-02-11 14:19:49.797539+00:00> GetHands
2022-02-11 14:19:50.330572+00:00> GetHands
2022-02-11 14:19:50.872852+00:00> GetHands
2022-02-11 14:19:51.405563+00:00> GetHands
2022-02-11 14:19:51.933713+00:00> GetHands
2022-02-11 14:19:52.478619+00:00> GetHands
2022-02-11 14:19:53.026186+00:00> GetHands
2022-02-11 14:19:53.569918+00:00> GetHands
2022-02-11 14:19:54.111716+00:00> GetHands
2022-02-11 14:19:54.670699+00:00> GetHands
2022-02-11 14:19:55.215287+00:00> GetHands
2022-02-11 14:19:55.749156+00:00> GetHands
2022-02-11 14:19:56.294042+00:00> GetHands
2022-02-11 14:19:56.837383+00:00> GetHands
2022-02-11 14:19:57.397373+00:00> GetHands
2022-02-11 14:19:57.939873+00:00> GetHands
2022-02-11 14:19:58.486235+00:00> GetHands
2022-02-11 14:19:59.030938+00:00> GetHands
2022-02-11 14:19:59.576383+00:00> GetHands
2022-02-11 14:20:00.115122+00:00> GetHands
2022-02-11 14:20:00.661611+00:00> GetHands
2022-02-11 14:20:01.202919+00:00> GetHands
2022-02-11 14:20:01.748669+00:00> GetHands
2022-02-11 14:20:02.290897+00:00> GetHands
2022-02-11 14:20:02.832873+00:00> GetHands
2022-02-11 14:20:03.377205+00:00> GetHands
2022-02-11 14:20:03.921973+00:00> GetHands
2022-02-11 14:20:04.464306+00:00> GetHands
2022-02-11 14:20:05.009061+00:00> GetHands
2022-02-11 14:20:05.552009+00:00> GetHands
2022-02-11 14:20:06.099230+00:00> GetHands
2022-02-11 14:20:06.645247+00:00> GetHands
2022-02-11 14:20:07.192761+00:00> GetHands
2022-02-11 14:20:07.734644+00:00> GetHands
2022-02-11 14:20:08.279434+00:00> GetHands
2022-02-11 14:20:08.825454+00:00> GetHands
2022-02-11 14:20:09.369012+00:00> GetHands
2022-02-11 14:20:09.944136+00:00> GetHands
2022-02-11 14:20:10.488134+00:00> GetHands
2022-02-11 14:20:11.031139+00:00> GetHands
2022-02-11 14:20:11.572097+00:00> GetHands
2022-02-11 14:20:12.102808+00:00> GetHands
2022-02-11 14:20:12.644818+00:00> GetHands
2022-02-11 14:20:13.186332+00:00> GetHands
2022-02-11 14:20:13.729107+00:00> GetHands
2022-02-11 14:20:14.273818+00:00> GetHands
2022-02-11 14:20:14.835671+00:00> GetHands
2022-02-11 14:20:15.380607+00:00> GetHands
2022-02-11 14:20:15.943329+00:00> GetHands
2022-02-11 14:20:16.490841+00:00> GetHands
2022-02-11 14:20:17.032023+00:00> GetHands
2022-02-11 14:20:17.573382+00:00> GetHands
2022-02-11 14:20:18.116604+00:00> GetHands
2022-02-11 14:20:18.649259+00:00> GetHands
2022-02-11 14:20:19.190716+00:00> GetHands
2022-02-11 14:20:19.724197+00:00> GetHands
2022-02-11 14:20:20.269861+00:00> GetHands
2022-02-11 14:20:20.814106+00:00> GetHands
2022-02-11 14:20:21.356218+00:00> GetHands
2022-02-11 14:20:21.902517+00:00> GetHands
2022-02-11 14:20:22.434910+00:00> GetHands
2022-02-11 14:20:22.979775+00:00> GetHands
2022-02-11 14:20:23.513575+00:00> GetHands
2022-02-11 14:20:24.060683+00:00> GetHands
2022-02-11 14:20:24.611799+00:00> GetHands
2022-02-11 14:20:25.173539+00:00> GetHands
2022-02-11 14:20:25.715524+00:00> GetHands
2022-02-11 14:20:26.247166+00:00> GetHands
2022-02-11 14:20:26.792090+00:00> GetHands
2022-02-11 14:20:27.323987+00:00> GetHands
2022-02-11 14:20:27.867908+00:00> GetHands
2022-02-11 14:20:28.413834+00:00> GetHands
2022-02-11 14:20:28.945650+00:00> GetHands
2022-02-11 14:20:29.490084+00:00> GetHands
2022-02-11 14:20:30.025609+00:00> GetHands
2022-02-11 14:20:30.570302+00:00> GetHands
2022-02-11 14:20:31.116774+00:00> GetHands
2022-02-11 14:20:31.665699+00:00> GetHands
2022-02-11 14:20:32.209507+00:00> GetHands
2022-02-11 14:20:32.753177+00:00> GetHands
2022-02-11 14:20:33.299520+00:00> GetHands
2022-02-11 14:20:33.842494+00:00> GetHands
2022-02-11 14:20:34.386585+00:00> GetHands
2022-02-11 14:20:34.929940+00:00> GetHands
2022-02-11 14:20:35.476458+00:00> GetHands
2022-02-11 14:20:36.021340+00:00> GetHands
2022-02-11 14:20:36.566986+00:00> GetHands
2022-02-11 14:20:37.114286+00:00> GetHands
2022-02-11 14:20:37.659030+00:00> GetHands
2022-02-11 14:20:38.199483+00:00> GetHands
2022-02-11 14:20:38.753509+00:00> GetHands
2022-02-11 14:20:39.294461+00:00> GetHands
2022-02-11 14:25:12.526265+00:00> ConnectUnity
2022-02-11 14:25:12.526265+00:00> Connected
2022-02-11 14:25:12.527266+00:00> SendPID
2022-02-11 14:25:12.531267+00:00> GetPID
2022-02-11 14:25:12.531267+00:00> init_mp
2022-02-11 14:25:12.531267+00:00> set mp_hands
2022-02-11 14:25:12.531267+00:00> set hands
2022-02-11 14:25:12.539266+00:00> end set hands
2022-02-11 14:25:12.539266+00:00> set camera
2022-02-11 14:25:13.333461+00:00> end set camera
2022-02-11 14:25:13.333461+00:00> End init_mp
2022-02-11 14:25:13.333461+00:00> GetHands
2022-02-11 14:25:14.470415+00:00> GetHands
2022-02-11 14:25:15.005923+00:00> GetHands
2022-02-11 14:25:15.542319+00:00> GetHands
2022-02-11 14:25:16.100714+00:00> GetHands
2022-02-11 14:25:16.646228+00:00> GetHands
2022-02-11 14:25:17.190174+00:00> GetHands
2022-02-11 14:25:17.721952+00:00> GetHands
2022-02-11 14:25:18.266120+00:00> GetHands
2022-02-11 14:25:18.809539+00:00> GetHands
2022-02-11 14:25:19.341329+00:00> GetHands
2022-02-11 14:25:19.887341+00:00> GetHands
2022-02-11 14:25:20.416362+00:00> GetHands
2022-02-11 14:25:20.961018+00:00> GetHands
2022-02-11 14:25:21.521992+00:00> GetHands
2022-02-11 14:25:22.067514+00:00> GetHands
2022-02-11 14:25:22.628232+00:00> GetHands
2022-02-11 14:25:23.161172+00:00> GetHands
2022-02-11 14:25:23.701368+00:00> GetHands
2022-02-11 14:25:24.244701+00:00> GetHands
2022-02-11 14:25:24.777311+00:00> GetHands
2022-02-11 14:25:25.336693+00:00> GetHands
2022-02-11 14:25:25.883453+00:00> GetHands
2022-02-11 14:25:26.427247+00:00> GetHands
2022-02-11 14:25:26.961073+00:00> GetHands
2022-02-11 14:25:27.506308+00:00> GetHands
2022-02-11 14:25:28.057461+00:00> GetHands
2022-02-11 14:25:28.588945+00:00> GetHands
2022-02-11 14:25:29.134955+00:00> GetHands
2022-02-11 14:25:29.679884+00:00> GetHands
2022-02-11 14:25:30.212090+00:00> GetHands
2022-02-11 14:25:30.757684+00:00> GetHands
2022-02-11 14:25:31.304123+00:00> GetHands
2022-02-11 14:25:31.864714+00:00> GetHands
2022-02-11 14:25:32.442804+00:00> GetHands
2022-02-11 14:25:32.986418+00:00> GetHands
2022-02-11 14:25:33.525420+00:00> GetHands
2022-02-11 14:25:34.069609+00:00> GetHands
2022-02-11 14:25:34.615088+00:00> GetHands
2022-02-11 14:25:35.162949+00:00> GetHands
2022-02-11 14:25:35.708324+00:00> GetHands
2022-02-11 14:25:36.255594+00:00> GetHands
2022-02-11 14:25:36.798513+00:00> GetHands
2022-02-11 14:25:37.340697+00:00> GetHands
2022-02-11 14:25:37.885149+00:00> GetHands
2022-02-11 14:25:38.430005+00:00> GetHands
2022-02-11 14:25:38.975598+00:00> GetHands
2022-02-11 14:25:39.520338+00:00> GetHands
2022-02-11 14:25:40.067391+00:00> GetHands
2022-02-11 14:25:40.611513+00:00> GetHands
2022-02-11 14:25:41.157137+00:00> GetHands
2022-02-11 14:25:41.697464+00:00> GetHands
2022-02-11 14:25:42.242381+00:00> GetHands
2022-02-11 14:25:42.786739+00:00> GetHands
2022-02-11 14:25:43.332423+00:00> GetHands
2022-02-11 14:25:43.871282+00:00> GetHands
2022-02-11 14:25:44.404894+00:00> GetHands
2022-02-11 14:25:44.947345+00:00> GetHands
2022-02-11 14:25:45.490829+00:00> GetHands
2022-02-11 14:25:46.024249+00:00> GetHands
2022-02-11 14:25:46.583748+00:00> GetHands
2022-02-11 14:25:47.122619+00:00> GetHands
2022-02-11 14:25:47.668320+00:00> GetHands
2022-02-11 14:25:48.214273+00:00> GetHands
2022-02-11 14:25:48.746844+00:00> GetHands
2022-02-11 14:25:49.288246+00:00> GetHands
2022-02-11 14:25:49.836229+00:00> GetHands
2022-02-11 14:25:50.380979+00:00> GetHands
2022-02-11 14:25:50.926303+00:00> GetHands
2022-02-11 14:25:51.470796+00:00> GetHands
2022-02-11 14:25:52.015418+00:00> GetHands
2022-02-11 14:25:52.557592+00:00> GetHands
2022-02-11 14:25:53.100800+00:00> GetHands
2022-02-11 14:25:53.645408+00:00> GetHands
2022-02-11 14:25:54.191751+00:00> GetHands
2022-02-11 14:25:54.727072+00:00> GetHands
2022-02-11 14:25:55.272655+00:00> GetHands
2022-02-11 14:25:55.817054+00:00> GetHands
2022-02-11 14:25:56.363676+00:00> GetHands
2022-02-11 14:25:56.908350+00:00> GetHands
2022-02-11 14:25:57.451268+00:00> GetHands
2022-02-11 14:25:57.992428+00:00> GetHands
2022-02-11 14:25:58.537901+00:00> GetHands
2022-02-11 14:25:59.082840+00:00> GetHands
2022-02-11 14:25:59.627967+00:00> GetHands
2022-02-11 14:26:00.158747+00:00> GetHands
2022-02-11 14:26:00.701072+00:00> GetHands
2022-02-11 14:26:01.243413+00:00> GetHands
2022-02-11 14:26:01.789532+00:00> GetHands
2022-02-11 14:26:02.321777+00:00> GetHands
2022-02-11 14:26:02.862662+00:00> GetHands
2022-02-11 14:26:03.404777+00:00> GetHands
2022-02-11 14:26:03.949708+00:00> GetHands
2022-02-11 14:26:04.495078+00:00> GetHands
2022-02-11 14:26:05.027522+00:00> GetHands
2022-02-11 14:26:05.571878+00:00> GetHands
2022-02-11 14:26:06.101664+00:00> GetHands
2022-02-11 14:35:54.901208+00:00> ConnectUnity
2022-02-11 14:35:54.902209+00:00> Connected
2022-02-11 14:35:54.902209+00:00> SendPID
2022-02-11 14:35:54.907209+00:00> GetPID
2022-02-11 14:35:54.907209+00:00> init_mp
2022-02-11 14:35:54.907209+00:00> set mp_hands
2022-02-11 14:35:54.907209+00:00> set hands
2022-02-11 14:35:54.915209+00:00> end set hands
2022-02-11 14:35:54.915209+00:00> set camera
2022-02-11 14:35:55.756479+00:00> end set camera
2022-02-11 14:35:55.756479+00:00> End init_mp
2022-02-11 14:35:55.756479+00:00> GetHands
2022-02-11 14:35:56.869043+00:00> GetHands
2022-02-11 14:35:57.414061+00:00> GetHands
2022-02-11 14:35:57.957878+00:00> GetHands
2022-02-11 14:35:58.491346+00:00> GetHands
2022-02-11 14:35:59.067974+00:00> GetHands
2022-02-11 14:35:59.613689+00:00> GetHands
2022-02-11 14:36:00.155381+00:00> GetHands
2022-02-11 14:36:00.699771+00:00> GetHands
2022-02-11 14:36:01.244439+00:00> GetHands
2022-02-11 14:36:01.790687+00:00> GetHands
2022-02-11 14:36:02.337864+00:00> GetHands
2022-02-11 14:36:02.864454+00:00> GetHands
2022-02-11 14:36:03.412442+00:00> GetHands
2022-02-11 14:36:03.956745+00:00> GetHands
2022-02-11 14:36:04.488461+00:00> GetHands
2022-02-11 14:36:05.033910+00:00> GetHands
2022-02-11 14:36:05.575411+00:00> GetHands
2022-02-11 14:36:06.121128+00:00> GetHands
2022-02-11 14:36:06.665260+00:00> GetHands
2022-02-11 14:36:07.196825+00:00> GetHands
2022-02-11 14:36:07.730069+00:00> GetHands
2022-02-11 14:36:08.261071+00:00> GetHands
2022-02-11 14:36:37.797247+00:00> ConnectUnity
2022-02-11 14:36:37.798220+00:00> Connected
2022-02-11 14:36:37.798602+00:00> SendPID
2022-02-11 14:36:37.802260+00:00> GetPID
2022-02-11 14:36:37.802260+00:00> init_mp
2022-02-11 14:36:37.802260+00:00> set mp_hands
2022-02-11 14:36:37.802260+00:00> set hands
2022-02-11 14:36:37.810292+00:00> end set hands
2022-02-11 14:36:37.810292+00:00> set camera
2022-02-11 14:36:38.592115+00:00> end set camera
2022-02-11 14:36:38.592115+00:00> End init_mp
2022-02-11 14:36:38.592115+00:00> GetHands
2022-02-11 14:36:39.684403+00:00> GetHands
2022-02-11 14:36:40.218452+00:00> GetHands
2022-02-11 14:36:40.764971+00:00> GetHands
2022-02-11 14:36:41.311265+00:00> GetHands
2022-02-11 14:36:41.858149+00:00> GetHands
2022-02-11 14:36:42.405949+00:00> GetHands
2022-02-11 14:36:42.936577+00:00> GetHands
2022-02-11 14:36:43.468235+00:00> GetHands
2022-02-11 14:36:44.002242+00:00> GetHands
2022-02-11 14:36:44.538313+00:00> GetHands
2022-02-11 14:36:45.073371+00:00> GetHands
2022-02-11 14:36:45.611470+00:00> GetHands
2022-02-11 14:36:46.144004+00:00> GetHands
2022-02-11 14:36:46.682913+00:00> GetHands
2022-02-11 14:36:47.216480+00:00> GetHands
2022-02-11 14:36:47.759315+00:00> GetHands
2022-02-11 14:36:48.308854+00:00> GetHands
2022-02-11 14:36:48.854184+00:00> GetHands
2022-02-11 14:36:49.399055+00:00> GetHands
2022-02-11 14:36:49.930852+00:00> GetHands
2022-02-11 14:36:50.472889+00:00> GetHands
2022-02-11 14:36:51.033288+00:00> GetHands
2022-02-11 14:36:51.578817+00:00> GetHands
2022-02-11 14:36:52.122178+00:00> GetHands
2022-02-11 14:37:55.917831+00:00> ConnectUnity
2022-02-11 14:37:55.918830+00:00> Connected
2022-02-11 14:37:55.918830+00:00> SendPID
2022-02-11 14:37:55.922830+00:00> GetPID
2022-02-11 14:37:55.923834+00:00> init_mp
2022-02-11 14:37:55.923834+00:00> set mp_hands
2022-02-11 14:37:55.923834+00:00> set hands
2022-02-11 14:37:55.931832+00:00> end set hands
2022-02-11 14:37:55.931832+00:00> set camera
2022-02-11 14:37:56.738508+00:00> end set camera
2022-02-11 14:37:56.738508+00:00> End init_mp
2022-02-11 14:37:56.738508+00:00> GetHands
2022-02-11 14:37:57.877219+00:00> GetHands
2022-02-11 14:37:58.421628+00:00> GetHands
2022-02-11 14:37:58.967799+00:00> GetHands
2022-02-11 14:37:59.511533+00:00> GetHands
2022-02-11 14:38:00.057523+00:00> GetHands
2022-02-11 14:38:00.602463+00:00> GetHands
2022-02-11 14:38:01.147974+00:00> GetHands
2022-02-11 14:38:01.678988+00:00> GetHands
2022-02-11 14:38:02.225717+00:00> GetHands
2022-02-11 14:38:02.770602+00:00> GetHands
2022-02-11 14:38:03.305870+00:00> GetHands
2022-02-11 14:38:03.851593+00:00> GetHands
2022-02-11 14:38:04.395697+00:00> GetHands
2022-02-11 14:38:04.958708+00:00> GetHands
2022-02-11 14:38:05.506369+00:00> GetHands
2022-02-11 14:38:06.039801+00:00> GetHands
2022-02-11 14:38:06.581943+00:00> GetHands
2022-02-11 14:38:07.113868+00:00> GetHands
2022-02-11 14:38:07.645680+00:00> GetHands
2022-02-11 14:38:08.191724+00:00> GetHands
2022-02-11 14:38:08.729529+00:00> GetHands
2022-02-11 14:38:09.275559+00:00> GetHands
2022-02-11 14:38:09.805562+00:00> GetHands
2022-02-11 14:38:10.350299+00:00> GetHands
2022-02-11 14:38:10.882904+00:00> GetHands
2022-02-11 14:38:11.411956+00:00> GetHands
2022-02-11 14:38:11.954727+00:00> GetHands
2022-02-11 14:38:12.498346+00:00> GetHands
2022-02-11 14:39:15.471434+00:00> ConnectUnity
2022-02-11 14:39:15.471434+00:00> Connected
2022-02-11 14:39:15.472434+00:00> SendPID
2022-02-11 14:39:15.476434+00:00> GetPID
2022-02-11 14:39:15.476434+00:00> init_mp
2022-02-11 14:39:15.476434+00:00> set mp_hands
2022-02-11 14:39:15.476434+00:00> set hands
2022-02-11 14:39:15.484434+00:00> end set hands
2022-02-11 14:39:15.484434+00:00> set camera
2022-02-11 14:39:16.272653+00:00> end set camera
2022-02-11 14:39:16.272653+00:00> End init_mp
2022-02-11 14:39:16.272653+00:00> GetHands
2022-02-11 14:39:17.345244+00:00> GetHands
2022-02-11 14:39:17.886352+00:00> GetHands
2022-02-11 14:39:18.427447+00:00> GetHands
2022-02-11 14:39:18.971365+00:00> GetHands
2022-02-11 14:39:19.526239+00:00> GetHands
2022-02-11 14:39:20.105186+00:00> GetHands
2022-02-11 14:39:20.650634+00:00> GetHands
2022-02-11 14:39:21.196487+00:00> GetHands
2022-02-11 14:39:21.741538+00:00> GetHands
2022-02-11 14:39:22.287876+00:00> GetHands
2022-02-11 14:39:22.818343+00:00> GetHands
2022-02-11 14:39:23.360234+00:00> GetHands
2022-02-11 14:39:23.893429+00:00> GetHands
2022-02-11 14:39:24.434188+00:00> GetHands
2022-02-11 14:39:24.966624+00:00> GetHands
2022-02-11 14:39:25.511161+00:00> GetHands
2022-02-11 14:39:26.056202+00:00> GetHands
2022-02-11 14:39:26.594480+00:00> GetHands
2022-02-11 14:39:27.136016+00:00> GetHands
2022-02-11 14:39:27.679133+00:00> GetHands
2022-02-11 14:39:28.222003+00:00> GetHands
2022-02-11 14:39:28.766090+00:00> GetHands
2022-02-11 14:39:29.311161+00:00> GetHands
2022-02-11 14:39:29.853419+00:00> GetHands
2022-02-11 14:39:30.401171+00:00> GetHands
2022-02-11 14:39:30.946436+00:00> GetHands
2022-02-11 14:39:31.496061+00:00> GetHands
2022-02-11 14:39:32.036507+00:00> GetHands
2022-02-11 14:39:32.597801+00:00> GetHands
2022-02-11 14:39:53.738371+00:00> ConnectUnity
2022-02-11 14:39:53.738371+00:00> Connected
2022-02-11 14:39:53.739373+00:00> SendPID
2022-02-11 14:39:53.743370+00:00> GetPID
2022-02-11 14:39:53.743370+00:00> init_mp
2022-02-11 14:39:53.743370+00:00> set mp_hands
2022-02-11 14:39:53.743370+00:00> set hands
2022-02-11 14:39:53.751406+00:00> end set hands
2022-02-11 14:39:53.751406+00:00> set camera
2022-02-11 14:39:54.544217+00:00> end set camera
2022-02-11 14:39:54.544751+00:00> End init_mp
2022-02-11 14:39:54.544751+00:00> GetHands
2022-02-11 14:39:55.626968+00:00> GetHands
2022-02-11 14:39:56.171941+00:00> GetHands
2022-02-11 14:39:56.717307+00:00> GetHands
2022-02-11 14:39:57.294538+00:00> GetHands
2022-02-11 14:39:57.838718+00:00> GetHands
2022-02-11 14:39:58.385257+00:00> GetHands
2022-02-11 14:39:58.926817+00:00> GetHands
2022-02-11 14:39:59.470201+00:00> GetHands
2022-02-11 14:40:00.014820+00:00> GetHands
2022-02-11 14:40:00.573755+00:00> GetHands
2022-02-11 14:40:01.119779+00:00> GetHands
2022-02-11 14:40:01.666058+00:00> GetHands
2022-02-11 14:40:02.210290+00:00> GetHands
2022-02-11 14:40:02.753586+00:00> GetHands
2022-02-11 14:40:03.299558+00:00> GetHands
2022-02-11 14:41:15.935692+00:00> ConnectUnity
2022-02-11 14:41:15.936693+00:00> Connected
2022-02-11 14:41:15.936693+00:00> SendPID
2022-02-11 14:41:15.940692+00:00> GetPID
2022-02-11 14:41:15.941692+00:00> init_mp
2022-02-11 14:41:15.941692+00:00> set mp_hands
2022-02-11 14:41:15.941692+00:00> set hands
2022-02-11 14:41:15.949693+00:00> end set hands
2022-02-11 14:41:15.949693+00:00> set camera
2022-02-11 14:41:16.767118+00:00> end set camera
2022-02-11 14:41:16.767118+00:00> End init_mp
2022-02-11 14:41:16.767118+00:00> GetHands
2022-02-11 14:41:17.858006+00:00> GetHands
2022-02-11 14:41:18.405095+00:00> GetHands
2022-02-11 14:41:18.950558+00:00> GetHands
2022-02-11 14:41:19.495564+00:00> GetHands
2022-02-11 14:41:20.058518+00:00> GetHands
2022-02-11 14:41:20.603083+00:00> GetHands
2022-02-11 14:41:21.135279+00:00> GetHands
2022-02-11 14:41:21.678406+00:00> GetHands
2022-02-11 14:41:22.223695+00:00> GetHands
2022-02-11 14:41:22.758935+00:00> GetHands
2022-02-11 14:41:23.304038+00:00> GetHands
2022-02-11 14:41:23.850321+00:00> GetHands
2022-02-11 14:41:24.384917+00:00> GetHands
2022-02-11 14:41:24.919438+00:00> GetHands
2022-02-11 14:41:25.451394+00:00> GetHands
2022-02-11 14:41:25.994130+00:00> GetHands
2022-02-11 14:41:26.540032+00:00> GetHands
2022-02-11 14:41:27.085955+00:00> GetHands
2022-02-11 14:41:27.633930+00:00> GetHands
2022-02-11 14:41:28.169401+00:00> GetHands
2022-02-11 14:41:28.703359+00:00> GetHands
2022-02-11 14:41:29.247501+00:00> GetHands
2022-02-11 14:41:29.778463+00:00> GetHands
2022-02-11 15:19:44.878217+00:00> ConnectUnity
2022-02-11 15:19:44.879190+00:00> Connected
2022-02-11 15:19:44.879190+00:00> SendPID
2022-02-11 15:19:44.883218+00:00> GetPID
2022-02-11 15:19:44.884213+00:00> init_mp
2022-02-11 15:19:44.884213+00:00> set mp_hands
2022-02-11 15:19:44.884213+00:00> set hands
2022-02-11 15:19:44.891654+00:00> end set hands
2022-02-11 15:19:44.891654+00:00> set camera
2022-02-11 15:19:45.694887+00:00> end set camera
2022-02-11 15:19:45.694887+00:00> End init_mp
2022-02-11 15:19:45.694887+00:00> GetHands
2022-02-11 15:19:46.695081+00:00> GetHands
2022-02-11 15:19:47.240010+00:00> GetHands
2022-02-11 15:19:47.772047+00:00> GetHands
2022-02-11 15:19:48.333458+00:00> GetHands
2022-02-11 15:19:48.876542+00:00> GetHands
2022-02-11 15:19:49.421997+00:00> GetHands
2022-02-11 15:19:49.965932+00:00> GetHands
2022-02-11 15:19:50.510183+00:00> GetHands
2022-02-11 15:19:51.056524+00:00> GetHands
2022-02-11 15:19:51.601415+00:00> GetHands
2022-02-11 15:19:52.145614+00:00> GetHands
2022-02-11 15:19:52.688839+00:00> GetHands
2022-02-11 15:19:53.230415+00:00> GetHands
2022-02-11 15:19:53.774376+00:00> GetHands
2022-02-11 15:19:54.317665+00:00> GetHands
2022-02-11 15:19:54.862389+00:00> GetHands
2022-02-11 15:19:55.408395+00:00> GetHands
2022-02-11 15:19:55.952651+00:00> GetHands
2022-02-11 15:19:56.498906+00:00> GetHands
2022-02-11 15:19:57.045149+00:00> GetHands
2022-02-11 15:19:57.588683+00:00> GetHands
2022-02-11 15:19:58.135133+00:00> GetHands
2022-02-11 15:19:58.679810+00:00> GetHands
2022-02-11 15:19:59.226283+00:00> GetHands
2022-02-11 15:19:59.768177+00:00> GetHands
2022-02-11 15:20:00.312365+00:00> GetHands
2022-02-11 15:20:00.854395+00:00> GetHands
2022-02-11 15:20:01.399993+00:00> GetHands
2022-02-11 15:20:01.936949+00:00> GetHands
2022-02-11 15:20:02.475858+00:00> GetHands
2022-02-11 15:20:03.021518+00:00> GetHands
2022-02-11 15:20:03.567449+00:00> GetHands
2022-02-11 15:20:04.114120+00:00> GetHands
2022-02-11 15:20:04.658996+00:00> GetHands
2022-02-11 15:20:05.190473+00:00> GetHands
2022-02-11 15:20:05.732488+00:00> GetHands
2022-02-11 15:20:06.277344+00:00> GetHands
2022-02-11 15:20:06.821353+00:00> GetHands
2022-02-11 15:20:07.366037+00:00> GetHands
2022-02-11 15:20:07.907624+00:00> GetHands
2022-02-11 15:20:08.447892+00:00> GetHands
2022-02-11 15:20:08.993313+00:00> GetHands
2022-02-11 15:20:09.536465+00:00> GetHands
2022-02-11 15:20:10.076444+00:00> GetHands
2022-02-11 15:20:10.635957+00:00> GetHands
2022-02-11 15:20:11.178947+00:00> GetHands
2022-02-11 15:20:11.711624+00:00> GetHands
2022-02-11 15:20:12.242361+00:00> GetHands
2022-02-11 15:20:12.772380+00:00> GetHands
2022-02-11 15:20:48.053677+00:00> ConnectUnity
2022-02-11 15:20:48.054678+00:00> Connected
2022-02-11 15:20:48.054678+00:00> SendPID
2022-02-11 15:20:48.058678+00:00> GetPID
2022-02-11 15:20:48.059677+00:00> init_mp
2022-02-11 15:20:48.059677+00:00> set mp_hands
2022-02-11 15:20:48.059677+00:00> set hands
2022-02-11 15:20:48.067676+00:00> end set hands
2022-02-11 15:20:48.067676+00:00> set camera
2022-02-11 15:20:48.836990+00:00> end set camera
2022-02-11 15:20:48.836990+00:00> End init_mp
2022-02-11 15:20:48.836990+00:00> GetHands
2022-02-11 15:20:49.964454+00:00> GetHands
2022-02-11 15:20:50.496767+00:00> GetHands
2022-02-11 15:20:51.045986+00:00> GetHands
2022-02-11 15:20:51.591139+00:00> GetHands
2022-02-11 15:20:52.138381+00:00> GetHands
2022-02-11 15:20:52.671407+00:00> GetHands
2022-02-11 15:20:53.216728+00:00> GetHands
2022-02-11 15:20:53.762556+00:00> GetHands
2022-02-11 15:20:54.309105+00:00> GetHands
2022-02-11 15:20:54.840446+00:00> GetHands
2022-02-11 15:20:55.374096+00:00> GetHands
2022-02-11 15:21:52.883899+00:00> ConnectUnity
2022-02-11 15:21:52.884901+00:00> Connected
2022-02-11 15:21:52.884901+00:00> SendPID
2022-02-11 15:21:52.889762+00:00> GetPID
2022-02-11 15:21:52.889762+00:00> init_mp
2022-02-11 15:21:52.889762+00:00> set mp_hands
2022-02-11 15:21:52.889762+00:00> set hands
2022-02-11 15:21:52.897326+00:00> end set hands
2022-02-11 15:21:52.897326+00:00> set camera
2022-02-11 15:21:53.690050+00:00> end set camera
2022-02-11 15:21:53.690050+00:00> End init_mp
2022-02-11 15:21:53.690050+00:00> GetHands
2022-02-11 15:21:54.812376+00:00> GetHands
2022-02-11 15:21:55.375480+00:00> GetHands
2022-02-11 15:21:55.921381+00:00> GetHands
2022-02-11 15:21:56.458411+00:00> GetHands
2022-02-11 15:21:56.989508+00:00> GetHands
2022-02-11 15:21:57.523626+00:00> GetHands
2022-02-11 15:21:58.060247+00:00> GetHands
2022-02-11 15:21:58.594797+00:00> GetHands
2022-02-11 15:21:59.148888+00:00> GetHands
2022-02-11 15:21:59.683387+00:00> GetHands
2022-02-11 15:22:00.231920+00:00> GetHands
2022-02-11 15:22:00.782792+00:00> GetHands
2022-02-11 15:22:53.749818+00:00> ConnectUnity
2022-02-11 15:22:53.750817+00:00> Connected
2022-02-11 15:22:53.750817+00:00> SendPID
2022-02-11 15:22:53.754817+00:00> GetPID
2022-02-11 15:22:53.755818+00:00> init_mp
2022-02-11 15:22:53.755818+00:00> set mp_hands
2022-02-11 15:22:53.755818+00:00> set hands
2022-02-11 15:22:53.763818+00:00> end set hands
2022-02-11 15:22:53.763818+00:00> set camera
2022-02-11 15:22:54.548866+00:00> end set camera
2022-02-11 15:22:54.548866+00:00> End init_mp
2022-02-11 15:22:54.548866+00:00> GetHands
2022-02-11 15:22:55.643278+00:00> GetHands
2022-02-11 15:22:56.174575+00:00> GetHands
2022-02-11 15:22:56.716843+00:00> GetHands
2022-02-11 15:22:57.260905+00:00> GetHands
2022-02-11 15:22:57.806190+00:00> GetHands
2022-02-11 15:22:58.352008+00:00> GetHands
2022-02-11 15:22:58.897450+00:00> GetHands
2022-02-11 15:27:00.076481+00:00> ConnectUnity
2022-02-11 15:27:00.077481+00:00> Connected
2022-02-11 15:27:00.077481+00:00> SendPID
2022-02-11 15:27:00.082481+00:00> GetPID
2022-02-11 15:27:00.082481+00:00> init_mp
2022-02-11 15:27:00.082481+00:00> set mp_hands
2022-02-11 15:27:00.082481+00:00> set hands
2022-02-11 15:27:00.090991+00:00> end set hands
2022-02-11 15:27:00.090991+00:00> set camera
2022-02-11 15:27:00.865748+00:00> end set camera
2022-02-11 15:27:00.865748+00:00> End init_mp
2022-02-11 15:27:00.865748+00:00> GetHands
2022-02-11 15:27:01.979377+00:00> GetHands
2022-02-11 15:27:02.517161+00:00> GetHands
2022-02-11 15:27:03.060180+00:00> GetHands
2022-02-11 15:27:03.610103+00:00> GetHands
2022-02-11 15:27:04.149176+00:00> GetHands
2022-02-11 15:27:04.681307+00:00> GetHands
2022-02-11 15:27:05.221951+00:00> GetHands
2022-02-11 15:27:05.758613+00:00> GetHands
2022-02-11 15:27:06.290123+00:00> GetHands
2022-02-11 15:27:06.823782+00:00> GetHands
2022-02-11 15:27:07.358305+00:00> GetHands
2022-02-11 15:27:07.892660+00:00> GetHands
2022-02-11 15:27:08.427750+00:00> GetHands
2022-02-11 15:27:08.962461+00:00> GetHands
2022-02-11 15:27:09.495929+00:00> GetHands
2022-02-11 15:27:10.042653+00:00> GetHands
2022-02-11 15:27:10.572878+00:00> GetHands
2022-02-11 15:27:11.105102+00:00> GetHands
2022-02-11 15:27:11.647855+00:00> GetHands
2022-02-11 15:27:12.183465+00:00> GetHands
2022-02-11 15:27:12.719187+00:00> GetHands
2022-02-11 15:27:13.265870+00:00> GetHands
2022-02-11 15:27:13.801450+00:00> GetHands
2022-02-11 15:27:14.336499+00:00> GetHands
2022-02-11 15:27:14.873052+00:00> GetHands
2022-02-11 15:27:15.407633+00:00> GetHands
2022-02-11 15:27:15.953678+00:00> GetHands
2022-02-11 15:27:16.499181+00:00> GetHands
2022-02-11 15:27:17.032914+00:00> GetHands
2022-02-11 15:27:17.567787+00:00> GetHands
2022-02-11 15:27:18.105387+00:00> GetHands
2022-02-11 15:27:18.640527+00:00> GetHands
2022-02-11 15:27:19.174646+00:00> GetHands
2022-02-11 15:27:19.705727+00:00> GetHands
2022-02-11 15:27:20.256274+00:00> GetHands
2022-02-11 15:27:20.807064+00:00> GetHands
2022-02-11 15:27:21.341830+00:00> GetHands
2022-02-11 15:27:21.876994+00:00> GetHands
2022-02-11 15:27:22.413056+00:00> GetHands
2022-02-11 15:27:22.964725+00:00> GetHands
2022-02-11 15:27:23.497842+00:00> GetHands
2022-02-11 15:27:24.045064+00:00> GetHands
2022-02-11 15:27:24.576777+00:00> GetHands
2022-02-11 15:27:25.122076+00:00> GetHands
2022-02-11 15:27:25.657696+00:00> GetHands
2022-02-11 15:27:26.205700+00:00> GetHands
2022-02-11 15:27:26.743278+00:00> GetHands
2022-02-11 15:27:27.275010+00:00> GetHands
2022-02-11 15:27:27.809205+00:00> GetHands
2022-02-11 15:27:28.352865+00:00> GetHands
2022-02-11 15:27:28.899566+00:00> GetHands
2022-02-11 15:27:29.437405+00:00> GetHands
2022-02-11 15:27:29.970527+00:00> GetHands
2022-02-11 15:27:30.507686+00:00> GetHands
2022-02-11 15:27:31.046975+00:00> GetHands
2022-02-11 15:27:31.579690+00:00> GetHands
2022-02-11 15:27:32.117783+00:00> GetHands
2022-02-11 15:27:32.654884+00:00> GetHands
2022-02-11 15:27:33.190411+00:00> GetHands
2022-02-11 15:27:33.728884+00:00> GetHands
2022-02-11 15:27:34.264655+00:00> GetHands
2022-02-11 15:27:34.804180+00:00> GetHands
2022-02-11 15:27:35.337692+00:00> GetHands
2022-02-11 15:27:35.873892+00:00> GetHands
2022-02-11 15:27:36.404980+00:00> GetHands
2022-02-11 15:27:36.940229+00:00> GetHands
2022-02-11 15:27:37.475884+00:00> GetHands
2022-02-11 15:27:38.010578+00:00> GetHands
2022-02-11 15:27:38.545656+00:00> GetHands
2022-02-11 15:27:39.081711+00:00> GetHands
2022-02-11 15:27:39.616343+00:00> GetHands
2022-02-11 15:27:40.165487+00:00> GetHands
2022-02-11 15:27:40.700634+00:00> GetHands
2022-02-11 15:27:41.236196+00:00> GetHands
2022-02-11 15:27:41.775708+00:00> GetHands
2022-02-11 15:27:42.310710+00:00> GetHands
2022-02-11 15:27:42.848501+00:00> GetHands
2022-02-11 15:27:43.385889+00:00> GetHands
2022-02-11 15:27:43.923983+00:00> GetHands
2022-02-11 15:27:44.465493+00:00> GetHands
2022-02-11 15:27:45.001515+00:00> GetHands
2022-02-11 15:27:45.538691+00:00> GetHands
2022-02-11 15:27:46.073937+00:00> GetHands
2022-02-11 15:27:46.610644+00:00> GetHands
2022-02-11 15:27:47.146981+00:00> GetHands
2022-02-11 15:27:47.685609+00:00> GetHands
2022-02-11 15:27:48.222114+00:00> GetHands
2022-02-11 15:27:48.763225+00:00> GetHands
2022-02-11 15:27:49.299376+00:00> GetHands
2022-02-11 15:27:49.834362+00:00> GetHands
2022-02-11 15:27:50.372362+00:00> GetHands
2022-02-11 15:27:50.914924+00:00> GetHands
2022-02-11 15:27:51.450963+00:00> GetHands
2022-02-11 15:27:51.987134+00:00> GetHands
2022-02-11 15:27:52.521285+00:00> GetHands
2022-02-11 15:27:53.057480+00:00> GetHands
2022-02-11 15:27:53.592733+00:00> GetHands
2022-02-11 15:27:54.128667+00:00> GetHands
2022-02-11 15:27:54.665123+00:00> GetHands
2022-02-11 15:27:55.200291+00:00> GetHands
2022-02-11 15:27:55.734943+00:00> GetHands
2022-02-11 15:27:56.271999+00:00> GetHands
2022-02-11 15:27:56.807170+00:00> GetHands
2022-02-11 15:27:57.346262+00:00> GetHands
2022-02-11 15:27:57.896751+00:00> GetHands
2022-02-11 15:27:58.434417+00:00> GetHands
2022-02-11 15:27:58.971559+00:00> GetHands
2022-02-11 15:27:59.509163+00:00> GetHands
2022-02-11 15:28:00.048098+00:00> GetHands
2022-02-11 15:28:00.583719+00:00> GetHands
2022-02-11 15:28:01.123180+00:00> GetHands
2022-02-11 15:28:01.657842+00:00> GetHands
2022-02-11 15:28:02.195177+00:00> GetHands
2022-02-11 15:28:02.733626+00:00> GetHands
2022-02-11 15:28:03.267224+00:00> GetHands
2022-02-11 15:28:03.800329+00:00> GetHands
2022-02-11 15:28:04.337037+00:00> GetHands
2022-02-11 15:28:04.872653+00:00> GetHands
2022-02-11 15:28:05.409215+00:00> GetHands
2022-02-11 15:28:05.944302+00:00> GetHands
2022-02-11 15:28:06.492626+00:00> GetHands
2022-02-11 15:28:07.032777+00:00> GetHands
2022-02-11 15:28:07.569751+00:00> GetHands
2022-02-11 15:28:08.104293+00:00> GetHands
2022-02-11 15:28:08.642010+00:00> GetHands
2022-02-11 15:28:09.182079+00:00> GetHands
2022-02-11 15:28:09.714701+00:00> GetHands
2022-02-11 15:28:10.252226+00:00> GetHands
2022-02-11 15:28:10.790968+00:00> GetHands
2022-02-11 15:28:11.328070+00:00> GetHands
2022-02-11 15:28:11.866646+00:00> GetHands
2022-02-11 15:28:12.416777+00:00> GetHands
2022-02-11 15:28:12.951450+00:00> GetHands
2022-02-11 15:28:13.483897+00:00> GetHands
2022-02-11 15:28:14.020049+00:00> GetHands
2022-02-11 15:28:14.557014+00:00> GetHands
2022-02-11 15:28:15.095922+00:00> GetHands
2022-02-11 15:28:15.632920+00:00> GetHands
2022-02-11 15:28:16.169587+00:00> GetHands
2022-02-11 15:28:16.704096+00:00> GetHands
2022-02-11 15:28:17.236508+00:00> GetHands
2022-02-11 15:28:17.768677+00:00> GetHands
2022-02-11 15:28:18.306848+00:00> GetHands
2022-02-11 15:28:18.843911+00:00> GetHands
2022-02-11 15:28:19.377851+00:00> GetHands
2022-02-11 15:28:19.918359+00:00> GetHands
2022-02-11 15:28:20.453494+00:00> GetHands
2022-02-11 15:28:21.014171+00:00> GetHands
2022-02-11 15:28:21.546871+00:00> GetHands
2022-02-11 15:28:22.078188+00:00> GetHands
2022-02-11 15:28:22.614388+00:00> GetHands
2022-02-11 15:28:23.153428+00:00> GetHands
2022-02-11 15:28:23.687031+00:00> GetHands
2022-02-11 15:28:24.219799+00:00> GetHands
2022-02-11 15:28:24.756826+00:00> GetHands
2022-02-11 15:28:25.295911+00:00> GetHands
2022-02-11 15:28:25.830307+00:00> GetHands
2022-02-11 15:28:26.366874+00:00> GetHands
2022-02-11 15:28:26.902886+00:00> GetHands
2022-02-11 15:28:27.436894+00:00> GetHands
2022-02-11 15:28:27.971467+00:00> GetHands
2022-02-11 15:28:28.527937+00:00> GetHands
2022-02-11 15:28:29.065517+00:00> GetHands
2022-02-11 15:28:29.602630+00:00> GetHands
2022-02-11 15:28:30.136659+00:00> GetHands
2022-02-11 15:28:30.670598+00:00> GetHands
2022-02-11 15:28:31.205769+00:00> GetHands
2022-02-11 15:28:31.758814+00:00> GetHands
2022-02-11 15:28:32.296362+00:00> GetHands
2022-02-11 15:28:32.834058+00:00> GetHands
2022-02-11 15:28:33.389680+00:00> GetHands
2022-02-11 15:28:33.935201+00:00> GetHands
2022-02-11 15:28:34.463856+00:00> GetHands
2022-02-11 15:28:34.996610+00:00> GetHands
2022-02-11 15:28:35.537766+00:00> GetHands
2022-02-11 15:28:36.083752+00:00> GetHands
2022-02-11 15:28:36.615687+00:00> GetHands
2022-02-11 15:28:37.157148+00:00> GetHands
2022-02-11 15:28:37.685081+00:00> GetHands
2022-02-11 15:28:38.230197+00:00> GetHands
2022-02-11 15:28:38.776527+00:00> GetHands
2022-02-11 15:28:39.309960+00:00> GetHands
2022-02-11 15:28:39.840430+00:00> GetHands
2022-02-11 15:28:40.386108+00:00> GetHands
2022-02-11 15:28:40.931362+00:00> GetHands
2022-02-11 15:28:41.475984+00:00> GetHands
2022-02-11 15:30:22.237091+00:00> ConnectUnity
2022-02-11 15:30:22.238093+00:00> Connected
2022-02-11 15:30:22.238093+00:00> SendPID
2022-02-11 15:30:22.242572+00:00> GetPID
2022-02-11 15:30:22.243094+00:00> init_mp
2022-02-11 15:30:22.243094+00:00> set mp_hands
2022-02-11 15:30:22.243094+00:00> set hands
2022-02-11 15:30:22.251116+00:00> end set hands
2022-02-11 15:30:22.251116+00:00> set camera
2022-02-11 15:30:23.039954+00:00> end set camera
2022-02-11 15:30:23.040919+00:00> End init_mp
2022-02-11 15:30:23.040919+00:00> GetHands
2022-02-11 15:30:24.101024+00:00> GetHands
2022-02-11 15:30:24.632479+00:00> GetHands
2022-02-11 15:30:25.191149+00:00> GetHands
2022-02-11 15:30:25.735638+00:00> GetHands
2022-02-11 15:30:26.279904+00:00> GetHands
2022-02-11 15:30:26.820602+00:00> GetHands
2022-02-11 15:30:27.365756+00:00> GetHands
2022-02-11 15:30:27.899349+00:00> GetHands
2022-02-11 15:30:28.443565+00:00> GetHands
2022-02-11 15:30:28.988329+00:00> GetHands
2022-02-11 15:30:29.535680+00:00> GetHands
2022-02-11 15:30:30.077657+00:00> GetHands
2022-02-11 15:30:30.609606+00:00> GetHands
2022-02-11 15:30:31.140759+00:00> GetHands
2022-02-11 15:30:31.685675+00:00> GetHands
2022-02-11 15:30:32.229130+00:00> GetHands
2022-02-11 15:30:32.772917+00:00> GetHands
2022-02-11 15:30:33.319125+00:00> GetHands
2022-02-11 15:30:33.863194+00:00> GetHands
2022-02-11 15:30:34.406619+00:00> GetHands
2022-02-11 15:30:34.950030+00:00> GetHands
2022-02-11 15:30:35.493056+00:00> GetHands
2022-02-11 15:30:36.036626+00:00> GetHands
2022-02-11 15:30:36.581699+00:00> GetHands
2022-02-11 15:30:37.128415+00:00> GetHands
2022-02-11 15:30:37.678381+00:00> GetHands
2022-02-11 15:30:38.224959+00:00> GetHands
2022-02-11 15:30:38.770706+00:00> GetHands
2022-02-11 15:30:39.313825+00:00> GetHands
2022-02-11 15:30:39.858701+00:00> GetHands
2022-02-11 15:30:40.403785+00:00> GetHands
2022-02-11 15:30:40.945491+00:00> GetHands
2022-02-11 15:30:41.487475+00:00> GetHands
2022-02-11 15:30:42.029495+00:00> GetHands
2022-02-11 15:30:42.557062+00:00> GetHands
2022-02-11 15:30:43.102305+00:00> GetHands
2022-02-11 15:30:43.647076+00:00> GetHands
2022-02-11 15:30:44.189174+00:00> GetHands
2022-02-11 15:30:44.735361+00:00> GetHands
2022-02-11 15:30:45.280465+00:00> GetHands
2022-02-11 15:30:45.827010+00:00> GetHands
2022-02-11 15:30:46.372250+00:00> GetHands
2022-02-11 15:30:46.903313+00:00> GetHands
2022-02-11 15:30:47.436585+00:00> GetHands
2022-02-11 15:30:47.974775+00:00> GetHands
2022-02-11 15:30:48.510113+00:00> GetHands
2022-02-11 15:30:49.042272+00:00> GetHands
2022-02-11 15:30:49.585203+00:00> GetHands
2022-02-11 15:30:50.131643+00:00> GetHands
2022-02-11 15:30:50.667454+00:00> GetHands
2022-02-11 15:30:51.198512+00:00> GetHands
2022-02-11 15:30:51.728653+00:00> GetHands
2022-02-11 15:30:52.289351+00:00> GetHands
2022-02-11 15:30:52.834212+00:00> GetHands
2022-02-11 15:30:53.362680+00:00> GetHands
2022-02-11 15:30:53.907894+00:00> GetHands
2022-02-11 15:30:54.439252+00:00> GetHands
2022-02-11 15:30:54.978279+00:00> GetHands
2022-02-11 15:30:55.513342+00:00> GetHands
2022-02-11 15:30:56.058886+00:00> GetHands
2022-02-11 15:30:56.606615+00:00> GetHands
2022-02-11 15:30:57.151977+00:00> GetHands
2022-02-11 15:30:57.685134+00:00> GetHands
2022-02-11 15:30:58.218474+00:00> GetHands
2022-02-11 15:30:58.765060+00:00> GetHands
2022-02-11 15:30:59.310292+00:00> GetHands
2022-02-11 15:30:59.853203+00:00> GetHands
2022-02-11 15:31:00.386942+00:00> GetHands
2022-02-11 15:31:00.930882+00:00> GetHands
2022-02-11 15:31:01.465914+00:00> GetHands
2022-02-11 15:31:02.011137+00:00> GetHands
2022-02-11 15:31:02.553618+00:00> GetHands
2022-02-11 15:31:03.100173+00:00> GetHands
2022-02-11 15:31:03.631721+00:00> GetHands
2022-02-11 15:31:04.178185+00:00> GetHands
2022-02-11 15:31:04.722379+00:00> GetHands
2022-02-11 15:31:05.273826+00:00> GetHands
2022-02-11 15:31:05.821354+00:00> GetHands
2022-02-11 15:31:06.357090+00:00> GetHands
2022-02-11 15:31:06.891852+00:00> GetHands
2022-02-11 15:31:07.424094+00:00> GetHands
2022-02-11 15:31:07.969532+00:00> GetHands
2022-02-11 15:31:08.515717+00:00> GetHands
2022-02-11 15:31:09.060720+00:00> GetHands
2022-02-11 15:31:09.603156+00:00> GetHands
2022-02-11 15:31:10.144522+00:00> GetHands
2022-02-11 15:31:10.679576+00:00> GetHands
2022-02-11 15:31:11.225945+00:00> GetHands
2022-02-11 15:31:11.771337+00:00> GetHands
2022-02-11 15:31:12.319667+00:00> GetHands
2022-02-11 15:31:12.866839+00:00> GetHands
2022-02-11 15:31:13.402903+00:00> GetHands
2022-02-11 15:31:13.937084+00:00> GetHands
2022-02-11 15:31:14.468362+00:00> GetHands
2022-02-11 15:31:15.014496+00:00> GetHands
2022-02-11 15:31:15.556680+00:00> GetHands
2022-02-11 15:31:16.091166+00:00> GetHands
2022-02-11 15:31:16.637070+00:00> GetHands
2022-02-11 15:31:17.184076+00:00> GetHands
2022-02-11 15:31:17.729028+00:00> GetHands
2022-02-11 15:31:18.262088+00:00> GetHands
2022-02-11 15:31:18.806447+00:00> GetHands
2022-02-11 15:31:19.338416+00:00> GetHands
2022-02-11 15:31:19.884532+00:00> GetHands
2022-02-11 15:31:20.432943+00:00> GetHands
2022-02-11 15:31:20.965326+00:00> GetHands
2022-02-11 15:31:21.512261+00:00> GetHands
2022-02-11 15:31:22.045265+00:00> GetHands
2022-02-11 15:31:22.589862+00:00> GetHands
2022-02-11 15:31:23.122460+00:00> GetHands
2022-02-11 15:31:23.653034+00:00> GetHands
2022-02-11 15:31:24.198114+00:00> GetHands
2022-02-11 15:31:24.731920+00:00> GetHands
2022-02-11 15:31:25.276835+00:00> GetHands
2022-02-11 15:31:25.822012+00:00> GetHands
2022-02-11 15:31:26.368067+00:00> GetHands
2022-02-11 15:31:26.898597+00:00> GetHands
2022-02-11 15:31:27.444097+00:00> GetHands
2022-02-11 15:31:27.991454+00:00> GetHands
2022-02-11 15:31:28.536919+00:00> GetHands
2022-02-11 15:31:29.071107+00:00> GetHands
2022-02-11 15:31:29.616599+00:00> GetHands
2022-02-11 15:31:30.163904+00:00> GetHands
2022-02-11 15:31:30.710600+00:00> GetHands
2022-02-11 15:31:31.258504+00:00> GetHands
2022-02-11 15:31:31.802655+00:00> GetHands
2022-02-11 15:31:32.347631+00:00> GetHands
2022-02-11 15:31:32.881334+00:00> GetHands
2022-02-11 15:31:33.414488+00:00> GetHands
2022-02-11 15:31:33.960102+00:00> GetHands
2022-02-11 15:31:34.518517+00:00> GetHands
2022-02-11 15:31:35.078198+00:00> GetHands
2022-02-11 15:31:35.625234+00:00> GetHands
2022-02-11 15:31:36.171008+00:00> GetHands
2022-02-11 15:31:36.717277+00:00> GetHands
2022-02-11 15:31:37.263344+00:00> GetHands
2022-02-11 15:31:37.805004+00:00> GetHands
2022-02-11 15:31:38.338515+00:00> GetHands
2022-02-11 15:31:38.880698+00:00> GetHands
2022-02-11 15:31:39.427161+00:00> GetHands
2022-02-11 15:31:39.974593+00:00> GetHands
2022-02-11 15:31:40.521842+00:00> GetHands
2022-02-11 15:31:41.069041+00:00> GetHands
2022-02-11 15:31:41.612752+00:00> GetHands
2022-02-11 15:31:42.154890+00:00> GetHands
2022-02-11 15:31:42.701966+00:00> GetHands
2022-02-11 15:31:43.245998+00:00> GetHands
2022-02-11 15:31:43.788408+00:00> GetHands
2022-02-11 15:31:44.336271+00:00> GetHands
2022-02-11 15:31:44.881220+00:00> GetHands
2022-02-11 15:31:45.428379+00:00> GetHands
2022-02-11 15:31:45.974200+00:00> GetHands
2022-02-11 15:31:46.521334+00:00> GetHands
2022-02-11 15:31:47.060273+00:00> GetHands
2022-02-11 15:31:47.594169+00:00> GetHands
2022-02-11 15:31:48.140380+00:00> GetHands
2022-02-11 15:31:48.685676+00:00> GetHands
2022-02-11 15:31:49.232350+00:00> GetHands
2022-02-11 15:31:49.778912+00:00> GetHands
2022-02-11 15:31:50.323129+00:00> GetHands
2022-02-11 15:31:50.867938+00:00> GetHands
2022-02-11 15:31:51.411380+00:00> GetHands
2022-02-11 15:31:51.960220+00:00> GetHands
2022-02-11 15:31:52.495056+00:00> GetHands
2022-02-11 15:31:53.026699+00:00> GetHands
2022-02-11 15:31:53.570950+00:00> GetHands
2022-02-11 15:31:54.116702+00:00> GetHands
2022-02-11 15:31:54.662555+00:00> GetHands
2022-02-11 15:31:55.207296+00:00> GetHands
2022-02-11 15:31:55.752189+00:00> GetHands
2022-02-11 15:31:56.298602+00:00> GetHands
2022-02-11 15:31:56.844566+00:00> GetHands
2022-02-11 15:31:57.391202+00:00> GetHands
2022-02-11 15:31:57.936572+00:00> GetHands
2022-02-11 15:31:58.467436+00:00> GetHands
2022-02-11 15:31:59.001279+00:00> GetHands
2022-02-11 15:31:59.546960+00:00> GetHands
2022-02-11 15:32:00.090403+00:00> GetHands
2022-02-11 15:32:00.621686+00:00> GetHands
2022-02-11 15:32:01.166097+00:00> GetHands
2022-02-11 15:32:01.710085+00:00> GetHands
2022-02-11 15:32:02.247020+00:00> GetHands
2022-02-11 15:32:02.793985+00:00> GetHands
2022-02-11 15:32:03.335952+00:00> GetHands
2022-02-11 15:32:03.880890+00:00> GetHands
2022-02-11 15:32:04.426323+00:00> GetHands
2022-02-11 15:32:04.971951+00:00> GetHands
2022-02-11 15:32:05.514790+00:00> GetHands
2022-02-11 15:32:06.061308+00:00> GetHands
2022-02-11 15:32:06.593864+00:00> GetHands
2022-02-11 15:32:07.126090+00:00> GetHands
2022-02-11 15:32:07.670840+00:00> GetHands
2022-02-11 15:32:08.216881+00:00> GetHands
2022-02-11 15:32:08.762227+00:00> GetHands
2022-02-11 15:32:09.307591+00:00> GetHands
2022-02-11 15:32:09.851815+00:00> GetHands
2022-02-11 15:32:10.383391+00:00> GetHands
2022-02-11 15:32:10.925443+00:00> GetHands
2022-02-11 15:32:11.471592+00:00> GetHands
2022-02-11 15:32:12.014338+00:00> GetHands
2022-02-11 15:32:12.558025+00:00> GetHands
2022-02-11 15:32:13.102446+00:00> GetHands
2022-02-11 15:32:13.647084+00:00> GetHands
2022-02-11 15:32:14.195645+00:00> GetHands
2022-02-11 15:32:14.727891+00:00> GetHands
2022-02-11 15:32:15.262261+00:00> GetHands
2022-02-11 15:32:15.791163+00:00> GetHands
2022-02-11 15:32:16.339073+00:00> GetHands
2022-02-11 15:32:16.883841+00:00> GetHands
2022-02-11 15:32:17.444025+00:00> GetHands
2022-02-11 15:32:17.990211+00:00> GetHands
2022-02-11 15:32:18.536834+00:00> GetHands
2022-02-11 15:32:19.083168+00:00> GetHands
2022-02-11 15:32:19.630792+00:00> GetHands
2022-02-11 15:32:20.177682+00:00> GetHands
2022-02-11 15:32:20.722691+00:00> GetHands
2022-02-11 15:32:21.253874+00:00> GetHands
2022-02-11 15:32:21.798299+00:00> GetHands
2022-02-11 15:32:22.343387+00:00> GetHands
2022-02-11 15:32:22.890774+00:00> GetHands
2022-02-11 15:32:23.434530+00:00> GetHands
2022-02-11 15:32:23.979504+00:00> GetHands
2022-02-11 15:32:24.514025+00:00> GetHands
2022-02-11 15:32:25.059033+00:00> GetHands
2022-02-11 15:32:25.605564+00:00> GetHands
2022-02-11 15:32:26.152282+00:00> GetHands
2022-02-11 15:32:26.698750+00:00> GetHands
2022-02-11 15:32:27.244737+00:00> GetHands
2022-02-11 15:32:27.788408+00:00> GetHands
2022-02-11 15:32:28.334110+00:00> GetHands
2022-02-11 15:32:28.880338+00:00> GetHands
2022-02-11 15:32:29.424266+00:00> GetHands
2022-02-11 15:32:29.966723+00:00> GetHands
2022-02-11 15:32:30.500838+00:00> GetHands
2022-02-11 15:32:31.041768+00:00> GetHands
2022-02-11 15:32:31.574119+00:00> GetHands
2022-02-11 15:32:32.106139+00:00> GetHands
2022-02-11 15:32:32.640520+00:00> GetHands
2022-02-11 15:32:33.178704+00:00> GetHands
2022-02-11 15:32:33.710691+00:00> GetHands
2022-02-11 15:32:34.254486+00:00> GetHands
2022-02-11 15:32:34.801293+00:00> GetHands
2022-02-11 15:32:35.344402+00:00> GetHands
2022-02-11 15:32:35.877957+00:00> GetHands
2022-02-11 15:32:36.412319+00:00> GetHands
2022-02-11 15:32:36.954068+00:00> GetHands
2022-02-11 15:32:37.500368+00:00> GetHands
2022-02-11 15:32:38.043575+00:00> GetHands
2022-02-11 15:32:38.590100+00:00> GetHands
2022-02-11 15:32:39.135997+00:00> GetHands
2022-02-11 15:32:39.680403+00:00> GetHands
2022-02-11 15:32:40.225748+00:00> GetHands
2022-02-11 15:32:40.758754+00:00> GetHands
2022-02-11 15:32:41.302346+00:00> GetHands
2022-02-11 15:32:41.833890+00:00> GetHands
2022-02-11 15:32:42.380334+00:00> GetHands
2022-02-11 15:32:42.928741+00:00> GetHands
2022-02-11 15:32:43.473049+00:00> GetHands
2022-02-11 15:32:44.019254+00:00> GetHands
2022-02-11 15:32:44.551679+00:00> GetHands
2022-02-11 15:32:45.112254+00:00> GetHands
2022-02-11 15:32:45.658689+00:00> GetHands
2022-02-11 15:32:46.192355+00:00> GetHands
2022-02-11 15:32:46.726972+00:00> GetHands
2022-02-11 15:49:54.218442+00:00> init_mp
2022-02-11 15:49:54.218442+00:00> set mp_hands
2022-02-11 15:49:54.218442+00:00> set hands
2022-02-11 15:49:54.231621+00:00> end set hands
2022-02-11 15:49:54.231621+00:00> set camera
2022-02-11 15:49:55.172797+00:00> end set camera
2022-02-11 15:49:55.172797+00:00> End init_mp
2022-02-11 15:49:55.172797+00:00> GetHands
2022-02-11 15:49:56.281539+00:00> GetHands
2022-02-11 15:49:56.823350+00:00> GetHands
2022-02-11 15:49:57.382368+00:00> GetHands
2022-02-11 15:49:57.928212+00:00> GetHands
2022-02-11 15:49:58.471740+00:00> GetHands
2022-02-11 15:49:59.016561+00:00> GetHands
2022-02-11 15:49:59.561562+00:00> GetHands
2022-02-11 15:50:00.092837+00:00> GetHands
2022-02-11 15:50:00.639061+00:00> GetHands
2022-02-11 15:50:01.182727+00:00> GetHands
2022-02-11 15:50:01.715606+00:00> GetHands
2022-02-11 15:50:02.261501+00:00> GetHands
2022-02-11 15:50:02.805979+00:00> GetHands
2022-02-11 15:50:03.351596+00:00> GetHands
2022-02-11 15:50:03.898283+00:00> GetHands
2022-02-11 15:50:04.442907+00:00> GetHands
2022-02-11 15:50:04.972418+00:00> GetHands
2022-02-11 15:50:05.533032+00:00> GetHands
2022-02-11 15:50:06.093366+00:00> GetHands
2022-02-11 15:50:06.639678+00:00> GetHands
2022-02-11 15:50:07.200150+00:00> GetHands
2022-02-11 15:50:07.743348+00:00> GetHands
2022-02-11 15:50:08.289662+00:00> GetHands
2022-02-11 15:50:08.832880+00:00> GetHands
2022-02-11 15:50:09.375886+00:00> GetHands
2022-02-11 15:50:09.937358+00:00> GetHands
2022-02-11 15:50:10.482215+00:00> GetHands
2022-02-11 15:50:11.013070+00:00> GetHands
2022-02-11 15:50:11.556186+00:00> GetHands
2022-02-11 15:50:12.101688+00:00> GetHands
2022-02-11 15:50:12.633572+00:00> GetHands
2022-02-11 15:50:13.163197+00:00> GetHands
2022-02-11 15:50:13.708173+00:00> GetHands
2022-02-11 15:50:14.240044+00:00> GetHands
2022-02-11 15:50:14.783091+00:00> GetHands
2022-02-11 15:50:15.329074+00:00> GetHands
2022-02-11 15:50:15.873751+00:00> GetHands
2022-02-11 15:50:16.405623+00:00> GetHands
2022-02-11 15:50:16.936822+00:00> GetHands
2022-02-11 15:50:17.480398+00:00> GetHands
2022-02-11 15:50:18.008457+00:00> GetHands
2022-02-11 15:50:18.540010+00:00> GetHands
2022-02-11 15:50:19.101054+00:00> GetHands
2022-02-11 15:50:19.633007+00:00> GetHands
2022-02-11 15:50:20.192039+00:00> GetHands
2022-02-11 15:50:20.735943+00:00> GetHands
2022-02-11 15:50:21.285145+00:00> GetHands
2022-02-11 15:50:21.820950+00:00> GetHands
2022-02-11 15:50:22.351651+00:00> GetHands
2022-02-11 15:50:22.900799+00:00> GetHands
2022-02-11 15:50:23.434813+00:00> GetHands
2022-02-11 15:50:23.968347+00:00> GetHands
2022-02-11 15:50:24.513138+00:00> GetHands
2022-02-11 15:50:25.059900+00:00> GetHands
2022-02-11 15:50:25.605151+00:00> GetHands
2022-02-11 15:50:26.142629+00:00> GetHands
2022-02-11 15:50:26.675573+00:00> GetHands
2022-02-11 15:50:27.208767+00:00> GetHands
2022-02-11 15:50:27.752377+00:00> GetHands
2022-02-11 15:50:28.283719+00:00> GetHands
2022-02-11 15:50:28.819876+00:00> GetHands
2022-02-11 15:50:29.355035+00:00> GetHands
2022-02-11 15:50:29.901995+00:00> GetHands
2022-02-11 15:50:30.436609+00:00> GetHands
2022-02-11 15:50:30.975942+00:00> GetHands
2022-02-11 15:50:31.514556+00:00> GetHands
2022-02-11 15:50:32.046897+00:00> GetHands
2022-02-11 15:50:32.585457+00:00> GetHands
2022-02-11 15:50:33.129185+00:00> GetHands
2022-02-11 15:50:33.663397+00:00> GetHands
2022-02-11 15:50:34.197712+00:00> GetHands
2022-02-11 15:50:34.731869+00:00> GetHands
2022-02-11 15:50:35.273890+00:00> GetHands
2022-02-11 15:50:35.819383+00:00> GetHands
2022-02-11 15:50:36.363185+00:00> GetHands
2022-02-11 15:50:36.909683+00:00> GetHands
2022-02-11 15:50:37.452465+00:00> GetHands
2022-02-11 15:50:37.993762+00:00> GetHands
2022-02-11 15:50:38.540376+00:00> GetHands
2022-02-11 15:50:39.082566+00:00> GetHands
2022-02-11 15:50:39.642213+00:00> GetHands
2022-02-11 15:50:40.172721+00:00> GetHands
2022-02-11 15:50:40.703697+00:00> GetHands
2022-02-11 15:50:41.238807+00:00> GetHands
2022-02-11 15:50:41.781125+00:00> GetHands
2022-02-11 15:50:42.324767+00:00> GetHands
2022-02-11 15:50:42.855871+00:00> GetHands
2022-02-11 15:50:43.398631+00:00> GetHands
2022-02-11 15:50:43.943322+00:00> GetHands
2022-02-11 15:50:44.475767+00:00> GetHands
2022-02-11 15:50:45.008043+00:00> GetHands
2022-02-11 15:50:45.539953+00:00> GetHands
2022-02-11 15:50:46.072606+00:00> GetHands
2022-02-11 15:50:51.331895+00:00> init_mp
2022-02-11 15:50:51.331895+00:00> set mp_hands
2022-02-11 15:50:51.331895+00:00> set hands
2022-02-11 15:50:51.339868+00:00> end set hands
2022-02-11 15:50:51.339868+00:00> set camera
2022-02-11 15:50:52.061521+00:00> end set camera
2022-02-11 15:50:52.061521+00:00> End init_mp
2022-02-11 15:50:52.061521+00:00> GetHands
2022-02-11 15:50:53.064165+00:00> GetHands
2022-02-11 15:50:53.607889+00:00> GetHands
2022-02-11 15:50:54.153119+00:00> GetHands
2022-02-11 15:50:54.714180+00:00> GetHands
2022-02-11 15:50:55.258805+00:00> GetHands
2022-02-11 15:50:55.803348+00:00> GetHands
2022-02-11 15:50:56.344348+00:00> GetHands
2022-02-11 15:50:56.885711+00:00> GetHands
2022-02-11 15:50:57.418487+00:00> GetHands
2022-02-11 15:50:57.962469+00:00> GetHands
2022-02-11 15:50:58.512945+00:00> GetHands
2022-02-11 15:50:59.058549+00:00> GetHands
2022-02-11 15:50:59.603394+00:00> GetHands
2022-02-11 15:51:00.133644+00:00> GetHands
2022-02-11 15:51:00.678222+00:00> GetHands
2022-02-11 15:51:01.220366+00:00> GetHands
2022-02-11 15:51:01.763056+00:00> GetHands
2022-02-11 15:51:02.296506+00:00> GetHands
2022-02-11 15:51:02.822171+00:00> GetHands
2022-02-11 15:51:03.364794+00:00> GetHands
2022-02-11 15:51:03.910249+00:00> GetHands
2022-02-11 15:51:04.453315+00:00> GetHands
2022-02-11 15:51:04.987950+00:00> GetHands
2022-02-11 15:51:05.532064+00:00> GetHands
2022-02-11 15:51:06.062242+00:00> GetHands
2022-02-11 15:51:06.592599+00:00> GetHands
2022-02-11 15:51:07.135889+00:00> GetHands
2022-02-11 15:51:07.680918+00:00> GetHands
2022-02-11 15:51:08.224197+00:00> GetHands
2022-02-11 15:51:08.756937+00:00> GetHands
2022-02-11 15:51:09.300702+00:00> GetHands
2022-02-11 15:51:09.844718+00:00> GetHands
2022-02-11 15:51:10.388122+00:00> GetHands
2022-02-11 15:51:10.929879+00:00> GetHands
2022-02-11 15:51:11.463704+00:00> GetHands
2022-02-11 15:51:12.010100+00:00> GetHands
2022-02-11 15:51:12.554198+00:00> GetHands
2022-02-11 15:51:13.097723+00:00> GetHands
2022-02-11 15:51:13.642384+00:00> GetHands
2022-02-11 15:51:14.185837+00:00> GetHands
2022-02-11 15:51:14.717762+00:00> GetHands
2022-02-11 15:51:15.246236+00:00> GetHands
2022-02-11 15:51:15.789205+00:00> GetHands
2022-02-11 15:51:16.322107+00:00> GetHands
2022-02-11 15:51:16.867607+00:00> GetHands
2022-02-11 15:53:02.866616+00:00> ConnectUnity
2022-02-11 15:53:02.867615+00:00> Connected
2022-02-11 15:53:02.868654+00:00> SendPID
2022-02-11 15:53:02.872615+00:00> GetPID
2022-02-11 15:53:02.872615+00:00> init_mp
2022-02-11 15:53:02.872615+00:00> set mp_hands
2022-02-11 15:53:02.872615+00:00> set hands
2022-02-11 15:53:02.884616+00:00> end set hands
2022-02-11 15:53:02.884616+00:00> set camera
2022-02-11 15:53:03.673925+00:00> end set camera
2022-02-11 15:53:03.673925+00:00> End init_mp
2022-02-11 15:53:03.673925+00:00> GetHands
2022-02-11 15:53:04.636138+00:00> GetHands
2022-02-11 15:53:05.185833+00:00> GetHands
2022-02-11 15:53:05.730888+00:00> GetHands
2022-02-11 15:53:06.279034+00:00> GetHands
2022-02-11 15:53:06.824212+00:00> GetHands
2022-02-11 15:53:07.355464+00:00> GetHands
2022-02-11 15:53:07.888640+00:00> GetHands
2022-02-11 15:53:08.419173+00:00> GetHands
2022-02-11 15:53:08.952224+00:00> GetHands
2022-02-11 15:53:09.484246+00:00> GetHands
2022-02-11 15:53:10.029032+00:00> GetHands
2022-02-11 15:53:10.560658+00:00> GetHands
2022-02-11 15:53:11.105794+00:00> GetHands
2022-02-11 15:53:11.635011+00:00> GetHands
2022-02-11 15:53:12.183003+00:00> GetHands
2022-02-11 15:53:12.718369+00:00> GetHands
2022-02-11 15:53:13.264451+00:00> GetHands
2022-02-11 15:53:13.808907+00:00> GetHands
2022-02-11 15:53:14.353632+00:00> GetHands
2022-02-11 15:53:14.899395+00:00> GetHands
2022-02-11 15:53:15.445411+00:00> GetHands
2022-02-11 15:53:15.979686+00:00> GetHands
2022-02-11 15:53:16.537278+00:00> GetHands
2022-02-11 15:53:17.086338+00:00> GetHands
2022-02-11 15:53:17.620706+00:00> GetHands
2022-02-11 15:53:18.173797+00:00> GetHands
2022-02-11 15:53:18.719867+00:00> GetHands
2022-02-11 15:53:19.255879+00:00> GetHands
2022-02-11 15:53:19.787767+00:00> GetHands
2022-02-11 15:53:20.322689+00:00> GetHands
2022-02-11 15:53:20.859299+00:00> GetHands
2022-02-11 15:53:21.393265+00:00> GetHands
2022-02-11 15:53:21.938050+00:00> GetHands
2022-02-11 15:53:22.482612+00:00> GetHands
2022-02-11 15:53:23.014633+00:00> GetHands
2022-02-11 15:53:23.546871+00:00> GetHands
2022-02-11 15:53:24.090023+00:00> GetHands
2022-02-11 15:53:24.622641+00:00> GetHands
2022-02-11 15:53:25.168073+00:00> GetHands
2022-02-11 15:53:25.713705+00:00> GetHands
2022-02-11 15:53:26.248753+00:00> GetHands
2022-02-11 15:53:26.784075+00:00> GetHands
2022-02-11 15:53:27.317519+00:00> GetHands
2022-02-11 15:53:27.855737+00:00> GetHands
2022-02-11 15:53:28.398849+00:00> GetHands
2022-02-11 15:53:28.945323+00:00> GetHands
2022-02-11 15:53:29.476940+00:00> GetHands
2022-02-11 15:53:30.011983+00:00> GetHands
2022-02-11 15:53:30.545962+00:00> GetHands
2022-02-11 15:53:31.078559+00:00> GetHands
2022-02-11 15:53:31.612581+00:00> GetHands
2022-02-11 15:53:32.174160+00:00> GetHands
2022-02-11 15:53:32.733694+00:00> GetHands
2022-02-11 15:53:33.280842+00:00> GetHands
2022-02-11 15:53:33.829436+00:00> GetHands
2022-02-11 15:53:34.372400+00:00> GetHands
2022-02-11 15:53:34.933401+00:00> GetHands
2022-02-11 15:53:35.483945+00:00> GetHands
2022-02-11 15:53:36.033063+00:00> GetHands
2022-02-11 15:53:36.584228+00:00> GetHands
2022-02-11 15:53:37.148539+00:00> GetHands
2022-02-11 15:53:37.697817+00:00> GetHands
2022-02-11 15:53:38.259452+00:00> GetHands
2022-02-11 15:53:38.794790+00:00> GetHands
2022-02-11 15:53:39.338380+00:00> GetHands
2022-02-11 15:53:39.878861+00:00> GetHands
2022-02-11 15:53:40.412188+00:00> GetHands
2022-02-11 15:53:40.955585+00:00> GetHands
2022-02-11 15:53:41.495576+00:00> GetHands
2022-02-11 15:53:42.055637+00:00> GetHands
2022-02-11 15:53:42.602906+00:00> GetHands
2022-02-11 15:53:43.149015+00:00> GetHands
2022-02-11 15:53:43.694650+00:00> GetHands
2022-02-11 15:53:44.238345+00:00> GetHands
2022-02-11 15:53:44.787637+00:00> GetHands
2022-02-11 15:53:45.345866+00:00> GetHands
2022-02-11 15:53:45.916335+00:00> GetHands
2022-02-11 15:53:46.446850+00:00> GetHands
2022-02-11 15:53:46.990531+00:00> GetHands
2022-02-11 15:53:47.535243+00:00> GetHands
2022-02-11 15:53:48.075000+00:00> GetHands
2022-02-11 15:53:48.621617+00:00> GetHands
2022-02-11 15:54:16.583564+00:00> ConnectUnity
2022-02-11 15:54:16.584565+00:00> Connected
2022-02-11 15:54:16.584565+00:00> SendPID
2022-02-11 15:54:16.589564+00:00> GetPID
2022-02-11 15:54:16.589564+00:00> init_mp
2022-02-11 15:54:16.589564+00:00> set mp_hands
2022-02-11 15:54:16.589564+00:00> set hands
2022-02-11 15:54:16.600416+00:00> end set hands
2022-02-11 15:54:16.600564+00:00> set camera
2022-02-11 15:54:17.317407+00:00> end set camera
2022-02-11 15:54:17.317407+00:00> End init_mp
2022-02-11 15:54:17.317407+00:00> GetHands
2022-02-11 15:54:18.337641+00:00> GetHands
2022-02-11 15:54:18.883569+00:00> GetHands
2022-02-11 15:54:19.414581+00:00> GetHands
2022-02-11 15:54:19.966785+00:00> GetHands
2022-02-11 15:54:20.510940+00:00> GetHands
2022-02-11 15:54:21.043446+00:00> GetHands
2022-02-11 15:54:21.572427+00:00> GetHands
2022-02-11 15:54:22.113985+00:00> GetHands
2022-02-11 15:54:22.654182+00:00> GetHands
2022-02-11 15:54:23.199345+00:00> GetHands
2022-02-11 15:54:23.732199+00:00> GetHands
2022-02-11 15:54:24.275723+00:00> GetHands
2022-02-11 15:54:24.818530+00:00> GetHands
2022-02-11 15:54:25.349685+00:00> GetHands
2022-02-11 15:54:25.894782+00:00> GetHands
2022-02-11 15:54:26.439366+00:00> GetHands
2022-02-11 15:54:26.983901+00:00> GetHands
2022-02-11 15:54:27.527693+00:00> GetHands
2022-02-11 15:54:28.061543+00:00> GetHands
2022-02-11 15:54:28.606728+00:00> GetHands
2022-02-11 15:54:29.137709+00:00> GetHands
2022-02-11 15:54:29.680751+00:00> GetHands
2022-02-11 15:54:30.214076+00:00> GetHands
2022-02-11 15:54:30.745389+00:00> GetHands
2022-02-11 15:54:31.307572+00:00> GetHands
2022-02-11 15:54:31.853743+00:00> GetHands
2022-02-11 15:54:32.399189+00:00> GetHands
2022-02-11 15:54:32.945673+00:00> GetHands
2022-02-11 15:54:33.487425+00:00> GetHands
2022-02-11 15:54:34.034466+00:00> GetHands
2022-02-11 15:54:34.579837+00:00> GetHands
2022-02-11 15:54:35.110069+00:00> GetHands
2022-02-11 15:54:35.657631+00:00> GetHands
2022-02-11 15:54:36.219243+00:00> GetHands
2022-02-11 15:54:36.778419+00:00> GetHands
2022-02-11 15:54:37.328525+00:00> GetHands
2022-02-11 15:54:37.887099+00:00> GetHands
2022-02-11 15:54:38.419382+00:00> GetHands
2022-02-11 15:54:38.953759+00:00> GetHands
2022-02-11 15:54:39.499955+00:00> GetHands
2022-02-11 15:54:40.035523+00:00> GetHands
2022-02-11 15:54:40.598106+00:00> GetHands
2022-02-11 15:54:41.158252+00:00> GetHands
2022-02-11 15:54:41.704277+00:00> GetHands
2022-02-11 15:54:42.248877+00:00> GetHands
2022-02-11 15:54:42.796388+00:00> GetHands
2022-02-11 15:54:43.342361+00:00> GetHands
2022-02-11 15:54:43.887652+00:00> GetHands
2022-02-11 15:54:44.431230+00:00> GetHands
2022-02-11 15:54:44.963472+00:00> GetHands
2022-02-11 15:54:45.525397+00:00> GetHands
2022-02-11 15:54:46.073527+00:00> GetHands
2022-02-11 15:54:46.633050+00:00> GetHands
2022-02-11 15:54:47.194016+00:00> GetHands
2022-02-11 15:54:47.739749+00:00> GetHands
2022-02-11 15:54:48.295996+00:00> GetHands
2022-02-11 15:54:48.851304+00:00> GetHands
2022-02-11 15:54:49.410158+00:00> GetHands
2022-02-11 15:54:49.970651+00:00> GetHands
2022-02-11 15:54:50.530708+00:00> GetHands
2022-02-11 15:54:51.077655+00:00> GetHands
2022-02-11 15:54:51.638362+00:00> GetHands
2022-02-11 15:54:52.183456+00:00> GetHands
2022-02-11 15:54:52.741060+00:00> GetHands
2022-02-11 15:54:53.301171+00:00> GetHands
2022-02-11 15:54:53.832315+00:00> GetHands
2022-02-11 15:54:54.378018+00:00> GetHands
2022-02-11 15:54:54.913955+00:00> GetHands
2022-02-11 15:54:55.445553+00:00> GetHands
2022-02-11 15:54:55.979063+00:00> GetHands
2022-02-11 15:54:56.512087+00:00> GetHands
2022-02-11 15:54:57.047051+00:00> GetHands
2022-02-11 15:54:57.604824+00:00> GetHands
2022-02-11 15:54:58.165958+00:00> GetHands
2022-02-11 15:54:58.715477+00:00> GetHands
2022-02-11 15:54:59.260771+00:00> GetHands
2022-02-11 15:54:59.819832+00:00> GetHands
2022-02-11 15:55:00.379640+00:00> GetHands
2022-02-11 15:55:00.927479+00:00> GetHands
2022-02-11 15:55:01.484333+00:00> GetHands
2022-02-11 15:55:02.046128+00:00> GetHands
2022-02-11 15:55:02.593764+00:00> GetHands
2022-02-11 15:55:03.143551+00:00> GetHands
2022-02-11 15:55:03.692918+00:00> GetHands
2022-02-11 15:55:04.225404+00:00> GetHands
2022-02-11 15:55:04.785576+00:00> GetHands
2022-02-11 15:55:05.345313+00:00> GetHands
2022-02-11 15:55:05.907427+00:00> GetHands
2022-02-11 15:55:06.449693+00:00> GetHands
2022-02-11 15:55:07.011090+00:00> GetHands
2022-02-11 15:55:07.572108+00:00> GetHands
2022-02-11 15:55:08.120233+00:00> GetHands
2022-02-11 15:55:08.681575+00:00> GetHands
2022-02-11 15:55:09.242870+00:00> GetHands
2022-02-11 15:55:09.787764+00:00> GetHands
2022-02-11 15:55:10.337220+00:00> GetHands
2022-02-11 15:55:10.896014+00:00> GetHands
2022-02-11 15:55:11.457514+00:00> GetHands
2022-02-11 15:55:12.004471+00:00> GetHands
2022-02-11 15:55:12.566039+00:00> GetHands
2022-02-11 15:55:13.124388+00:00> GetHands
2022-02-11 15:55:13.680055+00:00> GetHands
2022-02-11 15:55:14.227918+00:00> GetHands
2022-02-11 15:55:14.775128+00:00> GetHands
2022-02-11 15:55:15.335259+00:00> GetHands
2022-02-11 15:55:15.877041+00:00> GetHands
2022-02-11 15:55:16.433495+00:00> GetHands
2022-02-11 15:55:16.994341+00:00> GetHands
2022-02-11 15:55:17.544609+00:00> GetHands
2022-02-11 15:55:18.107041+00:00> GetHands
2022-02-11 15:55:18.653200+00:00> GetHands
2022-02-11 15:55:19.199119+00:00> GetHands
2022-02-11 15:55:19.756386+00:00> GetHands
2022-02-11 15:55:20.289100+00:00> GetHands
2022-02-11 15:55:20.821018+00:00> GetHands
2022-02-11 15:55:21.366235+00:00> GetHands
2022-02-11 15:55:21.911839+00:00> GetHands
2022-02-11 15:55:22.455359+00:00> GetHands
2022-02-11 15:55:22.999529+00:00> GetHands
2022-02-11 15:55:23.542639+00:00> GetHands
2022-02-11 15:55:24.085535+00:00> GetHands
2022-02-11 15:55:24.631200+00:00> GetHands
2022-02-11 15:55:25.177536+00:00> GetHands
2022-02-11 15:55:25.723187+00:00> GetHands
2022-02-11 15:55:26.265574+00:00> GetHands
2022-02-11 15:55:26.808217+00:00> GetHands
2022-02-11 15:55:27.354196+00:00> GetHands
2022-02-11 15:55:27.899349+00:00> GetHands
2022-02-11 15:55:28.447362+00:00> GetHands
2022-02-11 15:55:28.992328+00:00> GetHands
2022-02-11 15:55:29.537618+00:00> GetHands
2022-02-11 15:55:30.077732+00:00> GetHands
2022-02-11 15:55:30.624239+00:00> GetHands
2022-02-11 15:55:31.166578+00:00> GetHands
2022-02-11 15:55:31.726943+00:00> GetHands
2022-02-11 15:55:32.266925+00:00> GetHands
2022-02-11 15:55:32.808246+00:00> GetHands
2022-02-11 15:55:33.351118+00:00> GetHands
2022-02-11 15:55:33.893589+00:00> GetHands
2022-02-11 15:55:34.435862+00:00> GetHands
2022-02-11 15:55:34.996201+00:00> GetHands
2022-02-11 15:55:35.540775+00:00> GetHands
2022-02-11 15:55:36.101496+00:00> GetHands
2022-02-11 15:55:36.663401+00:00> GetHands
2022-02-11 15:55:37.206229+00:00> GetHands
2022-02-11 15:55:37.750644+00:00> GetHands
2022-02-11 15:55:38.290208+00:00> GetHands
2022-02-11 15:55:38.852891+00:00> GetHands
2022-02-11 15:55:39.414067+00:00> GetHands
2022-02-11 15:55:39.972818+00:00> GetHands
2022-02-11 15:55:40.515506+00:00> GetHands
2022-02-11 15:55:41.057944+00:00> GetHands
2022-02-11 15:55:41.590692+00:00> GetHands
2022-02-11 15:55:42.134867+00:00> GetHands
2022-02-11 15:55:42.667190+00:00> GetHands
2022-02-11 15:55:43.227191+00:00> GetHands
2022-02-11 15:55:43.783145+00:00> GetHands
2022-02-11 15:55:44.344284+00:00> GetHands
2022-02-11 15:55:44.885505+00:00> GetHands
2022-02-11 15:55:45.430371+00:00> GetHands
2022-02-11 15:55:45.962689+00:00> GetHands
2022-02-11 15:55:46.492139+00:00> GetHands
2022-02-11 15:55:47.052095+00:00> GetHands
2022-02-11 15:55:47.596661+00:00> GetHands
2022-02-11 15:55:48.145492+00:00> GetHands
2022-02-11 15:55:48.702645+00:00> GetHands
2022-02-11 15:55:49.246858+00:00> GetHands
2022-02-11 15:55:49.806903+00:00> GetHands
2022-02-11 15:55:50.366243+00:00> GetHands
2022-02-11 15:55:50.926591+00:00> GetHands
2022-02-11 15:55:51.472903+00:00> GetHands
2022-02-11 15:55:52.014380+00:00> GetHands
2022-02-11 15:55:52.557620+00:00> GetHands
2022-02-11 15:55:53.115173+00:00> GetHands
2022-02-11 15:55:53.660883+00:00> GetHands
2022-02-11 15:55:54.195265+00:00> GetHands
2022-02-11 15:55:54.757399+00:00> GetHands
2022-02-11 15:55:54.804426+00:00> Connection
2022-02-11 16:02:10.504926+00:00> ConnectUnity
2022-02-11 16:02:10.506926+00:00> Connected
2022-02-11 16:02:10.506926+00:00> SendPID
2022-02-11 16:02:10.510931+00:00> GetPID
2022-02-11 16:02:10.510931+00:00> init_mp
2022-02-11 16:02:10.511917+00:00> set mp_hands
2022-02-11 16:02:10.511917+00:00> set hands
2022-02-11 16:02:10.522917+00:00> end set hands
2022-02-11 16:02:10.522917+00:00> set camera
2022-02-11 16:02:11.339118+00:00> end set camera
2022-02-11 16:02:11.339118+00:00> End init_mp
2022-02-11 16:02:11.340144+00:00> GetHands
2022-02-11 16:02:12.384403+00:00> GetHands
2022-02-11 16:02:12.931719+00:00> GetHands
2022-02-11 16:02:13.465025+00:00> GetHands
2022-02-11 16:02:13.994841+00:00> GetHands
2022-02-11 16:02:14.537535+00:00> GetHands
2022-02-11 16:02:16.270904+00:00> GetHands
2022-02-11 16:02:16.817004+00:00> GetHands
2022-02-11 16:02:17.375989+00:00> GetHands
2022-02-11 16:02:17.917811+00:00> GetHands
2022-02-11 16:02:18.455300+00:00> GetHands
2022-02-11 16:02:18.997770+00:00> GetHands
2022-02-11 16:02:19.545292+00:00> GetHands
2022-02-11 16:02:20.090539+00:00> GetHands
2022-02-11 16:02:20.632823+00:00> GetHands
2022-02-11 16:02:21.177840+00:00> GetHands
2022-02-11 16:02:21.737179+00:00> GetHands
2022-02-11 16:02:22.280393+00:00> GetHands
2022-02-11 16:02:22.823652+00:00> GetHands
2022-02-11 16:02:23.356266+00:00> GetHands
2022-02-11 16:02:23.890301+00:00> GetHands
2022-02-11 16:02:24.420410+00:00> GetHands
2022-02-11 16:02:24.964599+00:00> GetHands
2022-02-11 16:02:25.510839+00:00> GetHands
2022-02-11 16:02:26.054648+00:00> GetHands
2022-02-11 16:02:26.598276+00:00> GetHands
2022-02-11 16:02:27.131295+00:00> GetHands
2022-02-11 16:02:27.663355+00:00> GetHands
2022-02-11 16:02:28.209527+00:00> GetHands
2022-02-11 16:02:28.740627+00:00> GetHands
2022-02-11 16:02:29.283061+00:00> GetHands
2022-02-11 16:02:29.816739+00:00> GetHands
2022-02-11 16:02:30.362439+00:00> GetHands
2022-02-11 16:02:30.909398+00:00> GetHands
2022-02-11 16:02:31.455421+00:00> GetHands
2022-02-11 16:02:32.015508+00:00> GetHands
2022-02-11 16:02:32.556986+00:00> GetHands
2022-02-11 16:02:33.089162+00:00> GetHands
2022-02-11 16:02:33.634918+00:00> GetHands
2022-02-11 16:02:34.179533+00:00> GetHands
2022-02-11 16:02:34.728016+00:00> GetHands
2022-02-11 16:02:35.274475+00:00> GetHands
2022-02-11 16:02:35.833268+00:00> GetHands
2022-02-11 16:02:36.377675+00:00> GetHands
2022-02-11 16:02:36.919962+00:00> GetHands
2022-02-11 16:02:37.451757+00:00> GetHands
2022-02-11 16:02:37.995859+00:00> GetHands
2022-02-11 16:02:38.538194+00:00> GetHands
2022-02-11 16:02:39.083673+00:00> GetHands
2022-02-11 16:02:39.646382+00:00> GetHands
2022-02-11 16:02:40.180980+00:00> GetHands
2022-02-11 16:02:40.741662+00:00> GetHands
2022-02-11 16:02:41.278032+00:00> GetHands
2022-02-11 16:02:41.811872+00:00> GetHands
2022-02-11 16:02:42.344896+00:00> GetHands
2022-02-11 16:02:42.881136+00:00> GetHands
2022-02-11 16:02:43.426840+00:00> GetHands
2022-02-11 16:02:43.968576+00:00> GetHands
2022-02-11 16:02:44.500780+00:00> GetHands
2022-02-11 16:02:45.046542+00:00> GetHands
2022-02-11 16:02:45.589828+00:00> GetHands
2022-02-11 16:02:46.123232+00:00> GetHands
2022-02-11 16:02:46.655772+00:00> GetHands
2022-02-11 16:02:47.202059+00:00> GetHands
2022-02-11 16:02:47.733281+00:00> GetHands
2022-02-11 16:02:48.277998+00:00> GetHands
2022-02-11 16:02:48.822152+00:00> GetHands
2022-02-11 16:02:49.356870+00:00> GetHands
2022-02-11 16:02:49.902311+00:00> GetHands
2022-02-11 16:02:50.464104+00:00> GetHands
2022-02-11 16:02:51.008809+00:00> GetHands
2022-02-11 16:02:51.553897+00:00> GetHands
2022-02-11 16:02:52.086180+00:00> GetHands
2022-02-11 16:02:52.617740+00:00> GetHands
2022-02-11 16:02:53.164533+00:00> GetHands
2022-02-11 16:02:53.711501+00:00> GetHands
2022-02-11 16:02:54.262034+00:00> GetHands
2022-02-11 16:02:54.808912+00:00> GetHands
2022-02-11 16:02:55.369477+00:00> GetHands
2022-02-11 16:02:55.917063+00:00> GetHands
2022-02-11 16:02:56.463869+00:00> GetHands
2022-02-11 16:02:57.007210+00:00> GetHands
2022-02-11 16:02:57.541197+00:00> GetHands
2022-02-11 16:02:58.085057+00:00> GetHands
2022-02-11 16:02:58.631798+00:00> GetHands
2022-02-11 16:02:59.177638+00:00> GetHands
2022-02-11 16:02:59.711688+00:00> GetHands
2022-02-11 16:03:00.257049+00:00> GetHands
2022-02-11 16:03:00.804129+00:00> GetHands
2022-02-11 16:03:01.334802+00:00> GetHands
2022-02-11 16:03:01.866881+00:00> GetHands
2022-02-11 16:03:02.411517+00:00> GetHands
2022-02-11 16:03:02.958778+00:00> GetHands
2022-02-11 16:03:03.505933+00:00> GetHands
2022-02-11 16:03:04.051568+00:00> GetHands
2022-02-11 16:03:04.596098+00:00> GetHands
2022-02-11 16:03:05.138027+00:00> GetHands
2022-02-11 16:03:05.682623+00:00> GetHands
2022-02-11 16:03:06.227826+00:00> GetHands
2022-02-11 16:03:06.770337+00:00> GetHands
2022-02-11 16:03:07.303015+00:00> GetHands
2022-02-11 16:03:07.847827+00:00> GetHands
2022-02-11 16:03:08.382667+00:00> GetHands
2022-02-11 16:03:08.917324+00:00> GetHands
2022-02-11 16:03:09.450611+00:00> GetHands
2022-02-11 16:03:09.986378+00:00> GetHands
2022-02-11 16:03:10.531784+00:00> GetHands
2022-02-11 16:03:11.064522+00:00> GetHands
2022-02-11 16:03:11.603715+00:00> GetHands
2022-02-11 16:03:12.135955+00:00> GetHands
2022-02-11 16:03:12.678049+00:00> GetHands
2022-02-11 16:03:13.224881+00:00> GetHands
2022-02-11 16:03:13.769662+00:00> GetHands
2022-02-11 16:03:14.316949+00:00> GetHands
2022-02-11 16:03:14.863224+00:00> GetHands
2022-02-11 16:03:15.409635+00:00> GetHands
2022-02-11 16:03:15.955389+00:00> GetHands
2022-02-11 16:03:16.492073+00:00> GetHands
2022-02-11 16:03:17.026443+00:00> GetHands
2022-02-11 16:03:17.561662+00:00> GetHands
2022-02-11 16:03:18.106860+00:00> GetHands
2022-02-11 16:03:18.652460+00:00> GetHands
2022-02-11 16:03:19.198921+00:00> GetHands
2022-02-11 16:03:19.730515+00:00> GetHands
2022-02-11 16:03:20.276293+00:00> GetHands
2022-02-11 16:03:20.823038+00:00> GetHands
2022-02-11 16:03:21.368773+00:00> GetHands
2022-02-11 16:03:21.914964+00:00> GetHands
2022-02-11 16:03:22.460885+00:00> GetHands
2022-02-11 16:03:22.995087+00:00> GetHands
2022-02-11 16:03:23.538943+00:00> GetHands
2022-02-11 16:03:24.084908+00:00> GetHands
2022-02-11 16:03:24.616060+00:00> GetHands
2022-02-11 16:03:25.147268+00:00> GetHands
2022-02-11 16:03:25.694500+00:00> GetHands
2022-02-11 16:03:26.241061+00:00> GetHands
2022-02-11 16:03:26.787285+00:00> GetHands
2022-02-11 16:03:27.320581+00:00> GetHands
2022-02-11 16:03:27.864108+00:00> GetHands
2022-02-11 16:03:28.395223+00:00> GetHands
2022-02-11 16:03:28.941855+00:00> GetHands
2022-02-11 16:03:29.484761+00:00> GetHands
2022-02-11 16:03:30.016209+00:00> GetHands
2022-02-11 16:03:30.549475+00:00> GetHands
2022-02-11 16:03:31.108922+00:00> GetHands
2022-02-11 16:03:31.668997+00:00> GetHands
2022-02-11 16:03:32.231613+00:00> GetHands
2022-02-11 16:03:32.792095+00:00> GetHands
2022-02-11 16:03:33.335443+00:00> GetHands
2022-02-11 16:03:33.888295+00:00> GetHands
2022-02-11 16:03:34.434583+00:00> GetHands
2022-02-11 16:03:34.981320+00:00> GetHands
2022-02-11 16:03:35.526652+00:00> GetHands
2022-02-11 16:03:36.069991+00:00> GetHands
2022-02-11 16:03:36.601164+00:00> GetHands
2022-02-11 16:03:37.147434+00:00> GetHands
2022-02-11 16:03:37.693763+00:00> GetHands
2022-02-11 16:03:38.239068+00:00> GetHands
2022-02-11 16:03:38.784238+00:00> GetHands
2022-02-11 16:03:39.330376+00:00> GetHands
2022-02-11 16:03:39.875817+00:00> GetHands
2022-02-11 16:03:40.409904+00:00> GetHands
2022-02-11 16:03:40.945224+00:00> GetHands
2022-02-11 16:03:41.477132+00:00> GetHands
2022-02-11 16:03:42.009622+00:00> GetHands
2022-02-11 16:03:42.554123+00:00> GetHands
2022-02-11 16:03:43.101755+00:00> GetHands
2022-02-11 16:03:43.633009+00:00> GetHands
2022-02-11 16:03:44.162414+00:00> GetHands
2022-02-11 16:03:44.697191+00:00> GetHands
2022-02-11 16:03:45.229240+00:00> GetHands
2022-02-11 16:03:45.774308+00:00> GetHands
2022-02-11 16:03:46.313389+00:00> GetHands
2022-02-11 16:03:46.856884+00:00> GetHands
2022-02-11 16:03:47.389770+00:00> GetHands
2022-02-11 16:03:47.933917+00:00> GetHands
2022-02-11 16:03:48.478985+00:00> GetHands
2022-02-11 16:03:49.024883+00:00> GetHands
2022-02-11 16:03:49.570010+00:00> GetHands
2022-02-11 16:03:50.101919+00:00> GetHands
2022-02-11 16:03:50.648550+00:00> GetHands
2022-02-11 16:03:51.179831+00:00> GetHands
2022-02-11 16:03:51.711862+00:00> GetHands
2022-02-11 16:03:52.245929+00:00> GetHands
2022-02-11 16:03:52.776973+00:00> GetHands
2022-02-11 16:03:53.320148+00:00> GetHands
2022-02-11 16:03:53.865929+00:00> GetHands
2022-02-11 16:03:54.411424+00:00> GetHands
2022-02-11 16:03:54.956934+00:00> GetHands
2022-02-11 16:03:55.500125+00:00> GetHands
2022-02-11 16:03:56.047053+00:00> GetHands
2022-02-11 16:03:56.589628+00:00> GetHands
2022-02-11 16:03:57.149082+00:00> GetHands
2022-02-11 16:03:57.682147+00:00> GetHands
2022-02-11 16:03:58.225957+00:00> GetHands
2022-02-11 16:03:58.769278+00:00> GetHands
2022-02-11 16:03:59.313063+00:00> GetHands
2022-02-11 16:03:59.858985+00:00> GetHands
2022-02-11 16:04:00.392631+00:00> GetHands
2022-02-11 16:04:00.926903+00:00> GetHands
2022-02-11 16:04:01.473115+00:00> GetHands
2022-02-11 16:04:02.018701+00:00> GetHands
2022-02-11 16:04:02.564270+00:00> GetHands
2022-02-11 16:04:03.096658+00:00> GetHands
2022-02-11 16:04:03.643567+00:00> GetHands
2022-02-11 16:04:04.179113+00:00> GetHands
2022-02-11 16:04:04.711476+00:00> GetHands
2022-02-11 16:04:05.257464+00:00> GetHands
2022-02-11 16:04:05.803230+00:00> GetHands
2022-02-11 16:04:06.346931+00:00> GetHands
2022-02-11 16:04:06.878171+00:00> GetHands
2022-02-11 16:04:07.420387+00:00> GetHands
2022-02-11 16:04:07.965144+00:00> GetHands
2022-02-11 16:04:08.512035+00:00> GetHands
2022-02-11 16:04:09.055019+00:00> GetHands
2022-02-11 16:04:09.601900+00:00> GetHands
2022-02-11 16:04:10.147995+00:00> GetHands
2022-02-11 16:04:10.683477+00:00> GetHands
2022-02-11 16:04:11.216004+00:00> GetHands
2022-02-11 16:04:11.759524+00:00> GetHands
2022-02-11 16:04:12.294339+00:00> GetHands
2022-02-11 16:04:12.840575+00:00> GetHands
2022-02-11 16:04:13.373989+00:00> GetHands
2022-02-11 16:04:13.919601+00:00> GetHands
2022-02-11 16:04:14.450981+00:00> GetHands
2022-02-11 16:04:14.994639+00:00> GetHands
2022-02-11 16:04:15.538547+00:00> GetHands
2022-02-11 16:04:16.070689+00:00> GetHands
2022-02-11 16:04:16.616118+00:00> GetHands
2022-02-11 16:04:17.147251+00:00> GetHands
2022-02-11 16:04:17.693288+00:00> GetHands
2022-02-11 16:04:18.224929+00:00> GetHands
2022-02-11 16:04:18.757004+00:00> GetHands
2022-02-11 16:04:19.288721+00:00> GetHands
2022-02-11 16:04:19.819727+00:00> GetHands
2022-02-11 16:04:20.349663+00:00> GetHands
2022-02-11 16:04:20.885289+00:00> GetHands
2022-02-11 16:04:21.417685+00:00> GetHands
2022-02-11 16:04:21.950575+00:00> GetHands
2022-02-11 16:04:22.496436+00:00> GetHands
2022-02-11 16:04:23.028794+00:00> GetHands
2022-02-11 16:04:23.561795+00:00> GetHands
2022-02-11 16:04:24.107820+00:00> GetHands
2022-02-11 16:04:24.653357+00:00> GetHands
2022-02-11 16:04:25.198750+00:00> GetHands
2022-02-11 16:04:25.744687+00:00> GetHands
2022-02-11 16:04:26.276774+00:00> GetHands
2022-02-11 16:04:26.822637+00:00> GetHands
2022-02-11 16:04:27.368708+00:00> GetHands
2022-02-11 16:04:27.902414+00:00> GetHands
2022-02-11 16:04:28.434346+00:00> GetHands
2022-02-11 16:04:28.981222+00:00> GetHands
2022-02-11 16:04:29.514829+00:00> GetHands
2022-02-11 16:04:30.058104+00:00> GetHands
2022-02-11 16:04:30.599257+00:00> GetHands
2022-02-11 16:04:31.135398+00:00> GetHands
2022-02-11 16:04:31.669717+00:00> GetHands
2022-02-11 16:04:32.215790+00:00> GetHands
2022-02-11 16:04:32.748306+00:00> GetHands
2022-02-11 16:04:33.282102+00:00> GetHands
2022-02-11 16:04:33.816533+00:00> GetHands
2022-02-11 16:04:34.363368+00:00> GetHands
2022-02-11 16:04:34.909050+00:00> GetHands
2022-02-11 16:04:35.454401+00:00> GetHands
2022-02-11 16:04:35.999029+00:00> GetHands
2022-02-11 16:04:36.544201+00:00> GetHands
2022-02-11 16:04:37.090726+00:00> GetHands
2022-02-11 16:04:37.622798+00:00> GetHands
2022-02-11 16:04:38.155177+00:00> GetHands
2022-02-11 16:04:38.716664+00:00> GetHands
2022-02-11 16:04:39.262410+00:00> GetHands
2022-02-11 16:04:39.793714+00:00> GetHands
2022-02-11 16:04:40.323808+00:00> GetHands
2022-02-11 16:04:40.868885+00:00> GetHands
2022-02-11 16:04:41.428084+00:00> GetHands
2022-02-11 16:04:41.973719+00:00> GetHands
2022-02-11 16:04:42.507648+00:00> GetHands
2022-02-11 16:04:43.053650+00:00> GetHands
2022-02-11 16:04:43.598057+00:00> GetHands
2022-02-11 16:04:44.143509+00:00> GetHands
2022-02-11 16:04:44.678162+00:00> GetHands
2022-02-11 16:04:45.212145+00:00> GetHands
2022-02-11 16:04:45.745544+00:00> GetHands
2022-02-11 16:04:46.290207+00:00> GetHands
2022-02-11 16:04:46.835081+00:00> GetHands
2022-02-11 16:04:47.378982+00:00> GetHands
2022-02-11 16:04:47.912228+00:00> GetHands
2022-02-11 16:04:48.444061+00:00> GetHands
2022-02-11 16:04:48.988227+00:00> GetHands
2022-02-11 16:04:49.531057+00:00> GetHands
2022-02-11 16:04:50.078631+00:00> GetHands
2022-02-11 16:04:50.623462+00:00> GetHands
2022-02-11 16:04:51.167384+00:00> GetHands
2022-02-11 16:04:51.711631+00:00> GetHands
2022-02-11 16:04:52.273571+00:00> GetHands
2022-02-11 16:04:52.823673+00:00> GetHands
2022-02-11 16:04:53.373162+00:00> GetHands
2022-02-11 16:04:53.923223+00:00> GetHands
2022-02-11 16:34:08.951639+00:00> init_mp
2022-02-11 16:34:08.951639+00:00> set mp_hands
2022-02-11 16:34:08.951639+00:00> set hands
2022-02-11 16:34:08.962614+00:00> end set hands
2022-02-11 16:34:08.962614+00:00> set camera
2022-02-11 16:34:09.754860+00:00> end set camera
2022-02-11 16:34:09.754860+00:00> End init_mp
2022-02-11 16:34:09.754860+00:00> GetHands
2022-02-11 16:34:10.765236+00:00> GetHands
2022-02-11 16:34:11.310139+00:00> GetHands
2022-02-11 16:34:11.853167+00:00> GetHands
2022-02-11 16:34:12.398601+00:00> GetHands
2022-02-11 16:34:12.957323+00:00> GetHands
2022-02-11 16:34:13.488810+00:00> GetHands
2022-02-11 16:34:14.029312+00:00> GetHands
2022-02-11 16:34:14.586122+00:00> GetHands
2022-02-11 16:34:15.132980+00:00> GetHands
2022-02-11 16:34:15.679837+00:00> GetHands
2022-02-11 16:34:16.222152+00:00> GetHands
2022-02-11 16:34:16.766973+00:00> GetHands
2022-02-11 16:34:17.302663+00:00> GetHands
2022-02-11 16:34:17.834669+00:00> GetHands
2022-02-11 16:34:18.360391+00:00> GetHands
2022-02-11 16:34:18.903751+00:00> GetHands
2022-02-11 16:34:19.449715+00:00> GetHands
2022-02-11 16:34:19.992777+00:00> GetHands
2022-02-11 16:34:20.536279+00:00> GetHands
2022-02-11 16:34:21.070943+00:00> GetHands
2022-02-11 16:34:21.612636+00:00> GetHands
2022-02-11 16:34:22.157240+00:00> GetHands
2022-02-11 16:34:22.699822+00:00> GetHands
2022-02-11 16:34:23.244973+00:00> GetHands
2022-02-11 16:34:23.786230+00:00> GetHands
2022-02-11 16:34:24.331813+00:00> GetHands
2022-02-11 16:34:24.876512+00:00> GetHands
2022-02-11 16:34:25.420522+00:00> GetHands
2022-02-11 16:34:25.982178+00:00> GetHands
2022-02-11 16:34:26.527344+00:00> GetHands
2022-02-11 16:34:27.071232+00:00> GetHands
2022-02-11 16:34:27.601999+00:00> GetHands
2022-02-11 16:34:28.147228+00:00> GetHands
2022-02-11 16:34:28.693777+00:00> GetHands
2022-02-11 16:34:29.226598+00:00> GetHands
2022-02-11 16:34:29.769957+00:00> GetHands
2022-02-11 16:34:30.311500+00:00> GetHands
2022-02-11 16:34:30.857901+00:00> GetHands
2022-02-11 16:34:31.388676+00:00> GetHands
2022-02-11 16:34:31.931735+00:00> GetHands
2022-02-11 16:34:32.459313+00:00> GetHands
2022-02-11 16:34:33.002641+00:00> GetHands
2022-02-11 16:34:33.527699+00:00> GetHands
2022-02-11 16:34:34.061148+00:00> GetHands
2022-02-11 16:34:34.607524+00:00> GetHands
2022-02-11 16:34:35.136014+00:00> GetHands
2022-02-11 16:34:35.678752+00:00> GetHands
2022-02-11 16:34:36.224377+00:00> GetHands
2022-02-11 16:34:36.758847+00:00> GetHands
2022-02-11 16:34:37.292488+00:00> GetHands
2022-02-11 16:34:37.835559+00:00> GetHands
2022-02-11 16:34:38.366736+00:00> GetHands
2022-02-11 16:34:38.911337+00:00> GetHands
2022-02-11 16:34:39.455147+00:00> GetHands
2022-02-11 16:34:40.000004+00:00> GetHands
2022-02-11 16:34:40.543848+00:00> GetHands
2022-02-11 16:34:41.086194+00:00> GetHands
2022-02-11 16:34:41.617259+00:00> GetHands
2022-02-11 16:34:42.158330+00:00> GetHands
2022-02-11 16:34:42.692480+00:00> GetHands
2022-02-11 16:34:43.227751+00:00> GetHands
2022-02-11 16:34:43.756101+00:00> GetHands
2022-02-11 16:34:44.298641+00:00> GetHands
2022-02-11 16:34:44.835671+00:00> GetHands
2022-02-11 16:34:45.368350+00:00> GetHands
2022-02-11 16:34:45.898625+00:00> GetHands
2022-02-11 16:34:46.456337+00:00> GetHands
2022-02-11 16:34:47.002262+00:00> GetHands
2022-02-11 16:34:47.547396+00:00> GetHands
2022-02-11 16:34:48.092438+00:00> GetHands
2022-02-11 16:34:48.636190+00:00> GetHands
2022-02-11 16:34:49.196614+00:00> GetHands
2022-02-11 16:34:49.731595+00:00> GetHands
2022-02-11 16:34:50.274671+00:00> GetHands
2022-02-11 16:34:50.821581+00:00> GetHands
2022-02-11 16:34:51.351195+00:00> GetHands
2022-02-11 16:34:51.896241+00:00> GetHands
2022-02-11 16:34:52.438391+00:00> GetHands
2022-02-11 16:34:52.982031+00:00> GetHands
2022-02-11 16:34:53.524280+00:00> GetHands
2022-02-11 16:34:54.070434+00:00> GetHands
2022-02-11 16:34:54.613928+00:00> GetHands
2022-02-11 16:34:55.159210+00:00> GetHands
2022-02-11 16:34:55.702643+00:00> GetHands
2022-02-11 16:34:56.248010+00:00> GetHands
2022-02-11 16:34:56.779687+00:00> GetHands
2022-02-11 16:34:57.321448+00:00> GetHands
2022-02-11 16:34:57.857231+00:00> GetHands
2022-02-11 16:34:58.390699+00:00> GetHands
2022-02-11 16:34:58.924961+00:00> GetHands
2022-02-11 16:34:59.464533+00:00> GetHands
2022-02-11 16:34:59.998349+00:00> GetHands
2022-02-11 16:35:00.532179+00:00> GetHands
2022-02-11 16:35:01.077483+00:00> GetHands
2022-02-11 16:35:01.622674+00:00> GetHands
2022-02-11 16:35:02.157986+00:00> GetHands
2022-02-11 16:35:02.694251+00:00> GetHands
2022-02-11 16:35:03.230065+00:00> GetHands
2022-02-11 16:35:03.776377+00:00> GetHands
2022-02-11 16:35:04.312525+00:00> GetHands
2022-02-11 16:35:04.857592+00:00> GetHands
2022-02-11 16:35:05.401849+00:00> GetHands
2022-02-11 16:35:05.934915+00:00> GetHands
2022-02-11 16:35:06.464511+00:00> GetHands
2022-02-11 16:35:06.999961+00:00> GetHands
2022-02-11 16:35:07.543427+00:00> GetHands
2022-02-11 16:35:08.089397+00:00> GetHands
2022-02-11 16:35:08.635840+00:00> GetHands
2022-02-11 16:35:09.182125+00:00> GetHands
2022-02-11 16:35:09.726856+00:00> GetHands
2022-02-11 16:35:10.288927+00:00> GetHands
2022-02-11 16:35:10.820156+00:00> GetHands
2022-02-11 16:35:11.382167+00:00> GetHands
2022-02-11 16:35:11.927909+00:00> GetHands
2022-02-11 16:35:12.472832+00:00> GetHands
2022-02-11 16:35:13.018866+00:00> GetHands
2022-02-11 16:35:13.029936+00:00> init_mp
2022-02-11 16:35:13.029936+00:00> set mp_hands
2022-02-11 16:35:13.029936+00:00> set hands
2022-02-11 16:35:13.038937+00:00> end set hands
2022-02-11 16:35:13.038937+00:00> set camera
2022-02-11 16:35:13.564834+00:00> GetHands
2022-02-11 16:35:13.753127+00:00> end set camera
2022-02-11 16:35:13.753127+00:00> End init_mp
2022-02-11 16:35:13.753127+00:00> GetHands
2022-02-11 16:35:13.800020+00:00> cap.read() fail
2022-02-11 16:35:14.108743+00:00> GetHands
2022-02-11 16:35:14.312897+00:00> GetHands
2022-02-11 16:35:14.325545+00:00> cap.read() fail
2022-02-11 16:35:14.640252+00:00> GetHands
2022-02-11 16:35:14.826343+00:00> GetHands
2022-02-11 16:35:14.837484+00:00> cap.read() fail
2022-02-11 16:35:15.183240+00:00> GetHands
2022-02-11 16:35:15.339887+00:00> GetHands
2022-02-11 16:35:15.350979+00:00> cap.read() fail
2022-02-11 16:35:15.716972+00:00> GetHands
2022-02-11 16:35:15.857805+00:00> GetHands
2022-02-11 16:35:15.872241+00:00> cap.read() fail
2022-02-11 16:35:16.259880+00:00> GetHands
2022-02-11 16:35:16.383286+00:00> GetHands
2022-02-11 16:35:16.392834+00:00> cap.read() fail
2022-02-11 16:35:16.804014+00:00> GetHands
2022-02-11 16:35:16.899159+00:00> GetHands
2022-02-11 16:35:16.911133+00:00> cap.read() fail
2022-02-11 16:35:17.337854+00:00> GetHands
2022-02-11 16:35:17.415682+00:00> GetHands
2022-02-11 16:35:17.438682+00:00> cap.read() fail
2022-02-11 16:35:17.888734+00:00> GetHands
2022-02-11 16:35:17.949889+00:00> GetHands
2022-02-11 16:35:17.959853+00:00> cap.read() fail
2022-02-11 16:35:18.435990+00:00> GetHands
2022-02-11 16:35:18.468013+00:00> GetHands
2022-02-11 16:35:18.509025+00:00> cap.read() fail
2022-02-11 16:35:18.967624+00:00> GetHands
2022-02-11 16:35:19.014894+00:00> GetHands
2022-02-11 16:35:19.028897+00:00> cap.read() fail
2022-02-11 16:35:19.499637+00:00> GetHands
2022-02-11 16:35:19.531683+00:00> GetHands
2022-02-11 16:35:19.542683+00:00> cap.read() fail
2022-02-11 16:35:20.038227+00:00> GetHands
2022-02-11 16:35:20.054227+00:00> GetHands
2022-02-11 16:35:20.068903+00:00> cap.read() fail
2022-02-11 16:35:20.584210+00:00> GetHands
2022-02-11 16:35:20.597246+00:00> cap.read() fail
2022-02-11 16:35:21.106766+00:00> GetHands
2022-02-11 16:35:21.122736+00:00> GetHands
2022-02-11 16:35:21.127722+00:00> cap.read() fail
2022-02-11 16:35:21.637202+00:00> GetHands
2022-02-11 16:35:21.651465+00:00> cap.read() fail
2022-02-11 16:35:21.652465+00:00> GetHands
2022-02-11 16:35:22.152529+00:00> GetHands
2022-02-11 16:35:22.191239+00:00> cap.read() fail
2022-02-11 16:35:22.214357+00:00> GetHands
2022-02-11 16:35:22.693664+00:00> GetHands
2022-02-11 16:35:22.747842+00:00> cap.read() fail
2022-02-11 16:35:22.756845+00:00> GetHands
2022-02-11 16:35:23.256632+00:00> GetHands
2022-02-11 16:35:23.269630+00:00> cap.read() fail
2022-02-11 16:35:23.287725+00:00> GetHands
2022-02-11 16:35:23.771244+00:00> GetHands
2022-02-11 16:35:23.784647+00:00> cap.read() fail
2022-02-11 16:35:23.833621+00:00> GetHands
2022-02-11 16:35:24.286648+00:00> GetHands
2022-02-11 16:35:24.300863+00:00> cap.read() fail
2022-02-11 16:35:24.380675+00:00> GetHands
2022-02-11 16:35:30.252222+00:00> init_mp
2022-02-11 16:35:30.252222+00:00> set mp_hands
2022-02-11 16:35:30.252222+00:00> set hands
2022-02-11 16:35:30.260224+00:00> end set hands
2022-02-11 16:35:30.260224+00:00> set camera
2022-02-11 16:35:30.961296+00:00> end set camera
2022-02-11 16:35:30.961296+00:00> End init_mp
2022-02-11 16:35:30.961296+00:00> GetHands
2022-02-11 16:35:31.965966+00:00> GetHands
2022-02-11 16:35:32.526414+00:00> GetHands
2022-02-11 16:35:33.073656+00:00> GetHands
2022-02-11 16:35:33.608147+00:00> GetHands
2022-02-11 16:35:34.153374+00:00> GetHands
2022-02-11 16:35:34.713716+00:00> GetHands
2022-02-11 16:35:35.259066+00:00> GetHands
2022-02-11 16:35:35.803277+00:00> GetHands
2022-02-11 16:35:36.336687+00:00> GetHands
2022-02-11 16:35:36.873583+00:00> GetHands
2022-02-11 16:35:37.410799+00:00> GetHands
2022-02-11 16:35:37.948800+00:00> GetHands
2022-02-11 16:35:38.487318+00:00> GetHands
2022-02-11 16:35:39.025312+00:00> GetHands
2022-02-11 16:35:39.559888+00:00> GetHands
2022-02-11 16:35:40.093308+00:00> GetHands
2022-02-11 16:35:40.636291+00:00> GetHands
2022-02-11 16:35:41.169430+00:00> GetHands
2022-02-11 16:35:41.711623+00:00> GetHands
2022-02-11 16:35:42.257863+00:00> GetHands
2022-02-11 16:35:42.789346+00:00> GetHands
2022-02-11 16:35:43.334320+00:00> GetHands
2022-02-11 16:35:43.880120+00:00> GetHands
2022-02-11 16:35:44.411445+00:00> GetHands
2022-02-11 16:35:44.943078+00:00> GetHands
2022-02-11 16:35:45.490532+00:00> GetHands
2022-02-11 16:35:46.021924+00:00> GetHands
2022-02-11 16:35:46.553807+00:00> GetHands
2022-02-11 16:35:47.086530+00:00> GetHands
2022-02-11 16:35:47.620464+00:00> GetHands
2022-02-11 16:35:48.151138+00:00> GetHands
2022-02-11 16:35:48.697184+00:00> GetHands
2022-02-11 16:35:49.260313+00:00> GetHands
2022-02-11 16:35:49.806204+00:00> GetHands
2022-02-11 16:35:50.339786+00:00> GetHands
2022-02-11 16:35:50.872228+00:00> GetHands
2022-02-11 16:35:51.432830+00:00> GetHands
2022-02-11 16:35:51.978827+00:00> GetHands
2022-02-11 16:35:52.509405+00:00> GetHands
2022-02-11 16:35:53.043764+00:00> GetHands
2022-02-11 16:35:53.576247+00:00> GetHands
2022-02-11 16:35:54.119523+00:00> GetHands
2022-02-11 16:35:54.651404+00:00> GetHands
2022-02-11 16:35:55.197101+00:00> GetHands
2022-02-11 16:35:55.730862+00:00> GetHands
2022-02-11 16:35:56.279376+00:00> GetHands
2022-02-11 16:38:43.802799+00:00> init_mp
2022-02-11 16:38:43.802799+00:00> set mp_hands
2022-02-11 16:38:43.802799+00:00> set hands
2022-02-11 16:38:43.811801+00:00> end set hands
2022-02-11 16:38:43.811801+00:00> set camera
2022-02-11 16:38:44.585123+00:00> end set camera
2022-02-11 16:38:44.585123+00:00> End init_mp
2022-02-11 16:38:44.585123+00:00> GetHands
2022-02-11 16:38:45.606621+00:00> GetHands
2022-02-11 16:38:46.152134+00:00> GetHands
2022-02-11 16:38:46.700189+00:00> GetHands
2022-02-11 16:38:47.246189+00:00> GetHands
2022-02-11 16:38:47.779306+00:00> GetHands
2022-02-11 16:38:48.310833+00:00> GetHands
2022-02-11 16:38:48.856900+00:00> GetHands
2022-02-11 16:38:49.385999+00:00> GetHands
2022-02-11 16:38:49.921065+00:00> GetHands
2022-02-11 16:38:50.455071+00:00> GetHands
2022-02-11 16:38:50.989846+00:00> GetHands
2022-02-11 16:38:51.527516+00:00> GetHands
2022-02-11 16:38:52.060525+00:00> GetHands
2022-02-11 16:38:52.605463+00:00> GetHands
2022-02-11 16:38:53.147751+00:00> GetHands
2022-02-11 16:38:53.679283+00:00> GetHands
2022-02-11 16:41:25.103427+00:00> init_mp
2022-02-11 16:41:25.103427+00:00> set mp_hands
2022-02-11 16:41:25.103427+00:00> set hands
2022-02-11 16:41:25.113624+00:00> end set hands
2022-02-11 16:41:25.113624+00:00> set camera
2022-02-11 16:41:25.861080+00:00> end set camera
2022-02-11 16:41:25.861080+00:00> End init_mp
2022-02-11 16:41:25.861080+00:00> GetHands
2022-02-11 16:41:26.905771+00:00> GetHands
2022-02-11 16:41:27.453500+00:00> GetHands
2022-02-11 16:41:27.999613+00:00> GetHands
2022-02-11 16:41:28.544876+00:00> GetHands
2022-02-11 16:41:29.120613+00:00> GetHands
2022-02-11 16:41:29.663781+00:00> GetHands
2022-02-11 16:41:30.225379+00:00> GetHands
2022-02-11 16:41:30.758030+00:00> GetHands
2022-02-11 16:41:31.303640+00:00> GetHands
2022-02-11 16:41:31.849375+00:00> GetHands
2022-02-11 16:41:32.388345+00:00> GetHands
2022-02-11 16:41:32.931544+00:00> GetHands
2022-02-11 16:41:33.492478+00:00> GetHands
2022-02-11 16:41:34.036606+00:00> GetHands
2022-02-11 16:42:56.827609+00:00> ConnectUnity
2022-02-11 16:42:56.828609+00:00> Connected
2022-02-11 16:42:56.829610+00:00> SendPID
2022-02-11 16:42:56.833610+00:00> GetPID
2022-02-11 16:42:56.833866+00:00> init_mp
2022-02-11 16:42:56.833866+00:00> set mp_hands
2022-02-11 16:42:56.833866+00:00> set hands
2022-02-11 16:42:56.844610+00:00> end set hands
2022-02-11 16:42:56.844610+00:00> set camera
2022-02-11 16:42:57.612373+00:00> end set camera
2022-02-11 16:42:57.612373+00:00> End init_mp
2022-02-11 16:42:57.612373+00:00> GetHands
2022-02-11 16:42:58.614890+00:00> GetHands
2022-02-11 16:42:59.165404+00:00> GetHands
2022-02-11 16:42:59.699979+00:00> GetHands
2022-02-11 16:43:00.231681+00:00> GetHands
2022-02-11 16:43:00.801820+00:00> GetHands
2022-02-11 16:43:01.356434+00:00> GetHands
2022-02-11 16:43:01.906827+00:00> GetHands
2022-02-11 16:43:02.442013+00:00> GetHands
2022-02-11 16:43:02.977763+00:00> GetHands
2022-02-11 16:43:03.512763+00:00> GetHands
2022-02-11 16:43:04.047985+00:00> GetHands
2022-02-11 16:43:04.585883+00:00> GetHands
2022-02-11 16:43:05.119456+00:00> GetHands
2022-02-11 16:43:05.652020+00:00> GetHands
2022-02-11 16:43:06.186192+00:00> GetHands
2022-02-11 16:43:06.724192+00:00> GetHands
2022-02-11 16:43:07.259790+00:00> GetHands
2022-02-11 16:43:07.796131+00:00> GetHands
2022-02-11 16:43:08.340667+00:00> GetHands
2022-02-11 16:43:08.872690+00:00> GetHands
2022-02-11 16:43:09.408722+00:00> GetHands
2022-02-11 16:43:09.961260+00:00> GetHands
2022-02-11 16:43:10.496359+00:00> GetHands
2022-02-11 16:43:11.030034+00:00> GetHands
2022-02-11 16:43:11.575163+00:00> GetHands
2022-02-11 16:43:12.124142+00:00> GetHands
2022-02-11 16:43:12.657170+00:00> GetHands
2022-02-11 16:43:13.224190+00:00> GetHands
2022-02-11 16:43:13.758502+00:00> GetHands
2022-02-11 16:43:14.311033+00:00> GetHands
2022-02-11 16:43:14.858553+00:00> GetHands
2022-02-11 16:43:15.410596+00:00> GetHands
2022-02-11 16:43:15.964602+00:00> GetHands
2022-02-11 16:43:16.511532+00:00> GetHands
2022-02-11 16:43:17.044600+00:00> GetHands
2022-02-11 16:43:17.576373+00:00> GetHands
2022-02-11 16:43:18.111871+00:00> GetHands
2022-02-11 16:43:18.646981+00:00> GetHands
2022-02-11 16:43:19.182051+00:00> GetHands
2022-02-11 16:43:19.728971+00:00> GetHands
2022-02-11 16:43:20.261453+00:00> GetHands
2022-02-11 16:43:20.829764+00:00> GetHands
2022-02-11 16:43:21.380922+00:00> GetHands
2022-02-11 16:43:21.931488+00:00> GetHands
2022-02-11 16:43:22.465876+00:00> GetHands
2022-02-11 16:43:23.012732+00:00> GetHands
2022-02-11 16:43:23.545182+00:00> GetHands
2022-02-11 16:43:24.076702+00:00> GetHands
2022-02-11 16:43:24.610745+00:00> GetHands
2022-02-11 16:43:25.147285+00:00> GetHands
2022-02-11 16:43:25.684966+00:00> GetHands
2022-02-11 16:43:26.217159+00:00> GetHands
2022-02-11 16:43:26.752964+00:00> GetHands
2022-02-11 16:43:27.297622+00:00> GetHands
2022-02-11 16:43:27.836071+00:00> GetHands
2022-02-11 16:43:28.369285+00:00> GetHands
2022-02-11 16:43:28.905508+00:00> GetHands
2022-02-11 16:43:29.450038+00:00> GetHands
2022-02-11 16:43:29.983638+00:00> GetHands
2022-02-11 16:43:30.514185+00:00> GetHands
2022-02-11 16:43:31.052260+00:00> GetHands
2022-02-11 16:43:31.600152+00:00> GetHands
2022-02-11 16:43:32.152212+00:00> GetHands
2022-02-11 16:43:32.685921+00:00> GetHands
2022-02-11 16:43:33.219433+00:00> GetHands
2022-02-11 16:43:33.752460+00:00> GetHands
2022-02-11 16:43:34.287623+00:00> GetHands
2022-02-11 16:43:34.825501+00:00> GetHands
2022-02-11 16:43:35.360501+00:00> GetHands
2022-02-11 16:43:35.894701+00:00> GetHands
2022-02-11 16:43:36.432225+00:00> GetHands
2022-02-11 16:43:36.978603+00:00> GetHands
2022-02-11 16:43:37.510697+00:00> GetHands
2022-02-11 16:43:38.055378+00:00> GetHands
2022-02-11 16:43:38.602545+00:00> GetHands
2022-02-11 16:43:39.138144+00:00> GetHands
2022-02-11 16:43:39.700622+00:00> GetHands
2022-02-11 16:43:40.232583+00:00> GetHands
2022-02-11 16:43:40.769266+00:00> GetHands
2022-02-11 16:43:41.304814+00:00> GetHands
2022-02-11 16:43:41.850058+00:00> GetHands
2022-02-11 16:43:42.384498+00:00> GetHands
2022-02-11 16:43:42.916029+00:00> GetHands
2022-02-11 16:43:43.449297+00:00> GetHands
2022-02-11 16:43:43.994817+00:00> GetHands
2022-02-11 16:43:44.527448+00:00> GetHands
2022-02-11 16:43:45.073512+00:00> GetHands
2022-02-11 16:43:45.608088+00:00> GetHands
2022-02-11 16:43:46.140236+00:00> GetHands
2022-02-11 16:43:46.677815+00:00> GetHands
2022-02-11 16:43:47.225448+00:00> GetHands
2022-02-11 16:43:47.762752+00:00> GetHands
2022-02-11 16:43:48.295265+00:00> GetHands
2022-02-11 16:43:48.829265+00:00> GetHands
2022-02-11 16:43:49.371314+00:00> GetHands
2022-02-11 16:43:49.906361+00:00> GetHands
2022-02-11 16:43:50.437208+00:00> GetHands
2022-02-11 16:43:50.967304+00:00> GetHands
2022-02-11 16:43:51.501304+00:00> GetHands
2022-02-11 16:43:52.037331+00:00> GetHands
2022-02-11 16:43:52.594382+00:00> GetHands
2022-02-11 16:43:53.128313+00:00> GetHands
2022-02-11 16:43:53.675244+00:00> GetHands
2022-02-11 16:43:54.212287+00:00> GetHands
2022-02-11 16:43:54.747413+00:00> GetHands
2022-02-11 16:43:55.283728+00:00> GetHands
2022-02-11 16:43:55.820216+00:00> GetHands
2022-02-11 16:43:56.353268+00:00> GetHands
2022-02-11 16:43:56.899034+00:00> GetHands
2022-02-11 16:43:57.444997+00:00> GetHands
2022-02-11 16:43:57.978553+00:00> GetHands
2022-02-11 16:43:58.510034+00:00> GetHands
2022-02-11 16:43:59.045102+00:00> GetHands
2022-02-11 16:43:59.576979+00:00> GetHands
2022-02-11 16:44:00.137804+00:00> GetHands
2022-02-11 16:44:00.696036+00:00> GetHands
2022-02-11 16:44:01.265036+00:00> GetHands
2022-02-11 16:44:01.811033+00:00> GetHands
2022-02-11 16:44:02.345081+00:00> GetHands
2022-02-11 16:44:02.876036+00:00> GetHands
2022-02-11 16:44:03.419763+00:00> GetHands
2022-02-11 16:44:03.952810+00:00> GetHands
2022-02-11 16:44:04.498422+00:00> GetHands
2022-02-11 16:44:05.029495+00:00> GetHands
2022-02-11 16:44:05.560557+00:00> GetHands
2022-02-11 16:44:06.115485+00:00> GetHands
2022-02-11 16:44:06.652060+00:00> GetHands
2022-02-11 16:44:07.188782+00:00> GetHands
2022-02-11 16:44:07.721122+00:00> GetHands
2022-02-11 16:44:08.264403+00:00> GetHands
2022-02-11 16:44:08.825532+00:00> GetHands
2022-02-11 16:44:09.382942+00:00> GetHands
2022-02-11 16:44:09.926652+00:00> GetHands
2022-02-11 16:44:10.490178+00:00> GetHands
2022-02-11 16:44:11.033935+00:00> GetHands
2022-02-11 16:44:11.576946+00:00> GetHands
2022-02-11 16:44:12.122026+00:00> GetHands
2022-02-11 16:44:12.668596+00:00> GetHands
2022-02-11 16:44:13.213958+00:00> GetHands
2022-02-11 16:44:13.755628+00:00> GetHands
2022-02-11 16:44:14.287586+00:00> GetHands
2022-02-11 16:44:14.830037+00:00> GetHands
2022-02-11 16:44:15.370513+00:00> GetHands
2022-02-11 16:44:15.901863+00:00> GetHands
2022-02-11 16:44:16.447676+00:00> GetHands
2022-02-11 16:44:16.990300+00:00> GetHands
2022-02-11 16:44:17.526524+00:00> GetHands
2022-02-11 16:44:18.069801+00:00> GetHands
2022-02-11 16:44:18.612232+00:00> GetHands
2022-02-11 16:44:19.155689+00:00> GetHands
2022-02-11 16:44:19.701170+00:00> GetHands
2022-02-11 16:44:20.247638+00:00> GetHands
2022-02-11 16:44:20.791704+00:00> GetHands
2022-02-11 16:44:21.336022+00:00> GetHands
2022-02-11 16:44:21.880639+00:00> GetHands
2022-02-11 16:44:22.426814+00:00> GetHands
2022-02-11 16:44:22.971040+00:00> GetHands
2022-02-11 16:44:23.516583+00:00> GetHands
2022-02-11 16:44:24.045080+00:00> GetHands
2022-02-11 16:44:24.588096+00:00> GetHands
2022-02-11 16:44:25.133953+00:00> GetHands
2022-02-11 16:44:25.668816+00:00> GetHands
2022-02-11 16:44:26.211629+00:00> GetHands
2022-02-11 16:44:26.773456+00:00> GetHands
2022-02-11 16:44:27.317862+00:00> GetHands
2022-02-11 16:44:27.861657+00:00> GetHands
2022-02-11 16:44:28.393796+00:00> GetHands
2022-02-11 16:44:28.935632+00:00> GetHands
2022-02-11 16:44:29.476490+00:00> GetHands
2022-02-11 16:44:30.007084+00:00> GetHands
2022-02-11 16:44:30.550661+00:00> GetHands
2022-02-11 16:44:31.093215+00:00> GetHands
2022-02-11 16:44:31.637558+00:00> GetHands
2022-02-11 16:44:32.184207+00:00> GetHands
2022-02-11 16:44:32.726508+00:00> GetHands
2022-02-11 16:44:33.274081+00:00> GetHands
2022-02-11 16:44:33.818862+00:00> GetHands
2022-02-11 16:44:34.362108+00:00> GetHands
2022-02-11 16:44:34.904708+00:00> GetHands
2022-02-11 16:44:35.450725+00:00> GetHands
2022-02-11 16:44:36.008623+00:00> GetHands
2022-02-11 16:44:36.542918+00:00> GetHands
2022-02-11 16:44:37.087645+00:00> GetHands
2022-02-11 16:44:37.632634+00:00> GetHands
2022-02-11 16:44:38.174170+00:00> GetHands
2022-02-11 16:44:38.708572+00:00> GetHands
2022-02-11 16:44:39.253162+00:00> GetHands
2022-02-11 16:44:39.802283+00:00> GetHands
2022-02-11 16:44:40.347142+00:00> GetHands
2022-02-11 16:44:40.889978+00:00> GetHands
2022-02-11 16:44:41.433254+00:00> GetHands
2022-02-11 16:44:41.978476+00:00> GetHands
2022-02-11 16:44:42.524445+00:00> GetHands
2022-02-11 16:44:43.069911+00:00> GetHands
2022-02-11 16:44:43.615249+00:00> GetHands
2022-02-11 16:44:44.158182+00:00> GetHands
2022-02-11 16:44:44.703102+00:00> GetHands
2022-02-11 16:44:45.247373+00:00> GetHands
2022-02-11 16:44:45.788623+00:00> GetHands
2022-02-11 16:44:46.333911+00:00> GetHands
2022-02-11 16:44:46.875800+00:00> GetHands
2022-02-11 16:44:47.405297+00:00> GetHands
2022-02-11 16:44:47.951509+00:00> GetHands
2022-02-11 16:44:48.482064+00:00> GetHands
2022-02-11 16:44:49.023957+00:00> GetHands
2022-02-11 16:44:49.559161+00:00> GetHands
2022-02-11 16:44:50.090820+00:00> GetHands
2022-02-11 16:44:50.624426+00:00> GetHands
2022-02-11 16:44:51.170959+00:00> GetHands
2022-02-11 16:44:51.706492+00:00> GetHands
2022-02-11 16:44:52.242011+00:00> GetHands
2022-02-11 16:44:52.778272+00:00> GetHands
2022-02-11 16:44:53.310002+00:00> GetHands
2022-02-11 16:44:53.855020+00:00> GetHands
2022-02-11 16:44:54.390019+00:00> GetHands
2022-02-11 16:44:54.926204+00:00> GetHands
2022-02-11 16:44:55.462249+00:00> GetHands
2022-02-11 17:01:43.048624+00:00> ConnectUnity
2022-02-11 17:01:43.049396+00:00> Connected
2022-02-11 17:01:43.049396+00:00> SendPID
2022-02-11 17:01:43.053395+00:00> GetPID
2022-02-11 17:01:43.053395+00:00> init_mp
2022-02-11 17:01:43.054396+00:00> set mp_hands
2022-02-11 17:01:43.054396+00:00> set hands
2022-02-11 17:01:43.062395+00:00> end set hands
2022-02-11 17:01:43.062395+00:00> set camera
2022-02-11 17:01:43.868157+00:00> end set camera
2022-02-11 17:01:43.868157+00:00> End init_mp
2022-02-11 17:01:43.868157+00:00> GetHands
2022-02-11 17:01:44.967081+00:00> GetHands
2022-02-11 17:01:45.512077+00:00> GetHands
2022-02-11 17:01:46.053132+00:00> GetHands
2022-02-11 17:01:46.590881+00:00> GetHands
2022-02-11 17:01:47.125003+00:00> GetHands
2022-02-11 17:01:47.657288+00:00> GetHands
2022-02-11 17:01:48.191513+00:00> GetHands
2022-02-11 17:01:48.755040+00:00> GetHands
2022-02-11 17:01:49.302579+00:00> GetHands
2022-02-11 17:01:49.852991+00:00> GetHands
2022-02-11 17:01:50.406745+00:00> GetHands
2022-02-11 17:01:50.959161+00:00> GetHands
2022-02-11 17:01:51.508924+00:00> GetHands
2022-02-11 17:01:52.064973+00:00> GetHands
2022-02-11 17:01:52.613903+00:00> GetHands
2022-02-11 17:01:53.164596+00:00> GetHands
2022-02-11 17:01:53.713322+00:00> GetHands
2022-02-11 17:01:54.261737+00:00> GetHands
2022-02-11 17:01:54.822377+00:00> GetHands
2022-02-11 17:01:55.384193+00:00> GetHands
2022-02-11 17:01:55.919065+00:00> GetHands
2022-02-11 17:01:56.452177+00:00> GetHands
2022-02-11 17:01:56.987121+00:00> GetHands
2022-02-11 17:01:57.520839+00:00> GetHands
2022-02-11 17:01:58.055093+00:00> GetHands
2022-02-11 17:01:58.601892+00:00> GetHands
2022-02-11 17:01:59.162082+00:00> GetHands
2022-02-11 17:01:59.695298+00:00> GetHands
2022-02-11 17:02:00.240795+00:00> GetHands
2022-02-11 17:02:00.774004+00:00> GetHands
2022-02-11 17:02:01.310247+00:00> GetHands
2022-02-11 17:02:01.849011+00:00> GetHands
2022-02-11 17:02:02.388718+00:00> GetHands
2022-02-11 17:02:02.924892+00:00> GetHands
2022-02-11 17:02:03.459841+00:00> GetHands
2022-02-11 17:02:04.010894+00:00> GetHands
2022-02-11 17:02:04.546954+00:00> GetHands
2022-02-11 17:02:05.078550+00:00> GetHands
2022-02-11 17:02:05.610010+00:00> GetHands
2022-02-11 17:02:06.146837+00:00> GetHands
2022-02-11 17:02:06.684790+00:00> GetHands
2022-02-11 17:02:07.231588+00:00> GetHands
2022-02-11 17:02:07.762450+00:00> GetHands
2022-02-11 17:02:08.294048+00:00> GetHands
2022-02-11 17:02:08.828475+00:00> GetHands
2022-02-11 17:02:09.366668+00:00> GetHands
2022-02-11 17:02:09.901787+00:00> GetHands
2022-02-11 17:02:10.438305+00:00> GetHands
2022-02-11 17:02:10.973876+00:00> GetHands
2022-02-11 17:02:11.507259+00:00> GetHands
2022-02-11 17:02:12.045654+00:00> GetHands
2022-02-11 17:02:12.591654+00:00> GetHands
2022-02-11 17:02:13.131358+00:00> GetHands
2022-02-11 17:02:13.668102+00:00> GetHands
2022-02-11 17:02:14.203493+00:00> GetHands
2022-02-11 17:02:14.749345+00:00> GetHands
2022-02-11 17:02:15.282933+00:00> GetHands
2022-02-11 17:02:15.819020+00:00> GetHands
2022-02-11 17:02:16.353826+00:00> GetHands
2022-02-11 17:02:16.888150+00:00> GetHands
2022-02-11 17:02:17.421719+00:00> GetHands
2022-02-11 17:02:17.961754+00:00> GetHands
2022-02-11 17:02:18.493149+00:00> GetHands
2022-02-11 17:02:19.043964+00:00> GetHands
2022-02-11 17:02:19.579883+00:00> GetHands
2022-02-11 17:02:20.116299+00:00> GetHands
2022-02-11 17:02:20.653250+00:00> GetHands
2022-02-11 17:02:21.187474+00:00> GetHands
2022-02-11 17:02:21.732461+00:00> GetHands
2022-02-11 17:02:22.263736+00:00> GetHands
2022-02-11 17:02:22.800752+00:00> GetHands
2022-02-11 17:02:23.338412+00:00> GetHands
2022-02-11 17:02:23.875454+00:00> GetHands
2022-02-11 17:02:24.407375+00:00> GetHands
2022-02-11 17:02:24.943651+00:00> GetHands
2022-02-11 17:02:25.477189+00:00> GetHands
2022-02-11 17:02:26.013127+00:00> GetHands
2022-02-11 17:02:26.545510+00:00> GetHands
2022-02-11 17:02:27.078642+00:00> GetHands
2022-02-11 17:02:27.616054+00:00> GetHands
2022-02-11 17:02:28.154392+00:00> GetHands
2022-02-11 17:02:28.688453+00:00> GetHands
2022-02-11 17:02:29.250309+00:00> GetHands
2022-02-11 17:02:29.783618+00:00> GetHands
2022-02-11 17:02:30.320652+00:00> GetHands
2022-02-11 17:02:30.857294+00:00> GetHands
2022-02-11 17:02:31.390969+00:00> GetHands
2022-02-11 17:02:31.924293+00:00> GetHands
2022-02-11 17:02:32.458333+00:00> GetHands
2022-02-11 17:02:32.994518+00:00> GetHands
2022-02-11 17:02:33.529238+00:00> GetHands
2022-02-11 17:02:34.076738+00:00> GetHands
2022-02-11 17:02:34.611347+00:00> GetHands
2022-02-11 17:02:35.147948+00:00> GetHands
2022-02-11 17:02:35.683415+00:00> GetHands
2022-02-11 17:02:36.218782+00:00> GetHands
2022-02-11 17:02:36.752919+00:00> GetHands
2022-02-11 17:02:37.291374+00:00> GetHands
2022-02-11 17:02:37.825464+00:00> GetHands
2022-02-11 17:02:38.359508+00:00> GetHands
2022-02-11 17:02:38.894525+00:00> GetHands
2022-02-11 17:02:39.433197+00:00> GetHands
2022-02-11 17:02:39.969247+00:00> GetHands
2022-02-11 17:02:40.504190+00:00> GetHands
2022-02-11 17:02:41.050488+00:00> GetHands
2022-02-11 17:02:41.582480+00:00> GetHands
2022-02-11 17:02:42.116205+00:00> GetHands
2022-02-11 17:02:42.647602+00:00> GetHands
2022-02-11 17:02:43.182888+00:00> GetHands
2022-02-11 17:02:43.722117+00:00> GetHands
2022-02-11 17:02:44.268471+00:00> GetHands
2022-02-11 17:02:44.803294+00:00> GetHands
2022-02-11 17:02:45.337274+00:00> GetHands
2022-02-11 17:02:45.870408+00:00> GetHands
2022-02-11 17:02:46.405153+00:00> GetHands
2022-02-11 17:02:46.939511+00:00> GetHands
2022-02-11 17:02:47.473642+00:00> GetHands
2022-02-11 17:02:48.011108+00:00> GetHands
2022-02-11 17:02:48.546002+00:00> GetHands
2022-02-11 17:02:49.091838+00:00> GetHands
2022-02-11 17:02:49.638146+00:00> GetHands
2022-02-11 17:02:50.176162+00:00> GetHands
2022-02-11 17:02:50.713147+00:00> GetHands
2022-02-11 17:02:51.247572+00:00> GetHands
2022-02-11 17:02:51.784033+00:00> GetHands
2022-02-11 17:02:52.321881+00:00> GetHands
2022-02-11 17:02:52.853256+00:00> GetHands
2022-02-11 17:02:53.387459+00:00> GetHands
2022-02-11 17:02:53.921010+00:00> GetHands
2022-02-11 17:02:54.454873+00:00> GetHands
2022-02-11 17:02:54.994088+00:00> GetHands
2022-02-11 17:02:55.529494+00:00> GetHands
2022-02-11 17:02:56.061341+00:00> GetHands
2022-02-11 17:02:56.639187+00:00> GetHands
2022-02-11 17:02:57.173362+00:00> GetHands
2022-02-11 17:02:57.708790+00:00> GetHands
2022-02-11 17:02:58.245457+00:00> GetHands
2022-02-11 17:02:58.781855+00:00> GetHands
2022-02-11 17:02:59.316818+00:00> GetHands
2022-02-11 17:02:59.856016+00:00> GetHands
2022-02-11 17:03:00.390977+00:00> GetHands
2022-02-11 17:03:00.925751+00:00> GetHands
2022-02-11 17:03:01.463887+00:00> GetHands
2022-02-11 17:03:01.999272+00:00> GetHands
2022-02-11 17:03:02.537889+00:00> GetHands
2022-02-11 17:03:03.075749+00:00> GetHands
2022-02-11 17:03:03.613260+00:00> GetHands
2022-02-11 17:03:04.152828+00:00> GetHands
2022-02-11 17:03:04.686796+00:00> GetHands
2022-02-11 17:03:05.233492+00:00> GetHands
2022-02-11 17:52:41.658061+00:00> ConnectUnity
2022-02-11 17:52:41.659062+00:00> Connected
2022-02-11 17:52:41.660062+00:00> SendPID
2022-02-11 17:52:41.664078+00:00> GetPID
2022-02-11 17:52:41.664078+00:00> init_mp
2022-02-11 17:52:41.664078+00:00> set mp_hands
2022-02-11 17:52:41.664078+00:00> set hands
2022-02-11 17:52:41.674061+00:00> end set hands
2022-02-11 17:52:41.675062+00:00> set camera
2022-02-11 17:52:42.726673+00:00> end set camera
2022-02-11 17:52:42.727674+00:00> End init_mp
2022-02-11 17:52:42.727674+00:00> GetHands
2022-02-11 17:52:43.740590+00:00> GetHands
2022-02-11 17:52:44.290546+00:00> GetHands
2022-02-11 17:52:44.822689+00:00> GetHands
2022-02-11 17:52:45.357327+00:00> GetHands
2022-02-11 17:52:45.898526+00:00> GetHands
2022-02-11 17:52:46.433742+00:00> GetHands
2022-02-11 17:52:46.971803+00:00> GetHands
2022-02-11 17:52:47.505567+00:00> GetHands
2022-02-11 17:52:48.039636+00:00> GetHands
2022-02-11 17:52:48.576707+00:00> GetHands
2022-02-11 17:52:49.108347+00:00> GetHands
2022-02-11 17:52:49.641636+00:00> GetHands
2022-02-11 17:52:50.174629+00:00> GetHands
2022-02-11 17:52:50.716676+00:00> GetHands
2022-02-11 17:52:51.260353+00:00> GetHands
2022-02-11 17:52:51.794287+00:00> GetHands
2022-02-11 17:52:52.337806+00:00> GetHands
2022-02-11 17:52:52.873343+00:00> GetHands
2022-02-11 17:52:53.403736+00:00> GetHands
2022-02-11 17:52:53.932601+00:00> GetHands
2022-02-11 17:52:54.464934+00:00> GetHands
2022-02-11 17:52:55.008515+00:00> GetHands
2022-02-11 17:52:55.551091+00:00> GetHands
2022-02-11 17:52:56.083469+00:00> GetHands
2022-02-11 17:52:56.628254+00:00> GetHands
2022-02-11 17:52:57.170760+00:00> GetHands
2022-02-11 17:52:57.716440+00:00> GetHands
2022-02-11 17:53:01.159455+00:00> ConnectUnity
2022-02-11 17:53:01.160455+00:00> Connected
2022-02-11 17:53:01.160455+00:00> SendPID
2022-02-11 17:53:01.165455+00:00> GetPID
2022-02-11 17:53:01.165455+00:00> init_mp
2022-02-11 17:53:01.165455+00:00> set mp_hands
2022-02-11 17:53:01.165455+00:00> set hands
2022-02-11 17:53:01.173456+00:00> end set hands
2022-02-11 17:53:01.173456+00:00> set camera
2022-02-11 17:53:01.923227+00:00> end set camera
2022-02-11 17:53:01.923227+00:00> End init_mp
2022-02-11 17:53:01.923227+00:00> GetHands
2022-02-11 17:53:02.891038+00:00> GetHands
2022-02-11 17:53:03.423125+00:00> GetHands
2022-02-11 17:53:03.969231+00:00> GetHands
2022-02-11 17:53:04.514987+00:00> GetHands
2022-02-11 17:53:05.061766+00:00> GetHands
2022-02-11 17:53:05.606829+00:00> GetHands
2022-02-11 17:53:06.856527+00:00> GetHands
2022-02-11 17:53:07.400723+00:00> GetHands
2022-02-11 17:53:07.964752+00:00> GetHands
2022-02-11 17:53:08.513902+00:00> GetHands
2022-02-11 17:53:09.075009+00:00> GetHands
2022-02-11 17:53:09.622468+00:00> GetHands
2022-02-11 17:53:10.171010+00:00> GetHands
2022-02-11 17:53:10.718195+00:00> GetHands
2022-02-11 17:53:11.266379+00:00> GetHands
2022-02-11 17:53:11.814970+00:00> GetHands
2022-02-11 17:53:12.368978+00:00> GetHands
2022-02-11 17:53:12.918223+00:00> GetHands
2022-02-11 17:53:13.465874+00:00> GetHands
2022-02-11 17:53:14.017511+00:00> GetHands
2022-02-11 17:53:14.562801+00:00> GetHands
2022-02-11 17:53:15.096342+00:00> GetHands
2022-02-11 17:53:15.638035+00:00> GetHands
2022-02-11 17:53:16.172226+00:00> GetHands
2022-02-11 17:53:16.716838+00:00> GetHands
2022-02-11 17:53:17.263504+00:00> GetHands
2022-02-11 17:53:17.811114+00:00> GetHands
2022-02-11 17:53:18.343817+00:00> GetHands
2022-02-11 17:53:18.875897+00:00> GetHands
2022-02-11 17:53:19.421033+00:00> GetHands
2022-02-11 17:53:19.955760+00:00> GetHands
2022-02-11 17:53:20.488992+00:00> GetHands
2022-02-11 17:53:21.024171+00:00> GetHands
2022-02-11 17:53:21.556927+00:00> GetHands
2022-02-11 17:53:22.091060+00:00> GetHands
2022-02-11 17:53:22.637684+00:00> GetHands
2022-02-11 17:53:23.171350+00:00> GetHands
2022-02-11 17:53:23.706526+00:00> GetHands
2022-02-11 17:53:24.244632+00:00> GetHands
2022-02-11 17:53:24.781378+00:00> GetHands
2022-02-11 17:53:25.318033+00:00> GetHands
2022-02-11 17:53:25.918726+00:00> GetHands
2022-02-11 17:53:26.456052+00:00> GetHands
2022-02-11 17:53:27.008536+00:00> GetHands
2022-02-11 17:53:27.553827+00:00> GetHands
2022-02-11 17:53:28.091914+00:00> GetHands
2022-02-11 17:53:28.642320+00:00> GetHands
2022-02-11 17:53:29.188211+00:00> GetHands
2022-02-11 17:53:29.735796+00:00> GetHands
2022-02-11 17:53:30.282352+00:00> GetHands
2022-02-11 17:53:30.841890+00:00> GetHands
2022-02-11 17:53:31.402912+00:00> GetHands
2022-02-11 17:53:31.939932+00:00> GetHands
2022-02-11 17:53:32.475056+00:00> GetHands
2022-02-11 17:53:33.010077+00:00> GetHands
2022-02-11 17:53:33.545614+00:00> GetHands
2022-02-11 17:53:34.076614+00:00> GetHands
2022-02-11 17:53:34.610601+00:00> GetHands
2022-02-11 17:53:35.159139+00:00> GetHands
2022-02-11 17:53:35.704872+00:00> GetHands
2022-02-11 17:53:36.244544+00:00> GetHands
2022-02-11 17:53:36.778906+00:00> GetHands
2022-02-11 17:53:37.312069+00:00> GetHands
2022-02-11 17:53:37.846969+00:00> GetHands
2022-02-11 17:53:38.378987+00:00> GetHands
2022-02-11 17:53:38.927500+00:00> GetHands
2022-02-11 17:53:39.465941+00:00> GetHands
2022-02-11 17:53:40.005492+00:00> GetHands
2022-02-11 17:53:40.541754+00:00> GetHands
2022-02-11 17:53:41.077562+00:00> GetHands
2022-02-11 17:53:41.622698+00:00> GetHands
2022-02-11 17:53:42.184746+00:00> GetHands
2022-02-11 17:53:42.718543+00:00> GetHands
2022-02-11 17:53:43.252490+00:00> GetHands
2022-02-11 17:53:43.787662+00:00> GetHands
2022-02-11 17:53:44.340784+00:00> GetHands
2022-02-11 17:53:44.872836+00:00> GetHands
2022-02-11 17:53:45.418686+00:00> GetHands
2022-02-11 17:53:45.954646+00:00> GetHands
2022-02-11 17:53:46.500398+00:00> GetHands
2022-02-11 17:53:47.047438+00:00> GetHands
2022-02-11 17:53:47.590520+00:00> GetHands
2022-02-11 17:53:48.136523+00:00> GetHands
2022-02-11 17:53:48.672523+00:00> GetHands
2022-02-11 17:53:49.203830+00:00> GetHands
2022-02-11 17:53:49.749427+00:00> GetHands
2022-02-11 17:53:50.285872+00:00> GetHands
2022-02-11 17:53:50.821781+00:00> GetHands
2022-02-11 17:53:51.352755+00:00> GetHands
2022-02-11 17:53:51.889610+00:00> GetHands
2022-02-11 17:53:52.434639+00:00> GetHands
2022-02-11 17:53:52.968666+00:00> GetHands
2022-02-11 17:53:53.500723+00:00> GetHands
2022-02-11 17:53:54.036726+00:00> GetHands
2022-02-11 17:53:54.569772+00:00> GetHands
2022-02-11 17:53:55.105307+00:00> GetHands
2022-02-11 17:53:55.650582+00:00> GetHands
2022-02-11 17:53:56.188630+00:00> GetHands
2022-02-11 17:53:56.718653+00:00> GetHands
2022-02-11 17:53:57.266236+00:00> GetHands
2022-02-11 17:53:57.812290+00:00> GetHands
2022-02-11 17:53:58.343687+00:00> GetHands
2022-02-11 17:53:58.877461+00:00> GetHands
2022-02-11 17:53:59.422509+00:00> GetHands
2022-02-11 17:53:59.963528+00:00> GetHands
2022-02-11 17:54:00.497569+00:00> GetHands
2022-02-11 17:54:01.033610+00:00> GetHands
2022-02-11 17:54:01.567538+00:00> GetHands
2022-02-11 17:54:02.112215+00:00> GetHands
2022-02-11 17:54:02.646106+00:00> GetHands
2022-02-11 17:54:03.183115+00:00> GetHands
2022-02-11 17:54:03.728296+00:00> GetHands
2022-02-11 17:54:04.266193+00:00> GetHands
2022-02-11 17:54:04.801193+00:00> GetHands
2022-02-11 17:54:05.339193+00:00> GetHands
2022-02-11 17:54:05.876046+00:00> GetHands
2022-02-11 17:54:06.421503+00:00> GetHands
2022-02-11 17:54:06.969051+00:00> GetHands
2022-02-11 17:54:07.501390+00:00> GetHands
2022-02-11 17:54:08.034275+00:00> GetHands
2022-02-11 17:54:08.570930+00:00> GetHands
2022-02-11 17:54:09.103025+00:00> GetHands
2022-02-11 17:54:09.639023+00:00> GetHands
2022-02-11 17:54:10.174113+00:00> GetHands
2022-02-11 17:54:10.710218+00:00> GetHands
2022-02-11 17:54:11.247263+00:00> GetHands
2022-02-11 17:54:11.792271+00:00> GetHands
2022-02-11 17:54:12.338414+00:00> GetHands
2022-02-11 17:54:12.870924+00:00> GetHands
2022-02-11 17:54:13.404925+00:00> GetHands
2022-02-11 17:54:13.938951+00:00> GetHands
2022-02-11 17:54:14.475320+00:00> GetHands
2022-02-11 17:54:15.009985+00:00> GetHands
2022-02-11 17:54:15.548037+00:00> GetHands
2022-02-11 17:54:16.085895+00:00> GetHands
2022-02-11 17:54:16.620895+00:00> GetHands
2022-02-11 17:54:17.156036+00:00> GetHands
2022-02-11 17:54:17.691096+00:00> GetHands
2022-02-11 17:54:18.226635+00:00> GetHands
2022-02-11 17:54:18.765037+00:00> GetHands
2022-02-11 17:54:19.311907+00:00> GetHands
2022-02-11 17:54:19.844922+00:00> GetHands
2022-02-11 17:54:20.376939+00:00> GetHands
2022-02-11 17:54:20.922092+00:00> GetHands
2022-02-11 17:54:21.468102+00:00> GetHands
2022-02-11 17:54:21.999941+00:00> GetHands
2022-02-11 17:54:22.532841+00:00> GetHands
2022-02-11 17:54:23.092261+00:00> GetHands
2022-02-11 17:54:23.637212+00:00> GetHands
2022-02-11 17:54:24.199953+00:00> GetHands
2022-02-11 17:54:24.746954+00:00> GetHands
2022-02-11 17:54:25.278531+00:00> GetHands
2022-02-11 17:54:25.826092+00:00> GetHands
2022-02-11 17:54:26.359117+00:00> GetHands
2022-02-11 17:54:26.894198+00:00> GetHands
2022-02-11 17:54:27.436789+00:00> GetHands
2022-02-11 17:54:27.971429+00:00> GetHands
2022-02-11 17:54:28.507069+00:00> GetHands
2022-02-11 17:54:29.044247+00:00> GetHands
2022-02-11 17:54:29.578400+00:00> GetHands
2022-02-11 17:54:30.113122+00:00> GetHands
2022-02-11 17:54:30.648639+00:00> GetHands
2022-02-11 17:54:31.184957+00:00> GetHands
2022-02-11 17:54:31.720010+00:00> GetHands
2022-02-11 17:54:32.257024+00:00> GetHands
2022-02-11 17:54:32.795754+00:00> GetHands
2022-02-11 17:54:33.329617+00:00> GetHands
2022-02-11 17:54:33.865126+00:00> GetHands
2022-02-11 17:54:34.400818+00:00> GetHands
2022-02-11 17:54:34.935878+00:00> GetHands
2022-02-11 17:54:35.472026+00:00> GetHands
2022-02-11 17:54:36.016863+00:00> GetHands
2022-02-11 17:54:36.545929+00:00> GetHands
2022-02-11 17:54:37.074528+00:00> GetHands
2022-02-11 17:54:37.607971+00:00> GetHands
2022-02-11 17:54:38.139973+00:00> GetHands
2022-02-11 17:54:38.681960+00:00> GetHands
2022-02-11 17:54:39.215814+00:00> GetHands
2022-02-11 17:54:39.750727+00:00> GetHands
2022-02-11 17:54:40.293690+00:00> GetHands
2022-02-11 17:54:40.826254+00:00> GetHands
2022-02-11 17:54:41.372439+00:00> GetHands
2022-02-11 17:54:41.904271+00:00> GetHands
2022-02-11 17:54:42.449584+00:00> GetHands
2022-02-11 17:54:42.992266+00:00> GetHands
2022-02-11 17:54:43.537461+00:00> GetHands
2022-02-11 17:54:44.069801+00:00> GetHands
2022-02-11 17:54:44.614817+00:00> GetHands
2022-02-11 17:54:45.160918+00:00> GetHands
2022-02-11 17:54:45.706495+00:00> GetHands
2022-02-11 17:54:46.250500+00:00> GetHands
2022-02-11 17:54:46.793983+00:00> GetHands
2022-02-11 17:54:47.340586+00:00> GetHands
2022-02-11 17:54:47.871445+00:00> GetHands
2022-02-11 17:54:48.401543+00:00> GetHands
2022-02-11 17:54:48.934105+00:00> GetHands
2022-02-11 17:54:49.480414+00:00> GetHands
2022-02-11 17:54:50.026109+00:00> GetHands
2022-02-11 17:54:50.571279+00:00> GetHands
2022-02-11 17:54:51.115853+00:00> GetHands
2022-02-11 17:54:51.658336+00:00> GetHands
2022-02-11 17:54:52.199733+00:00> GetHands
2022-02-11 17:54:52.744040+00:00> GetHands
2022-02-11 17:54:53.287979+00:00> GetHands
2022-02-11 17:54:53.831457+00:00> GetHands
2022-02-11 17:54:54.363134+00:00> GetHands
2022-02-11 17:54:54.905990+00:00> GetHands
2022-02-11 17:54:55.450151+00:00> GetHands
2022-02-11 17:54:55.996523+00:00> GetHands
2022-02-11 17:54:56.541367+00:00> GetHands
2022-02-11 17:54:57.086831+00:00> GetHands
2022-02-11 17:54:57.631831+00:00> GetHands
2022-02-11 17:54:58.178051+00:00> GetHands
2022-02-11 17:54:58.709483+00:00> GetHands
2022-02-11 17:54:59.251140+00:00> GetHands
2022-02-11 17:54:59.797274+00:00> GetHands
2022-02-11 17:55:00.341920+00:00> GetHands
2022-02-11 17:55:00.873818+00:00> GetHands
2022-02-11 17:55:01.417183+00:00> GetHands
2022-02-11 17:55:01.947009+00:00> GetHands
2022-02-11 17:55:02.492746+00:00> GetHands
2022-02-11 17:55:03.038605+00:00> GetHands
2022-02-11 17:55:03.585475+00:00> GetHands
2022-02-11 17:55:04.130374+00:00> GetHands
2022-02-11 17:55:04.674280+00:00> GetHands
2022-02-11 17:55:05.218132+00:00> GetHands
2022-02-11 17:55:05.763224+00:00> GetHands
2022-02-11 17:55:06.295576+00:00> GetHands
2022-02-11 17:55:06.839729+00:00> GetHands
2022-02-11 17:55:07.384346+00:00> GetHands
2022-02-11 17:55:07.928970+00:00> GetHands
2022-02-11 17:55:08.461200+00:00> GetHands
2022-02-11 17:55:09.003541+00:00> GetHands
2022-02-11 17:55:09.550283+00:00> GetHands
2022-02-11 17:55:10.097285+00:00> GetHands
2022-02-11 17:55:10.643711+00:00> GetHands
2022-02-11 17:55:11.177157+00:00> GetHands
2022-02-11 17:55:11.736654+00:00> GetHands
2022-02-11 17:55:12.282488+00:00> GetHands
2022-02-11 17:55:12.823968+00:00> GetHands
2022-02-11 17:55:13.367737+00:00> GetHands
2022-02-11 17:55:13.913414+00:00> GetHands
2022-02-11 17:55:14.450617+00:00> GetHands
2022-02-11 17:55:14.982405+00:00> GetHands
2022-02-11 17:55:15.527289+00:00> GetHands
2022-02-11 17:55:16.068447+00:00> GetHands
2022-02-11 17:55:16.602108+00:00> GetHands
2022-02-11 17:55:17.130997+00:00> GetHands
2022-02-11 17:55:17.665573+00:00> GetHands
2022-02-11 17:55:18.210056+00:00> GetHands
2022-02-11 17:55:18.755486+00:00> GetHands
2022-02-11 17:55:19.301308+00:00> GetHands
2022-02-11 17:55:19.844976+00:00> GetHands
2022-02-11 17:55:20.377897+00:00> GetHands
2022-02-11 17:55:20.909955+00:00> GetHands
2022-02-11 17:55:21.453545+00:00> GetHands
2022-02-11 17:55:21.999304+00:00> GetHands
2022-02-11 17:55:22.542332+00:00> GetHands
2022-02-11 17:55:23.086537+00:00> GetHands
2022-02-11 17:55:23.619523+00:00> GetHands
2022-02-11 17:55:24.150739+00:00> GetHands
2022-02-11 18:04:48.193234+00:00> ConnectUnity
2022-02-11 18:04:48.194235+00:00> Connected
2022-02-11 18:04:48.195235+00:00> SendPID
2022-02-11 18:04:48.199548+00:00> GetPID
2022-02-11 18:04:48.199548+00:00> init_mp
2022-02-11 18:04:48.199548+00:00> set mp_hands
2022-02-11 18:04:48.199548+00:00> set hands
2022-02-11 18:04:48.208237+00:00> end set hands
2022-02-11 18:04:48.208237+00:00> set camera
2022-02-11 18:04:49.038286+00:00> end set camera
2022-02-11 18:04:49.038286+00:00> End init_mp
2022-02-11 18:04:49.038286+00:00> GetHands
2022-02-11 18:04:50.093831+00:00> GetHands
2022-02-11 18:04:50.623519+00:00> GetHands
2022-02-11 18:04:51.185118+00:00> GetHands
2022-02-11 18:04:51.735374+00:00> GetHands
2022-02-11 18:04:52.269515+00:00> GetHands
2022-02-11 18:04:52.805538+00:00> GetHands
2022-02-11 18:04:53.350445+00:00> GetHands
2022-02-11 18:04:53.884492+00:00> GetHands
